Component: ARM Compiler 5.06 update 6 (build 750) Tool: armlink [4d35ed]

==============================================================================

Section Cross References

    main.o(i.advertising_init) refers to memseta.o(.text) for __aeabi_memclr4
    main.o(i.advertising_init) refers to ble_advdata.o(i.ble_advdata_encode) for ble_advdata_encode
    main.o(i.advertising_init) refers to app_error_handler_keil.o(.emb_text) for app_error_handler
    main.o(i.advertising_init) refers to main.o(.constdata) for .constdata
    main.o(i.advertising_init) refers to main.o(.bss) for .bss
    main.o(i.advertising_init) refers to main.o(.data) for .data
    main.o(i.advertising_start) refers to peer_manager.o(i.pm_peers_delete) for pm_peers_delete
    main.o(i.advertising_start) refers to app_error_handler_keil.o(.emb_text) for app_error_handler
    main.o(i.advertising_start) refers to main.o(.data) for .data
    main.o(i.assert_nrf_callback) refers to app_error_handler_keil.o(.emb_text) for app_error_handler
    main.o(i.ble_evt_handler) refers to app_error_handler_keil.o(.emb_text) for app_error_handler
    main.o(i.ble_evt_handler) refers to boards.o(i.bsp_board_led_on) for bsp_board_led_on
    main.o(i.ble_evt_handler) refers to boards.o(i.bsp_board_led_off) for bsp_board_led_off
    main.o(i.ble_evt_handler) refers to nrf_ble_qwr.o(i.nrf_ble_qwr_conn_handle_assign) for nrf_ble_qwr_conn_handle_assign
    main.o(i.ble_evt_handler) refers to app_button.o(i.app_button_enable) for app_button_enable
    main.o(i.ble_evt_handler) refers to app_button.o(i.app_button_disable) for app_button_disable
    main.o(i.ble_evt_handler) refers to main.o(i.advertising_start) for advertising_start
    main.o(i.ble_evt_handler) refers to main.o(.data) for .data
    main.o(i.ble_evt_handler) refers to main.o(.bss) for .bss
    main.o(i.ble_stack_init) refers to nrf_sdh.o(i.nrf_sdh_enable_request) for nrf_sdh_enable_request
    main.o(i.ble_stack_init) refers to app_error_handler_keil.o(.emb_text) for app_error_handler
    main.o(i.ble_stack_init) refers to nrf_sdh_ble.o(i.nrf_sdh_ble_default_cfg_set) for nrf_sdh_ble_default_cfg_set
    main.o(i.ble_stack_init) refers to nrf_sdh_ble.o(i.nrf_sdh_ble_enable) for nrf_sdh_ble_enable
    main.o(i.ble_stack_init) refers to main.o(i.advertising_start) for i.advertising_start
    main.o(i.button_event_handler) refers to app_error_handler_keil.o(.emb_text) for app_error_handler
    main.o(i.conn_params_error_handler) refers to app_error_handler_keil.o(.emb_text) for app_error_handler
    main.o(i.gap_params_init) refers to app_error_handler_keil.o(.emb_text) for app_error_handler
    main.o(i.gap_params_init) refers to main.o(i.advertising_start) for i.advertising_start
    main.o(i.led_write_handler) refers to boards.o(i.bsp_board_led_on) for bsp_board_led_on
    main.o(i.led_write_handler) refers to boards.o(i.bsp_board_led_off) for bsp_board_led_off
    main.o(i.main) refers to boards.o(i.bsp_board_init) for bsp_board_init
    main.o(i.main) refers to app_timer.o(i.app_timer_init) for app_timer_init
    main.o(i.main) refers to app_error_handler_keil.o(.emb_text) for app_error_handler
    main.o(i.main) refers to app_button.o(i.app_button_init) for app_button_init
    main.o(i.main) refers to nrf_pwr_mgmt.o(i.nrf_pwr_mgmt_init) for nrf_pwr_mgmt_init
    main.o(i.main) refers to main.o(i.ble_stack_init) for ble_stack_init
    main.o(i.main) refers to main.o(i.peer_manager_init) for peer_manager_init
    main.o(i.main) refers to main.o(i.gap_params_init) for gap_params_init
    main.o(i.main) refers to nrf_ble_gatt.o(i.nrf_ble_gatt_init) for nrf_ble_gatt_init
    main.o(i.main) refers to main.o(i.saadc_init) for saadc_init
    main.o(i.main) refers to nrfx_timer.o(i.nrfx_timer_init) for nrfx_timer_init
    main.o(i.main) refers to main.o(i.services_init) for services_init
    main.o(i.main) refers to main.o(i.advertising_init) for advertising_init
    main.o(i.main) refers to memseta.o(.text) for __aeabi_memclr4
    main.o(i.main) refers to ble_conn_params.o(i.ble_conn_params_init) for ble_conn_params_init
    main.o(i.main) refers to main.o(i.advertising_start) for advertising_start
    main.o(i.main) refers to nrfx_timer.o(i.nrfx_timer_extended_compare) for nrfx_timer_extended_compare
    main.o(i.main) refers to nrfx_timer.o(i.nrfx_timer_enable) for nrfx_timer_enable
    main.o(i.main) refers to nrfx_timer.o(i.nrfx_timer_disable) for nrfx_timer_disable
    main.o(i.main) refers to nrf_pwr_mgmt.o(i.nrf_pwr_mgmt_run) for nrf_pwr_mgmt_run
    main.o(i.main) refers to main.o(.data) for .data
    main.o(i.main) refers to main.o(.bss) for .bss
    main.o(i.main) refers to main.o(.constdata) for .constdata
    main.o(i.main) refers to main.o(i.thi_monitor_timeout_handler) for thi_monitor_timeout_handler
    main.o(i.main) refers to main.o(i.on_conn_params_evt) for on_conn_params_evt
    main.o(i.main) refers to main.o(i.conn_params_error_handler) for conn_params_error_handler
[...]
    __scatterload_rt2                        0x00026481   Thumb Code     0  init.o(.text)
    __decompress                             0x000264a5   Thumb Code     0  __dczerorl2.o(.text)
    __decompress1                            0x000264a5   Thumb Code    86  __dczerorl2.o(.text)
    GPIOTE_IRQHandler                        0x000264fd   Thumb Code   346  nrfx_gpiote.o(i.GPIOTE_IRQHandler)
    POWER_CLOCK_IRQHandler                   0x000266c5   Thumb Code    82  nrfx_clock.o(i.POWER_CLOCK_IRQHandler)
    RTC1_IRQHandler                          0x0002671d   Thumb Code    32  app_timer.o(i.RTC1_IRQHandler)
    SAADC_IRQHandler                         0x00026741   Thumb Code   320  nrfx_saadc.o(i.SAADC_IRQHandler)
    SWI0_EGU0_IRQHandler                     0x00026889   Thumb Code     4  app_timer.o(i.SWI0_EGU0_IRQHandler)
    SWI2_EGU2_IRQHandler                     0x0002688d   Thumb Code     4  nrf_sdh.o(i.SWI2_EGU2_IRQHandler)
    SystemInit                               0x00026891   Thumb Code   726  system_nrf52.o(i.SystemInit)
    TIMER2_IRQHandler                        0x00026bad   Thumb Code    70  nrfx_timer.o(i.TIMER2_IRQHandler)
    UARTE0_UART0_IRQHandler                  0x00026bfd   Thumb Code     6  nrfx_prs.o(i.UARTE0_UART0_IRQHandler)
    __scatterload_copy                       0x00026c09   Thumb Code    14  handlers.o(i.__scatterload_copy)
    __scatterload_null                       0x00026c17   Thumb Code     2  handlers.o(i.__scatterload_null)
    __scatterload_zeroinit                   0x00026c19   Thumb Code    14  handlers.o(i.__scatterload_zeroinit)
    addr_compare                             0x00026c4d   Thumb Code    38  id_manager.o(i.addr_compare)
    ah                                       0x00026da5   Thumb Code    82  id_manager.o(i.ah)
    app_button_disable                       0x00026e05   Thumb Code    38  app_button.o(i.app_button_disable)
    app_button_enable                        0x00026e35   Thumb Code    32  app_button.o(i.app_button_enable)
    app_button_init                          0x00026e59   Thumb Code   102  app_button.o(i.app_button_init)
    app_error_fault_handler                  0x00026ed1   Thumb Code    20  app_error_weak.o(i.app_error_fault_handler)
    app_error_save_and_stop                  0x00026ee9   Thumb Code    96  app_error.o(i.app_error_save_and_stop)
    app_timer_create                         0x00026f51   Thumb Code    36  app_timer.o(i.app_timer_create)
    app_timer_init                           0x00026f79   Thumb Code    70  app_timer.o(i.app_timer_init)
    app_timer_start                          0x00026fcd   Thumb Code   128  app_timer.o(i.app_timer_start)
    app_timer_stop                           0x00027055   Thumb Code    26  app_timer.o(i.app_timer_stop)
    app_util_critical_region_enter           0x00027075   Thumb Code    64  app_util_platform.o(i.app_util_critical_region_enter)
    app_util_critical_region_exit            0x000270bd   Thumb Code    46  app_util_platform.o(i.app_util_critical_region_exit)
    ble_advdata_encode                       0x000271e9   Thumb Code   386  ble_advdata.o(i.ble_advdata_encode)
    ble_conn_params_init                     0x0002736d   Thumb Code    90  ble_conn_params.o(i.ble_conn_params_init)
    ble_conn_state_encrypted                 0x000273d5   Thumb Code    26  ble_conn_state.o(i.ble_conn_state_encrypted)
    ble_conn_state_for_each_set_user_flag    0x000273f5   Thumb Code    38  ble_conn_state.o(i.ble_conn_state_for_each_set_user_flag)
    ble_conn_state_role                      0x00027421   Thumb Code    32  ble_conn_state.o(i.ble_conn_state_role)
    ble_conn_state_user_flag_acquire         0x00027445   Thumb Code    18  ble_conn_state.o(i.ble_conn_state_user_flag_acquire)
    ble_conn_state_user_flag_get             0x0002745d   Thumb Code    44  ble_conn_state.o(i.ble_conn_state_user_flag_get)
    ble_conn_state_user_flag_set             0x0002748d   Thumb Code    58  ble_conn_state.o(i.ble_conn_state_user_flag_set)
    ble_conn_state_valid                     0x000274cd   Thumb Code    16  ble_conn_state.o(i.ble_conn_state_valid)
    ble_dfu_buttonless_async_svci_init       0x00027541   Thumb Code    32  ble_dfu_unbonded.o(i.ble_dfu_buttonless_async_svci_init)
    ble_dfu_buttonless_backend_init          0x00027565   Thumb Code    14  ble_dfu_unbonded.o(i.ble_dfu_buttonless_backend_init)
    ble_dfu_buttonless_bootloader_start_finalize 0x00027579   Thumb Code    40  ble_dfu.o(i.ble_dfu_buttonless_bootloader_start_finalize)
    ble_dfu_buttonless_bootloader_start_prepare 0x000275a5   Thumb Code    20  ble_dfu_unbonded.o(i.ble_dfu_buttonless_bootloader_start_prepare)
    ble_dfu_buttonless_char_add              0x000275bd   Thumb Code    80  ble_dfu_unbonded.o(i.ble_dfu_buttonless_char_add)
    ble_dfu_buttonless_init                  0x0002760d   Thumb Code   100  ble_dfu.o(i.ble_dfu_buttonless_init)
    ble_dfu_buttonless_on_ble_evt            0x0002767d   Thumb Code   118  ble_dfu.o(i.ble_dfu_buttonless_on_ble_evt)
    ble_dfu_buttonless_on_ctrl_pt_write      0x000276f9   Thumb Code   174  ble_dfu_unbonded.o(i.ble_dfu_buttonless_on_ctrl_pt_write)
    ble_dfu_buttonless_on_sys_evt            0x000277b1   Thumb Code    88  ble_dfu_unbonded.o(i.ble_dfu_buttonless_on_sys_evt)
    ble_dfu_buttonless_resp_send             0x00027811   Thumb Code    78  ble_dfu.o(i.ble_dfu_buttonless_resp_send)
    ble_lbs_init                             0x00027be5   Thumb Code   196  ble_lbs.o(i.ble_lbs_init)
    ble_lbs_on_ble_evt                       0x00027cad   Thumb Code    46  ble_lbs.o(i.ble_lbs_on_ble_evt)
    ble_lbs_on_button_change1                0x00027cdb   Thumb Code    56  ble_lbs.o(i.ble_lbs_on_button_change1)
    ble_srv_is_indication_enabled            0x00027d13   Thumb Code     8  ble_srv_common.o(i.ble_srv_is_indication_enabled)
    ble_srv_is_notification_enabled          0x00027d1b   Thumb Code     8  ble_srv_common.o(i.ble_srv_is_notification_enabled)
    bsp_board_init                           0x00027d69   Thumb Code    80  boards.o(i.bsp_board_init)
    bsp_board_led_off                        0x00027dbd   Thumb Code    10  boards.o(i.bsp_board_led_off)
    bsp_board_led_on                         0x00027dcd   Thumb Code    10  boards.o(i.bsp_board_led_on)
    bsp_board_leds_off                       0x00027ddd   Thumb Code    18  boards.o(i.bsp_board_leds_off)
    characteristic_add                       0x00027ef9   Thumb Code   400  ble_srv_common.o(i.characteristic_add)
    conn_handle_list_get                     0x000281b9   Thumb Code    62  ble_conn_state.o(i.conn_handle_list_get)
    fds_file_delete                          0x0002882d   Thumb Code    62  fds.o(i.fds_file_delete)
    fds_gc                                   0x00028871   Thumb Code    52  fds.o(i.fds_gc)
    fds_init                                 0x000288ad   Thumb Code   188  fds.o(i.fds_init)
    fds_record_close                         0x0002897d   Thumb Code    60  fds.o(i.fds_record_close)
    fds_record_find                          0x000289bd   Thumb Code    14  fds.o(i.fds_record_find)
    fds_record_find_by_key                   0x000289cb   Thumb Code    16  fds.o(i.fds_record_find_by_key)
    fds_record_find_in_file                  0x000289db   Thumb Code    16  fds.o(i.fds_record_find_in_file)
    fds_record_id_from_desc                  0x000289eb   Thumb Code    16  fds.o(i.fds_record_id_from_desc)
    fds_record_open                          0x000289fd   Thumb Code    66  fds.o(i.fds_record_open)
    fds_record_update                        0x00028a45   Thumb Code    14  fds.o(i.fds_record_update)
    fds_record_write                         0x00028a53   Thumb Code     8  fds.o(i.fds_record_write)
    fds_register                             0x00028a5d   Thumb Code    36  fds.o(i.fds_register)
    gcm_ble_evt_handler                      0x00028d79   Thumb Code   194  gatt_cache_manager.o(i.gcm_ble_evt_handler)
    gcm_im_evt_handler                       0x00028e49   Thumb Code    54  gatt_cache_manager.o(i.gcm_im_evt_handler)
    gcm_init                                 0x00028e85   Thumb Code    88  gatt_cache_manager.o(i.gcm_init)
    gcm_pdb_evt_handler                      0x00028ee1   Thumb Code   130  gatt_cache_manager.o(i.gcm_pdb_evt_handler)
    gscm_db_change_notification_done         0x00028fed   Thumb Code    22  gatts_cache_manager.o(i.gscm_db_change_notification_done)
    gscm_init                                0x00029009   Thumb Code    16  gatts_cache_manager.o(i.gscm_init)
    gscm_local_db_cache_apply                0x0002901d   Thumb Code   106  gatts_cache_manager.o(i.gscm_local_db_cache_apply)
    gscm_local_db_cache_update               0x00029087   Thumb Code   130  gatts_cache_manager.o(i.gscm_local_db_cache_update)
    gscm_pdb_evt_handler                     0x00029109   Thumb Code    18  gatts_cache_manager.o(i.gscm_pdb_evt_handler)
    gscm_service_changed_ind_needed          0x00029121   Thumb Code    30  gatts_cache_manager.o(i.gscm_service_changed_ind_needed)
    gscm_service_changed_ind_send            0x00029141   Thumb Code    50  gatts_cache_manager.o(i.gscm_service_changed_ind_send)
    im_address_resolve                       0x000291b1   Thumb Code    70  id_manager.o(i.im_address_resolve)
    im_ble_addr_get                          0x000291f9   Thumb Code    50  id_manager.o(i.im_ble_addr_get)
    im_ble_evt_handler                       0x00029231   Thumb Code   210  id_manager.o(i.im_ble_evt_handler)
    im_conn_handle_get                       0x0002930d   Thumb Code    58  id_manager.o(i.im_conn_handle_get)
    im_find_duplicate_bonding_data           0x0002934d   Thumb Code    56  id_manager.o(i.im_find_duplicate_bonding_data)
    im_is_duplicate_bonding_data             0x00029385   Thumb Code   114  id_manager.o(i.im_is_duplicate_bonding_data)
    im_master_id_is_valid                    0x000293f7   Thumb Code    24  id_manager.o(i.im_master_id_is_valid)
    im_master_ids_compare                    0x0002940f   Thumb Code    42  id_manager.o(i.im_master_ids_compare)
    im_new_peer_id                           0x00029439   Thumb Code    16  id_manager.o(i.im_new_peer_id)
    im_peer_free                             0x0002944d   Thumb Code    40  id_manager.o(i.im_peer_free)
    im_peer_id_get_by_conn_handle            0x00029479   Thumb Code    32  id_manager.o(i.im_peer_id_get_by_conn_handle)
    im_peer_id_get_by_master_id              0x0002949d   Thumb Code    60  id_manager.o(i.im_peer_id_get_by_master_id)
    is_valid_irk                             0x0002963d   Thumb Code    20  id_manager.o(i.is_valid_irk)
    main                                     0x00029a11   Thumb Code   314  main.o(i.main)
    next_id_get                              0x00029c95   Thumb Code    48  peer_id.o(i.next_id_get)
    nrf_atfifo_clear                         0x00029cc5   Thumb Code    16  nrf_atfifo.o(i.nrf_atfifo_clear)
    nrf_atfifo_init                          0x00029cd5   Thumb Code    38  nrf_atfifo.o(i.nrf_atfifo_init)
    nrf_atfifo_item_alloc                    0x00029cfb   Thumb Code    22  nrf_atfifo.o(i.nrf_atfifo_item_alloc)
    nrf_atfifo_item_free                     0x00029d11   Thumb Code    22  nrf_atfifo.o(i.nrf_atfifo_item_free)
    nrf_atfifo_item_get                      0x00029d27   Thumb Code    22  nrf_atfifo.o(i.nrf_atfifo_item_get)
    nrf_atfifo_item_put                      0x00029d3d   Thumb Code    22  nrf_atfifo.o(i.nrf_atfifo_item_put)
    nrf_atflags_clear                        0x00029d53   Thumb Code    22  nrf_atflags.o(i.nrf_atflags_clear)
    nrf_atflags_fetch_set                    0x00029d69   Thumb Code    32  nrf_atflags.o(i.nrf_atflags_fetch_set)
    nrf_atflags_find_and_set_flag            0x00029d89   Thumb Code    74  nrf_atflags.o(i.nrf_atflags_find_and_set_flag)
    nrf_atflags_get                          0x00029dd3   Thumb Code    22  nrf_atflags.o(i.nrf_atflags_get)
    nrf_atflags_set                          0x00029de9   Thumb Code    20  nrf_atflags.o(i.nrf_atflags_set)
    nrf_atomic_flag_set_fetch                0x00029dfd   Thumb Code     6  nrf_atomic.o(i.nrf_atomic_flag_set_fetch)
    nrf_atomic_u32_add                       0x00029e03   Thumb Code    12  nrf_atomic.o(i.nrf_atomic_u32_add)
    nrf_atomic_u32_and                       0x00029e0f   Thumb Code    12  nrf_atomic.o(i.nrf_atomic_u32_and)
    nrf_atomic_u32_fetch_add                 0x00029e1b   Thumb Code    10  nrf_atomic.o(i.nrf_atomic_u32_fetch_add)
    nrf_atomic_u32_fetch_or                  0x00029e25   Thumb Code    10  nrf_atomic.o(i.nrf_atomic_u32_fetch_or)
    nrf_atomic_u32_fetch_store               0x00029e2f   Thumb Code    10  nrf_atomic.o(i.nrf_atomic_u32_fetch_store)
    nrf_atomic_u32_or                        0x00029e39   Thumb Code    12  nrf_atomic.o(i.nrf_atomic_u32_or)
    nrf_atomic_u32_sub                       0x00029e45   Thumb Code    12  nrf_atomic.o(i.nrf_atomic_u32_sub)
    nrf_ble_gatt_init                        0x00029e75   Thumb Code    34  nrf_ble_gatt.o(i.nrf_ble_gatt_init)
    nrf_ble_gatt_on_ble_evt                  0x00029e99   Thumb Code   366  nrf_ble_gatt.o(i.nrf_ble_gatt_on_ble_evt)
    nrf_ble_qwr_conn_handle_assign           0x0002a00d   Thumb Code    22  nrf_ble_qwr.o(i.nrf_ble_qwr_conn_handle_assign)
    nrf_ble_qwr_init                         0x0002a023   Thumb Code    36  nrf_ble_qwr.o(i.nrf_ble_qwr_init)
    nrf_ble_qwr_on_ble_evt                   0x0002a047   Thumb Code   182  nrf_ble_qwr.o(i.nrf_ble_qwr_on_ble_evt)
    nrf_dfu_svci_vector_table_set            0x0002a11b   Thumb Code    20  nrf_dfu_svci.o(i.nrf_dfu_svci_vector_table_set)
    nrf_dfu_svci_vector_table_unset          0x0002a131   Thumb Code     6  nrf_dfu_svci.o(i.nrf_dfu_svci_vector_table_unset)
    nrf_drv_clock_init                       0x0002a13d   Thumb Code    48  nrf_drv_clock.o(i.nrf_drv_clock_init)
    nrf_drv_clock_lfclk_release              0x0002a175   Thumb Code    42  nrf_drv_clock.o(i.nrf_drv_clock_lfclk_release)
    nrf_fstorage_erase                       0x0002a1a5   Thumb Code    78  nrf_fstorage.o(i.nrf_fstorage_erase)
    nrf_fstorage_init                        0x0002a1f3   Thumb Code    16  nrf_fstorage.o(i.nrf_fstorage_init)
    nrf_fstorage_sdh_req_handler             0x0002a205   Thumb Code    18  nrf_fstorage_sd.o(i.nrf_fstorage_sdh_req_handler)
    nrf_fstorage_sdh_state_handler           0x0002a21d   Thumb Code    28  nrf_fstorage_sd.o(i.nrf_fstorage_sdh_state_handler)
    nrf_fstorage_sys_evt_handler             0x0002a23d   Thumb Code   154  nrf_fstorage_sd.o(i.nrf_fstorage_sys_evt_handler)
    nrf_fstorage_write                       0x0002a2e1   Thumb Code   102  nrf_fstorage.o(i.nrf_fstorage_write)
    nrf_pwr_mgmt_init                        0x0002a415   Thumb Code    28  nrf_pwr_mgmt.o(i.nrf_pwr_mgmt_init)
    nrf_pwr_mgmt_run                         0x0002a43d   Thumb Code    64  nrf_pwr_mgmt.o(i.nrf_pwr_mgmt_run)
    nrf_pwr_mgmt_shutdown                    0x0002a481   Thumb Code    54  nrf_pwr_mgmt.o(i.nrf_pwr_mgmt_shutdown)
    nrf_sdh_ble_app_ram_start_get            0x0002a521   Thumb Code    16  nrf_sdh_ble.o(i.nrf_sdh_ble_app_ram_start_get)
    nrf_sdh_ble_default_cfg_set              0x0002a535   Thumb Code   158  nrf_sdh_ble.o(i.nrf_sdh_ble_default_cfg_set)
    nrf_sdh_ble_enable                       0x0002a5d5   Thumb Code    14  nrf_sdh_ble.o(i.nrf_sdh_ble_enable)
    nrf_sdh_disable_request                  0x0002a691   Thumb Code    80  nrf_sdh.o(i.nrf_sdh_disable_request)
    nrf_sdh_enable_request                   0x0002a6e5   Thumb Code   102  nrf_sdh.o(i.nrf_sdh_enable_request)
    nrf_sdh_evts_poll                        0x0002a759   Thumb Code    32  nrf_sdh.o(i.nrf_sdh_evts_poll)
    nrf_sdh_is_enabled                       0x0002a77d   Thumb Code     6  nrf_sdh.o(i.nrf_sdh_is_enabled)
    nrf_sdh_request_continue                 0x0002a789   Thumb Code    22  nrf_sdh.o(i.nrf_sdh_request_continue)
    nrf_section_iter_init                    0x0002a825   Thumb Code    10  nrf_section_iter.o(i.nrf_section_iter_init)
    nrf_section_iter_next                    0x0002a853   Thumb Code    32  nrf_section_iter.o(i.nrf_section_iter_next)
    nrfx_clock_enable                        0x0002a881   Thumb Code    38  nrfx_clock.o(i.nrfx_clock_enable)
    nrfx_clock_init                          0x0002a8b1   Thumb Code    26  nrfx_clock.o(i.nrfx_clock_init)
    nrfx_clock_lfclk_stop                    0x0002a8d1   Thumb Code    20  nrfx_clock.o(i.nrfx_clock_lfclk_stop)
    nrfx_gpiote_in_event_disable             0x0002a90d   Thumb Code    66  nrfx_gpiote.o(i.nrfx_gpiote_in_event_disable)
    nrfx_gpiote_in_event_enable              0x0002a955   Thumb Code   156  nrfx_gpiote.o(i.nrfx_gpiote_in_event_enable)
    nrfx_gpiote_in_init                      0x0002a9f9   Thumb Code   194  nrfx_gpiote.o(i.nrfx_gpiote_in_init)
    nrfx_gpiote_in_is_set                    0x0002aac9   Thumb Code    20  nrfx_gpiote.o(i.nrfx_gpiote_in_is_set)
    nrfx_gpiote_init                         0x0002aadd   Thumb Code    98  nrfx_gpiote.o(i.nrfx_gpiote_init)
    nrfx_gpiote_is_init                      0x0002ab4d   Thumb Code    14  nrfx_gpiote.o(i.nrfx_gpiote_is_init)
    nrfx_saadc_channel_init                  0x0002ab61   Thumb Code   160  nrfx_saadc.o(i.nrfx_saadc_channel_init)
    nrfx_saadc_init                          0x0002ac0d   Thumb Code   126  nrfx_saadc.o(i.nrfx_saadc_init)
    nrfx_saadc_sample_convert                0x0002ac9d   Thumb Code   182  nrfx_saadc.o(i.nrfx_saadc_sample_convert)
    nrfx_timer_compare                       0x0002ad5d   Thumb Code    58  nrfx_timer.o(i.nrfx_timer_compare)
    nrfx_timer_disable                       0x0002ad99   Thumb Code    22  nrfx_timer.o(i.nrfx_timer_disable)
    nrfx_timer_enable                        0x0002adb5   Thumb Code    24  nrfx_timer.o(i.nrfx_timer_enable)
    nrfx_timer_extended_compare              0x0002add1   Thumb Code    42  nrfx_timer.o(i.nrfx_timer_extended_compare)
    nrfx_timer_init                          0x0002adfd   Thumb Code   188  nrfx_timer.o(i.nrfx_timer_init)
    pdb_init                                 0x0002b1ed   Thumb Code    68  peer_database.o(i.pdb_init)
    pdb_pds_evt_handler                      0x0002b239   Thumb Code   116  peer_database.o(i.pdb_pds_evt_handler)
    pdb_peer_data_ptr_get                    0x0002b2b5   Thumb Code     6  peer_database.o(i.pdb_peer_data_ptr_get)
    pdb_peer_free                            0x0002b2bb   Thumb Code    58  peer_database.o(i.pdb_peer_free)
    pdb_write_buf_get                        0x0002b2f5   Thumb Code   180  peer_database.o(i.pdb_write_buf_get)
    pdb_write_buf_release                    0x0002b3ad   Thumb Code    20  peer_database.o(i.pdb_write_buf_release)
    pdb_write_buf_store                      0x0002b3c1   Thumb Code    54  peer_database.o(i.pdb_write_buf_store)
    pds_init                                 0x0002b409   Thumb Code    98  peer_data_storage.o(i.pds_init)
    pds_next_deleted_peer_id_get             0x0002b475   Thumb Code     4  peer_data_storage.o(i.pds_next_deleted_peer_id_get)
    pds_next_peer_id_get                     0x0002b479   Thumb Code     4  peer_data_storage.o(i.pds_next_peer_id_get)
    pds_peer_data_iterate                    0x0002b47d   Thumb Code    84  peer_data_storage.o(i.pds_peer_data_iterate)
    pds_peer_data_iterate_prepare            0x0002b4d5   Thumb Code    10  peer_data_storage.o(i.pds_peer_data_iterate_prepare)
    pds_peer_data_read                       0x0002b4e5   Thumb Code   114  peer_data_storage.o(i.pds_peer_data_read)
    pds_peer_data_store                      0x0002b557   Thumb Code   122  peer_data_storage.o(i.pds_peer_data_store)
    pds_peer_id_allocate                     0x0002b5d1   Thumb Code     8  peer_data_storage.o(i.pds_peer_id_allocate)
    pds_peer_id_free                         0x0002b5d9   Thumb Code    22  peer_data_storage.o(i.pds_peer_id_free)
    pds_peer_id_is_allocated                 0x0002b5ef   Thumb Code     4  peer_data_storage.o(i.pds_peer_id_is_allocated)
    peer_id_allocate                         0x0002b6e1   Thumb Code     6  peer_id.o(i.peer_id_allocate)
    peer_id_delete                           0x0002b6ed   Thumb Code    32  peer_id.o(i.peer_id_delete)
    peer_id_free                             0x0002b711   Thumb Code    24  peer_id.o(i.peer_id_free)
    peer_id_get_next_deleted                 0x0002b72d   Thumb Code     6  peer_id.o(i.peer_id_get_next_deleted)
    peer_id_get_next_used                    0x0002b739   Thumb Code    42  peer_id.o(i.peer_id_get_next_used)
    peer_id_init                             0x0002b769   Thumb Code     8  peer_id.o(i.peer_id_init)
    peer_id_is_allocated                     0x0002b775   Thumb Code    16  peer_id.o(i.peer_id_is_allocated)
    peer_id_is_deleted                       0x0002b789   Thumb Code    16  peer_id.o(i.peer_id_is_deleted)
    pm_buffer_block_acquire                  0x0002b84d   Thumb Code   100  pm_buffer.o(i.pm_buffer_block_acquire)
    pm_buffer_init                           0x0002b8b1   Thumb Code    36  pm_buffer.o(i.pm_buffer_init)
    pm_buffer_ptr_get                        0x0002b8d5   Thumb Code    40  pm_buffer.o(i.pm_buffer_ptr_get)
    pm_buffer_release                        0x0002b8fd   Thumb Code    50  pm_buffer.o(i.pm_buffer_release)
    pm_conn_sec_config_reply                 0x0002b92f   Thumb Code    10  peer_manager.o(i.pm_conn_sec_config_reply)
    pm_gcm_evt_handler                       0x0002b9c5   Thumb Code     4  peer_manager.o(i.pm_gcm_evt_handler)
    pm_im_evt_handler                        0x0002b9c9   Thumb Code     4  peer_manager.o(i.pm_im_evt_handler)
    pm_init                                  0x0002b9cd   Thumb Code    64  peer_manager.o(i.pm_init)
    pm_pdb_evt_handler                       0x0002ba11   Thumb Code   282  peer_manager.o(i.pm_pdb_evt_handler)
    pm_peer_delete                           0x0002bb31   Thumb Code    14  peer_manager.o(i.pm_peer_delete)
    pm_peer_ranks_get                        0x0002bb45   Thumb Code   190  peer_manager.o(i.pm_peer_ranks_get)
    pm_peers_delete                          0x0002bc09   Thumb Code    98  peer_manager.o(i.pm_peers_delete)
    pm_register                              0x0002bc71   Thumb Code    34  peer_manager.o(i.pm_register)
    pm_sec_params_set                        0x0002bc9d   Thumb Code    14  peer_manager.o(i.pm_sec_params_set)
    pm_sm_evt_handler                        0x0002bcb1   Thumb Code    10  peer_manager.o(i.pm_sm_evt_handler)
    saadc_callback                           0x0002c14d   Thumb Code     2  main.o(i.saadc_callback)
    saadc_init                               0x0002c151   Thumb Code    56  main.o(i.saadc_init)
    sm_ble_evt_handler                       0x0002c73d   Thumb Code    32  security_manager.o(i.sm_ble_evt_handler)
    sm_conn_sec_config_reply                 0x0002c769   Thumb Code     4  security_manager.o(i.sm_conn_sec_config_reply)
    sm_init                                  0x0002c76d   Thumb Code    54  security_manager.o(i.sm_init)
    sm_pdb_evt_handler                       0x0002c7a9   Thumb Code    56  security_manager.o(i.sm_pdb_evt_handler)
    sm_sec_params_set                        0x0002c7ed   Thumb Code    46  security_manager.o(i.sm_sec_params_set)
    sm_smd_evt_handler                       0x0002c821   Thumb Code    92  security_manager.o(i.sm_smd_evt_handler)
    smd_ble_evt_handler                      0x0002c881   Thumb Code   272  security_dispatcher.o(i.smd_ble_evt_handler)
    smd_conn_sec_config_reply                0x0002c999   Thumb Code    10  security_dispatcher.o(i.smd_conn_sec_config_reply)
    smd_init                                 0x0002c9a9   Thumb Code    70  security_dispatcher.o(i.smd_init)
    smd_link_secure                          0x0002c9f5   Thumb Code    58  security_dispatcher.o(i.smd_link_secure)
    smd_params_reply                         0x0002ca31   Thumb Code   168  security_dispatcher.o(i.smd_params_reply)
    store_car_value                          0x0002cc49   Thumb Code    40  gatt_cache_manager.o(i.store_car_value)
    write_buf_store                          0x0002d0f5   Thumb Code   158  peer_database.o(i.write_buf_store)
    nrf_fstorage_sd                          0x0002d6b4   Data          32  nrf_fstorage_sd.o(.constdata)
    m_ram_start                              0x0002d74c   Data           4  nrf_sdh_ble.o(.constdata)
    Region$$Table$$Base                      0x0002d788   Number         0  anon$$obj.o(Region$$Table)
    Region$$Table$$Limit                     0x0002d7a8   Number         0  anon$$obj.o(Region$$Table)
    pwr_mgmt_data0$$Base                     0x0002d7a8   Number         0  main.o(pwr_mgmt_data0)
    pwr_mgmt_data0$$Limit                    0x0002d7ac   Number         0  main.o(pwr_mgmt_data0)
    sdh_ble_observers0$$Base                 0x0002d7ac   Number         0  ble_conn_state.o(sdh_ble_observers0)
    sdh_ble_observers0$$Limit                0x0002d7b4   Number         0  ble_conn_state.o(sdh_ble_observers0)
    sdh_ble_observers1$$Base                 0x0002d7b4   Number         0  main.o(sdh_ble_observers1)
    sdh_ble_observers1$$Limit                0x0002d7cc   Number         0  peer_manager.o(sdh_ble_observers1)
    sdh_ble_observers2$$Base                 0x0002d7cc   Number         0  main.o(sdh_ble_observers2)
    sdh_ble_observers2$$Limit                0x0002d7e4   Number         0  ble_dfu.o(sdh_ble_observers2)
    sdh_ble_observers3$$Base                 0x0002d7e4   Number         0  main.o(sdh_ble_observers3)
    m_req_obs                                0x0002d7ec   Data           8  nrf_fstorage_sd.o(sdh_req_observers0)
    sdh_ble_observers3$$Limit                0x0002d7ec   Number         0  main.o(sdh_ble_observers3)
    sdh_req_observers0$$Base                 0x0002d7ec   Number         0  nrf_fstorage_sd.o(sdh_req_observers0)
    sdh_req_observers0$$Limit                0x0002d7f4   Number         0  nrf_fstorage_sd.o(sdh_req_observers0)
    sdh_soc_observers0$$Base                 0x0002d7f4   Number         0  nrf_drv_clock.o(sdh_soc_observers0)
    sdh_soc_observers0$$Limit                0x0002d804   Number         0  nrf_fstorage_sd.o(sdh_soc_observers0)
    sdh_soc_observers1$$Base                 0x0002d804   Number         0  ble_dfu_unbonded.o(sdh_soc_observers1)
    sdh_soc_observers1$$Limit                0x0002d80c   Number         0  ble_dfu_unbonded.o(sdh_soc_observers1)
    sdh_stack_observers0$$Base               0x0002d80c   Number         0  nrf_sdh_ble.o(sdh_stack_observers0)
    sdh_stack_observers0$$Limit              0x0002d81c   Number         0  nrf_sdh_soc.o(sdh_stack_observers0)
    sdh_state_observers0$$Base               0x0002d81c   Number         0  nrf_drv_clock.o(sdh_state_observers0)
    sdh_state_observers0$$Limit              0x0002d82c   Number         0  nrf_fstorage_sd.o(sdh_state_observers0)
    Image$$RW_IRAM1$$Base                    0x20002aa8   Number         0  anon$$obj.o ABSOLUTE
    flag_connect                             0x20002aa9   Data           1  main.o(.data)
    temp_connect                             0x20002aaa   Data           1  main.o(.data)
    counttx                                  0x20002ab0   Data           4  main.o(.data)
    mp_dfu                                   0x20002bb8   Data           4  ble_dfu_unbonded.o(.data)
    SystemCoreClock                          0x20002bbc   Data           4  system_nrf52.o(.data)
    fs_data$$Base                            0x20002bc0   Number         0  fds.o(fs_data)
    m_fs                                     0x20002bc0   Data          20  fds.o(fs_data)
    fs_data$$Limit                           0x20002bd4   Number         0  fds.o(fs_data)
    DataRead                                 0x20002c0c   Data          20  main.o(.bss)
    nrf_nvic_state                           0x2000314c   Data          12  app_util_platform.o(.bss)
    __initial_sp                             0x20005348   Data           0  arm_startup_nrf52.o(STACK)



==============================================================================

Memory Map of the image

  Image Entry point : 0x00026201

  Load Region LR_IROM1 (Base: 0x00026000, Size: 0x00007958, Max: 0x0005a000, ABSOLUTE, COMPRESSED[0x0000785c])

    Execution Region ER_IROM1 (Exec base: 0x00026000, Load base: 0x00026000, Size: 0x0000782c, Max: 0x0005a000, ABSOLUTE)

    Exec Addr    Load Addr    Size         Type   Attr      Idx    E Section Name        Object

    0x00026000   0x00026000   0x00000200   Data   RO         6911    RESET               arm_startup_nrf52.o
    0x00026200   0x00026200   0x00000000   Code   RO         6956  * .ARM.Collect$$$$00000000  mc_w.l(entry.o)
    0x00026200   0x00026200   0x00000004   Code   RO         6980    .ARM.Collect$$$$00000001  mc_w.l(entry2.o)
    0x00026204   0x00026204   0x00000004   Code   RO         6983    .ARM.Collect$$$$00000004  mc_w.l(entry5.o)
    0x00026208   0x00026208   0x00000000   Code   RO         6985    .ARM.Collect$$$$00000008  mc_w.l(entry7b.o)
    0x00026208   0x00026208   0x00000000   Code   RO         6987    .ARM.Collect$$$$0000000A  mc_w.l(entry8b.o)
    0x00026208   0x00026208   0x00000008   Code   RO         6988    .ARM.Collect$$$$0000000B  mc_w.l(entry9a.o)
    0x00026210   0x00026210   0x00000000   Code   RO         6990    .ARM.Collect$$$$0000000D  mc_w.l(entry10a.o)
    0x00026210   0x00026210   0x00000000   Code   RO         6992    .ARM.Collect$$$$0000000F  mc_w.l(entry11a.o)
    0x00026210   0x00026210   0x00000004   Code   RO         6981    .ARM.Collect$$$$00002712  mc_w.l(entry2.o)
    0x00026214   0x00026214   0x0000001a   Code   RO         4425    .emb_text           app_error_handler_keil.o
    0x0002622e   0x0002622e   0x00000002   PAD
    0x00026230   0x00026230   0x000000c8   Code   RO         4824    .emb_text           nrf_atfifo.o
    0x000262f8   0x000262f8   0x000000e2   Code   RO         4963    .emb_text           nrf_atomic.o
    0x000263da   0x000263da   0x00000002   PAD
    0x000263dc   0x000263dc   0x00000024   Code   RO         6912    .text               arm_startup_nrf52.o
    0x00026400   0x00026400   0x0000001e   Code   RO         6964    .text               mc_w.l(llshl.o)
    0x0002641e   0x0002641e   0x00000024   Code   RO         6966    .text               mc_w.l(memcpya.o)
    0x00026442   0x00026442   0x00000024   Code   RO         6968    .text               mc_w.l(memseta.o)
    0x00026466   0x00026466   0x0000001a   Code   RO         6974    .text               mc_w.l(memcmp.o)
    0x00026480   0x00026480   0x00000024   Code   RO         6996    .text               mc_w.l(init.o)
    0x000264a4   0x000264a4   0x00000056   Code   RO         7006    .text               mc_w.l(__dczerorl2.o)
    0x000264fa   0x000264fa   0x00000002   PAD
    0x000264fc   0x000264fc   0x00000164   Code   RO         3299    i.GPIOTE_IRQHandler  nrfx_gpiote.o
    0x00026660   0x00026660   0x00000016   Code   RO         4538    i.NVIC_ClearPendingIRQ  app_timer.o
    0x00026676   0x00026676   0x00000016   Code   RO         4539    i.NVIC_EnableIRQ    app_timer.o
    0x0002668c   0x0002668c   0x00000016   Code   RO         4540    i.NVIC_SetPendingIRQ  app_timer.o
    0x000266a2   0x000266a2   0x00000020   Code   RO         4541    i.NVIC_SetPriority  app_timer.o
    0x000266c2   0x000266c2   0x00000002   PAD
    0x000266c4   0x000266c4   0x00000058   Code   RO         3167    i.POWER_CLOCK_IRQHandler  nrfx_clock.o
    0x0002671c   0x0002671c   0x00000024   Code   RO         4542    i.RTC1_IRQHandler   app_timer.o
    0x00026740   0x00026740   0x00000148   Code   RO         4115    i.SAADC_IRQHandler  nrfx_saadc.o
    0x00026888   0x00026888   0x00000004   Code   RO         4543    i.SWI0_EGU0_IRQHandler  app_timer.o
    0x0002688c   0x0002688c   0x00000004   Code   RO         6512    i.SWI2_EGU2_IRQHandler  nrf_sdh.o
    0x00026890   0x00026890   0x0000031c   Code   RO         6920    i.SystemInit        system_nrf52.o
    0x00026bac   0x00026bac   0x00000050   Code   RO         3989    i.TIMER2_IRQHandler  nrfx_timer.o
    0x00026bfc   0x00026bfc   0x0000000c   Code   RO         3598    i.UARTE0_UART0_IRQHandler  nrfx_prs.o
    0x00026c08   0x00026c08   0x0000000e   Code   RO         7000    i.__scatterload_copy  mc_w.l(handlers.o)
    0x00026c16   0x00026c16   0x00000002   Code   RO         7001    i.__scatterload_null  mc_w.l(handlers.o)
    0x00026c18   0x00026c18   0x0000000e   Code   RO         7002    i.__scatterload_zeroinit  mc_w.l(handlers.o)
    0x00026c26   0x00026c26   0x00000002   PAD
    0x00026c28   0x00026c28   0x00000024   Code   RO         6513    i.__sd_nvic_app_accessible_irq  nrf_sdh.o
    0x00026c4c   0x00026c4c   0x00000026   Code   RO         1628    i.addr_compare      id_manager.o
    0x00026c72   0x00026c72   0x0000000c   Code   RO         5844    i.addr_is_aligned32  nrf_fstorage.o
    0x00026c7e   0x00026c7e   0x00000018   Code   RO         5845    i.addr_is_within_bounds  nrf_fstorage.o
    0x00026c96   0x00026c96   0x00000002   PAD
    0x00026c98   0x00026c98   0x000000c8   Code   RO            4    i.advertising_init  main.o
    0x00026d60   0x00026d60   0x00000044   Code   RO            5    i.advertising_start  main.o
    0x00026da4   0x00026da4   0x00000052   Code   RO         1629    i.ah                id_manager.o
    0x00026df6   0x00026df6   0x00000002   PAD
    0x00026df8   0x00026df8   0x0000000c   Code   RO         2596    i.allow_repairing   security_dispatcher.o
    0x00026e04   0x00026e04   0x00000030   Code   RO         4293    i.app_button_disable  app_button.o
    0x00026e34   0x00026e34   0x00000024   Code   RO         4294    i.app_button_enable  app_button.o
    0x00026e58   0x00026e58   0x00000078   Code   RO         4295    i.app_button_init   app_button.o
    0x00026ed0   0x00026ed0   0x00000018   Code   RO         4447    i.app_error_fault_handler  app_error_weak.o
    0x00026ee8   0x00026ee8   0x00000064   Code   RO         4388    i.app_error_save_and_stop  app_error.o
    0x00026f4c   0x00026f4c   0x00000004   Code   RO            6    i.app_shutdown_handler  main.o
    0x00026f50   0x00026f50   0x00000028   Code   RO         4546    i.app_timer_create  app_timer.o
    0x00026f78   0x00026f78   0x00000054   Code   RO         4547    i.app_timer_init    app_timer.o
    0x00026fcc   0x00026fcc   0x00000088   Code   RO         4550    i.app_timer_start   app_timer.o
    0x00027054   0x00027054   0x00000020   Code   RO         4551    i.app_timer_stop    app_timer.o
    0x00027074   0x00027074   0x00000048   Code   RO         4711    i.app_util_critical_region_enter  app_util_platform.o
    0x000270bc   0x000270bc   0x00000034   Code   RO         4712    i.app_util_critical_region_exit  app_util_platform.o
    0x000270f0   0x000270f0   0x00000004   Code   RO         1375    i.apply_pending_handle  gatt_cache_manager.o
    0x000270f4   0x000270f4   0x000000f4   Code   RO         2597    i.auth_status_success_process  security_dispatcher.o
    0x000271e8   0x000271e8   0x00000182   Code   RO          743    i.ble_advdata_encode  ble_advdata.o
    0x0002736a   0x0002736a   0x00000002   PAD
    0x0002736c   0x0002736c   0x00000068   Code   RO          892    i.ble_conn_params_init  ble_conn_params.o
    0x000273d4   0x000273d4   0x00000020   Code   RO          995    i.ble_conn_state_encrypted  ble_conn_state.o
    0x000273f4   0x000273f4   0x0000002c   Code   RO          997    i.ble_conn_state_for_each_set_user_flag  ble_conn_state.o
    0x00027420   0x00027420   0x00000024   Code   RO         1002    i.ble_conn_state_role  ble_conn_state.o
    0x00027444   0x00027444   0x00000018   Code   RO         1004    i.ble_conn_state_user_flag_acquire  ble_conn_state.o
    0x0002745c   0x0002745c   0x00000030   Code   RO         1005    i.ble_conn_state_user_flag_get  ble_conn_state.o
    0x0002748c   0x0002748c   0x00000040   Code   RO         1006    i.ble_conn_state_user_flag_set  ble_conn_state.o
    0x000274cc   0x000274cc   0x00000014   Code   RO         1007    i.ble_conn_state_valid  ble_conn_state.o
    0x000274e0   0x000274e0   0x00000060   Code   RO          749    i.ble_device_addr_encode  ble_advdata.o
    0x00027540   0x00027540   0x00000024   Code   RO         6823    i.ble_dfu_buttonless_async_svci_init  ble_dfu_unbonded.o
    0x00027564   0x00027564   0x00000014   Code   RO         6824    i.ble_dfu_buttonless_backend_init  ble_dfu_unbonded.o
    0x00027578   0x00027578   0x0000002c   Code   RO         6713    i.ble_dfu_buttonless_bootloader_start_finalize  ble_dfu.o
    0x000275a4   0x000275a4   0x00000018   Code   RO         6825    i.ble_dfu_buttonless_bootloader_start_prepare  ble_dfu_unbonded.o
    0x000275bc   0x000275bc   0x00000050   Code   RO         6826    i.ble_dfu_buttonless_char_add  ble_dfu_unbonded.o
    0x0002760c   0x0002760c   0x00000070   Code   RO         6714    i.ble_dfu_buttonless_init  ble_dfu.o
    0x0002767c   0x0002767c   0x0000007c   Code   RO         6715    i.ble_dfu_buttonless_on_ble_evt  ble_dfu.o
    0x000276f8   0x000276f8   0x000000b8   Code   RO         6827    i.ble_dfu_buttonless_on_ctrl_pt_write  ble_dfu_unbonded.o
    0x000277b0   0x000277b0   0x00000060   Code   RO         6828    i.ble_dfu_buttonless_on_sys_evt  ble_dfu_unbonded.o
    0x00027810   0x00027810   0x00000054   Code   RO         6716    i.ble_dfu_buttonless_resp_send  ble_dfu.o
    0x00027864   0x00027864   0x00000002   Code   RO            8    i.ble_dfu_evt_handler  main.o
    0x00027866   0x00027866   0x00000002   PAD
    0x00027868   0x00027868   0x00000114   Code   RO            9    i.ble_evt_handler   main.o
    0x0002797c   0x0002797c   0x000000fc   Code   RO          894    i.ble_evt_handler   ble_conn_params.o
    0x00027a78   0x00027a78   0x00000144   Code   RO         1008    i.ble_evt_handler   ble_conn_state.o
    0x00027bbc   0x00027bbc   0x00000028   Code   RO         2152    i.ble_evt_handler   peer_manager.o
    0x00027be4   0x00027be4   0x000000c8   Code   RO         2911    i.ble_lbs_init      ble_lbs.o
    0x00027cac   0x00027cac   0x0000002e   Code   RO         2913    i.ble_lbs_on_ble_evt  ble_lbs.o
    0x00027cda   0x00027cda   0x00000038   Code   RO         2915    i.ble_lbs_on_button_change1  ble_lbs.o
    0x00027d12   0x00027d12   0x00000008   Code   RO         1152    i.ble_srv_is_indication_enabled  ble_srv_common.o
    0x00027d1a   0x00027d1a   0x00000008   Code   RO         1153    i.ble_srv_is_notification_enabled  ble_srv_common.o
    0x00027d22   0x00027d22   0x00000002   PAD
    0x00027d24   0x00027d24   0x00000044   Code   RO           10    i.ble_stack_init    main.o
    0x00027d68   0x00027d68   0x00000054   Code   RO          465    i.bsp_board_init    boards.o
    0x00027dbc   0x00027dbc   0x00000010   Code   RO          468    i.bsp_board_led_off  boards.o
    0x00027dcc   0x00027dcc   0x00000010   Code   RO          469    i.bsp_board_led_on  boards.o
    0x00027ddc   0x00027ddc   0x00000012   Code   RO          471    i.bsp_board_leds_off  boards.o
    0x00027dee   0x00027dee   0x00000002   PAD
    0x00027df0   0x00027df0   0x00000044   Code   RO           11    i.button_event_handler  main.o
    0x00027e34   0x00027e34   0x00000028   Code   RO         1376    i.car_update_needed  gatt_cache_manager.o
    0x00027e5c   0x00027e5c   0x00000028   Code   RO         1377    i.car_update_pending_handle  gatt_cache_manager.o
    0x00027e84   0x00027e84   0x0000001c   Code   RO         3300    i.channel_free      nrfx_gpiote.o
    0x00027ea0   0x00027ea0   0x00000048   Code   RO         3301    i.channel_port_alloc  nrfx_gpiote.o
    0x00027ee8   0x00027ee8   0x00000010   Code   RO         3302    i.channel_port_get  nrfx_gpiote.o
    0x00027ef8   0x00027ef8   0x00000190   Code   RO         1155    i.characteristic_add  ble_srv_common.o
    0x00028088   0x00028088   0x0000003e   Code   RO         2062    i.claim             peer_id.o
    0x000280c6   0x000280c6   0x00000002   PAD
    0x000280c8   0x000280c8   0x00000028   Code   RO         2963    i.clock_clk_started_notify  nrf_drv_clock.o
    0x000280f0   0x000280f0   0x0000001c   Code   RO         2964    i.clock_irq_handler  nrf_drv_clock.o
    0x0002810c   0x0002810c   0x000000ac   Code   RO         4553    i.compare_reg_update  app_timer.o
    0x000281b8   0x000281b8   0x0000003e   Code   RO         1009    i.conn_handle_list_get  ble_conn_state.o
    0x000281f6   0x000281f6   0x00000088   Code   RO          750    i.conn_int_encode   ble_advdata.o
    0x0002827e   0x0002827e   0x00000002   PAD
    0x00028280   0x00028280   0x0000001c   Code   RO           12    i.conn_params_error_handler  main.o
    0x0002829c   0x0002829c   0x00000048   Code   RO          895    i.conn_params_negotiation  ble_conn_params.o
    0x000282e4   0x000282e4   0x00000044   Code   RO         2598    i.conn_sec_failure  security_dispatcher.o
    0x00028328   0x00028328   0x0000001e   Code   RO         1213    i.data_length_update  nrf_ble_gatt.o
    0x00028346   0x00028346   0x00000002   PAD
    0x00028348   0x00028348   0x00000080   Code   RO         1378    i.db_update_pending_handle  gatt_cache_manager.o
    0x000283c8   0x000283c8   0x00000080   Code   RO         5500    i.delete_execute    fds.o
    0x00028448   0x00028448   0x00000098   Code   RO         4297    i.detection_delay_timeout_handler  app_button.o
    0x000284e0   0x000284e0   0x00000002   Code   RO         6717    i.dummy_evt_handler  ble_dfu.o
    0x000284e2   0x000284e2   0x00000002   PAD
    0x000284e4   0x000284e4   0x00000040   Code   RO         4554    i.elapsed_ticks_acquire  app_timer.o
    0x00028524   0x00028524   0x0000000a   Code   RO         2599    i.encryption_failure  security_dispatcher.o
    0x0002852e   0x0002852e   0x00000002   PAD
    0x00028530   0x00028530   0x0000004c   Code   RO         5930    i.erase             nrf_fstorage_sd.o
    0x0002857c   0x0002857c   0x00000074   Code   RO         5501    i.event_prepare     fds.o
    0x000285f0   0x000285f0   0x00000020   Code   RO         5502    i.event_send        fds.o
    0x00028610   0x00028610   0x00000054   Code   RO         5931    i.event_send        nrf_fstorage_sd.o
    0x00028664   0x00028664   0x0000006c   Code   RO         2744    i.events_send_from_err_code  security_manager.o
    0x000286d0   0x000286d0   0x0000001c   Code   RO         1379    i.evt_send          gatt_cache_manager.o
    0x000286ec   0x000286ec   0x0000002c   Code   RO         2153    i.evt_send          peer_manager.o
    0x00028718   0x00028718   0x0000001c   Code   RO         2600    i.evt_send          security_dispatcher.o
    0x00028734   0x00028734   0x0000000c   Code   RO         2745    i.evt_send          security_manager.o
    0x00028740   0x00028740   0x000000ec   Code   RO         1808    i.fds_evt_handler   peer_data_storage.o
    0x0002882c   0x0002882c   0x00000044   Code   RO         5504    i.fds_file_delete   fds.o
    0x00028870   0x00028870   0x0000003c   Code   RO         5505    i.fds_gc            fds.o
    0x000288ac   0x000288ac   0x000000d0   Code   RO         5506    i.fds_init          fds.o
    0x0002897c   0x0002897c   0x00000040   Code   RO         5507    i.fds_record_close  fds.o
    0x000289bc   0x000289bc   0x0000000e   Code   RO         5509    i.fds_record_find   fds.o
    0x000289ca   0x000289ca   0x00000010   Code   RO         5510    i.fds_record_find_by_key  fds.o
    0x000289da   0x000289da   0x00000010   Code   RO         5511    i.fds_record_find_in_file  fds.o
    0x000289ea   0x000289ea   0x00000010   Code   RO         5512    i.fds_record_id_from_desc  fds.o
    0x000289fa   0x000289fa   0x00000002   PAD
    0x000289fc   0x000289fc   0x00000048   Code   RO         5514    i.fds_record_open   fds.o
    0x00028a44   0x00028a44   0x0000000e   Code   RO         5515    i.fds_record_update  fds.o
    0x00028a52   0x00028a52   0x00000008   Code   RO         5516    i.fds_record_write  fds.o
    0x00028a5a   0x00028a5a   0x00000002   PAD
    0x00028a5c   0x00028a5c   0x0000002c   Code   RO         5518    i.fds_register      fds.o
    0x00028a88   0x00028a88   0x00000014   Code   RO         1809    i.file_id_within_pm_range  peer_data_storage.o
    0x00028a9c   0x00028a9c   0x00000012   Code   RO         2601    i.flag_id_init      security_dispatcher.o
    0x00028aae   0x00028aae   0x00000012   Code   RO         2746    i.flag_id_init      security_manager.o
    0x00028ac0   0x00028ac0   0x00000030   Code   RO         2747    i.flags_set_from_err_code  security_manager.o
    0x00028af0   0x00028af0   0x00000030   Code   RO         1010    i.for_each_set_flag  ble_conn_state.o
    0x00028b20   0x00028b20   0x00000006   Code   RO         5522    i.fs_event_handler  fds.o
    0x00028b26   0x00028b26   0x00000002   PAD
    0x00028b28   0x00028b28   0x00000068   Code   RO           13    i.gap_params_init   main.o
    0x00028b90   0x00028b90   0x0000007c   Code   RO         5523    i.gc_execute        fds.o
    0x00028c0c   0x00028c0c   0x0000004c   Code   RO         5524    i.gc_next_page      fds.o
    0x00028c58   0x00028c58   0x00000040   Code   RO         5525    i.gc_page_erase     fds.o
    0x00028c98   0x00028c98   0x00000034   Code   RO         5526    i.gc_record_copy    fds.o
    0x00028ccc   0x00028ccc   0x00000024   Code   RO         5527    i.gc_record_find_next  fds.o
    0x00028cf0   0x00028cf0   0x00000088   Code   RO         5528    i.gc_state_advance  fds.o
    0x00028d78   0x00028d78   0x000000d0   Code   RO         1380    i.gcm_ble_evt_handler  gatt_cache_manager.o
    0x00028e48   0x00028e48   0x0000003c   Code   RO         1381    i.gcm_im_evt_handler  gatt_cache_manager.o
    0x00028e84   0x00028e84   0x0000005c   Code   RO         1382    i.gcm_init          gatt_cache_manager.o
    0x00028ee0   0x00028ee0   0x00000088   Code   RO         1385    i.gcm_pdb_evt_handler  gatt_cache_manager.o
    0x00028f68   0x00028f68   0x00000084   Code   RO         4298    i.gpiote_event_handler  app_button.o
    0x00028fec   0x00028fec   0x0000001c   Code   RO         1542    i.gscm_db_change_notification_done  gatts_cache_manager.o
    0x00029008   0x00029008   0x00000014   Code   RO         1543    i.gscm_init         gatts_cache_manager.o
    0x0002901c   0x0002901c   0x0000006a   Code   RO         1545    i.gscm_local_db_cache_apply  gatts_cache_manager.o
    0x00029086   0x00029086   0x00000082   Code   RO         1546    i.gscm_local_db_cache_update  gatts_cache_manager.o
    0x00029108   0x00029108   0x00000018   Code   RO         1547    i.gscm_pdb_evt_handler  gatts_cache_manager.o
    0x00029120   0x00029120   0x0000001e   Code   RO         1548    i.gscm_service_changed_ind_needed  gatts_cache_manager.o
    0x0002913e   0x0002913e   0x00000002   PAD
    0x00029140   0x00029140   0x00000038   Code   RO         1549    i.gscm_service_changed_ind_send  gatts_cache_manager.o
    0x00029178   0x00029178   0x00000026   Code   RO         5529    i.header_check      fds.o
    0x0002919e   0x0002919e   0x00000012   Code   RO         5530    i.header_has_next   fds.o
    0x000291b0   0x000291b0   0x00000046   Code   RO         1630    i.im_address_resolve  id_manager.o
    0x000291f6   0x000291f6   0x00000002   PAD
    0x000291f8   0x000291f8   0x00000038   Code   RO         1631    i.im_ble_addr_get   id_manager.o
    0x00029230   0x00029230   0x000000dc   Code   RO         1632    i.im_ble_evt_handler  id_manager.o
    0x0002930c   0x0002930c   0x00000040   Code   RO         1633    i.im_conn_handle_get  id_manager.o
    0x0002934c   0x0002934c   0x00000038   Code   RO         1635    i.im_find_duplicate_bonding_data  id_manager.o
    0x00029384   0x00029384   0x00000072   Code   RO         1638    i.im_is_duplicate_bonding_data  id_manager.o
    0x000293f6   0x000293f6   0x00000018   Code   RO         1639    i.im_master_id_is_valid  id_manager.o
    0x0002940e   0x0002940e   0x0000002a   Code   RO         1640    i.im_master_ids_compare  id_manager.o
    0x00029438   0x00029438   0x00000014   Code   RO         1641    i.im_new_peer_id    id_manager.o
    0x0002944c   0x0002944c   0x0000002c   Code   RO         1642    i.im_peer_free      id_manager.o
    0x00029478   0x00029478   0x00000024   Code   RO         1643    i.im_peer_id_get_by_conn_handle  id_manager.o
    0x0002949c   0x0002949c   0x0000003c   Code   RO         1644    i.im_peer_id_get_by_master_id  id_manager.o
    0x000294d8   0x000294d8   0x00000034   Code   RO         5932    i.init              nrf_fstorage_sd.o
    0x0002950c   0x0002950c   0x000000c8   Code   RO         5531    i.init_execute      fds.o
    0x000295d4   0x000295d4   0x00000014   Code   RO          896    i.instance_get      ble_conn_params.o
    0x000295e8   0x000295e8   0x00000010   Code   RO         5933    i.is_busy           nrf_fstorage_sd.o
    0x000295f8   0x000295f8   0x00000044   Code   RO          897    i.is_conn_params_ok  ble_conn_params.o
    0x0002963c   0x0002963c   0x00000014   Code   RO         1649    i.is_valid_irk      id_manager.o
    0x00029650   0x00029650   0x0000000c   Code   RO         5532    i.is_word_aligned   fds.o
    0x0002965c   0x0002965c   0x0000000e   Code   RO           14    i.led_write_handler  main.o
    0x0002966a   0x0002966a   0x00000018   Code   RO         1214    i.link_init         nrf_ble_gatt.o
    0x00029682   0x00029682   0x00000002   PAD
    0x00029684   0x00029684   0x000000a0   Code   RO         2748    i.link_secure       security_manager.o
    0x00029724   0x00029724   0x0000000a   Code   RO         2602    i.link_secure_authenticate  security_dispatcher.o
    0x0002972e   0x0002972e   0x00000002   PAD
    0x00029730   0x00029730   0x00000068   Code   RO         2603    i.link_secure_central  security_dispatcher.o
    0x00029798   0x00029798   0x0000006a   Code   RO         2604    i.link_secure_central_encryption  security_dispatcher.o
    0x00029802   0x00029802   0x00000002   PAD
    0x00029804   0x00029804   0x00000070   Code   RO         2605    i.link_secure_failure  security_dispatcher.o
    0x00029874   0x00029874   0x0000002c   Code   RO         2749    i.link_secure_pending_handle  security_manager.o
    0x000298a0   0x000298a0   0x000000f8   Code   RO         4555    i.list_insertions_handler  app_timer.o
    0x00029998   0x00029998   0x00000068   Code   RO         1386    i.local_db_apply_in_evt  gatt_cache_manager.o
    0x00029a00   0x00029a00   0x00000010   Code   RO         1387    i.local_db_update   gatt_cache_manager.o
    0x00029a10   0x00029a10   0x0000015c   Code   RO           15    i.main              main.o
    0x00029b6c   0x00029b6c   0x00000064   Code   RO          751    i.manuf_specific_data_encode  ble_advdata.o
    0x00029bd0   0x00029bd0   0x00000008   Code   RO         2549    i.mutex_lock_status_get  pm_buffer.o
    0x00029bd8   0x00029bd8   0x000000a6   Code   RO          752    i.name_encode       ble_advdata.o
    0x00029c7e   0x00029c7e   0x00000002   PAD
    0x00029c80   0x00029c80   0x00000014   Code   RO         2750    i.new_context_get   security_manager.o
    0x00029c94   0x00029c94   0x00000030   Code   RO         2063    i.next_id_get       peer_id.o
    0x00029cc4   0x00029cc4   0x00000010   Code   RO         4826    i.nrf_atfifo_clear  nrf_atfifo.o
    0x00029cd4   0x00029cd4   0x00000026   Code   RO         4828    i.nrf_atfifo_init   nrf_atfifo.o
    0x00029cfa   0x00029cfa   0x00000016   Code   RO         4829    i.nrf_atfifo_item_alloc  nrf_atfifo.o
    0x00029d10   0x00029d10   0x00000016   Code   RO         4830    i.nrf_atfifo_item_free  nrf_atfifo.o
    0x00029d26   0x00029d26   0x00000016   Code   RO         4831    i.nrf_atfifo_item_get  nrf_atfifo.o
    0x00029d3c   0x00029d3c   0x00000016   Code   RO         4832    i.nrf_atfifo_item_put  nrf_atfifo.o
    0x00029d52   0x00029d52   0x00000016   Code   RO         4897    i.nrf_atflags_clear  nrf_atflags.o
    0x00029d68   0x00029d68   0x00000020   Code   RO         4899    i.nrf_atflags_fetch_set  nrf_atflags.o
    0x00029d88   0x00029d88   0x0000004a   Code   RO         4901    i.nrf_atflags_find_and_set_flag  nrf_atflags.o
    0x00029dd2   0x00029dd2   0x00000016   Code   RO         4902    i.nrf_atflags_get   nrf_atflags.o
    0x00029de8   0x00029de8   0x00000014   Code   RO         4904    i.nrf_atflags_set   nrf_atflags.o
    0x00029dfc   0x00029dfc   0x00000006   Code   RO         4967    i.nrf_atomic_flag_set_fetch  nrf_atomic.o
    0x00029e02   0x00029e02   0x0000000c   Code   RO         4968    i.nrf_atomic_u32_add  nrf_atomic.o
    0x00029e0e   0x00029e0e   0x0000000c   Code   RO         4969    i.nrf_atomic_u32_and  nrf_atomic.o
    0x00029e1a   0x00029e1a   0x0000000a   Code   RO         4971    i.nrf_atomic_u32_fetch_add  nrf_atomic.o
    0x00029e24   0x00029e24   0x0000000a   Code   RO         4973    i.nrf_atomic_u32_fetch_or  nrf_atomic.o
    0x00029e2e   0x00029e2e   0x0000000a   Code   RO         4974    i.nrf_atomic_u32_fetch_store  nrf_atomic.o
    0x00029e38   0x00029e38   0x0000000c   Code   RO         4978    i.nrf_atomic_u32_or  nrf_atomic.o
    0x00029e44   0x00029e44   0x0000000c   Code   RO         4980    i.nrf_atomic_u32_sub  nrf_atomic.o
    0x00029e50   0x00029e50   0x00000010   Code   RO         3303    i.nrf_bitmask_bit_is_set  nrfx_gpiote.o
    0x00029e60   0x00029e60   0x00000014   Code   RO         3304    i.nrf_bitmask_bit_set  nrfx_gpiote.o
    0x00029e74   0x00029e74   0x00000022   Code   RO         1220    i.nrf_ble_gatt_init  nrf_ble_gatt.o
    0x00029e96   0x00029e96   0x00000002   PAD
    0x00029e98   0x00029e98   0x00000174   Code   RO         1221    i.nrf_ble_gatt_on_ble_evt  nrf_ble_gatt.o
    0x0002a00c   0x0002a00c   0x00000016   Code   RO         1313    i.nrf_ble_qwr_conn_handle_assign  nrf_ble_qwr.o
    0x0002a022   0x0002a022   0x00000024   Code   RO         1314    i.nrf_ble_qwr_init  nrf_ble_qwr.o
    0x0002a046   0x0002a046   0x000000b6   Code   RO         1315    i.nrf_ble_qwr_on_ble_evt  nrf_ble_qwr.o
    0x0002a0fc   0x0002a0fc   0x0000000e   Code   RO         3168    i.nrf_clock_event_check  nrfx_clock.o
    0x0002a10a   0x0002a10a   0x00000010   Code   RO         3169    i.nrf_clock_event_clear  nrfx_clock.o
    0x0002a11a   0x0002a11a   0x00000014   Code   RO         6882    i.nrf_dfu_svci_vector_table_set  nrf_dfu_svci.o
    0x0002a12e   0x0002a12e   0x00000002   PAD
    0x0002a130   0x0002a130   0x0000000c   Code   RO         6883    i.nrf_dfu_svci_vector_table_unset  nrf_dfu_svci.o
    0x0002a13c   0x0002a13c   0x00000038   Code   RO         2971    i.nrf_drv_clock_init  nrf_drv_clock.o
    0x0002a174   0x0002a174   0x00000030   Code   RO         2975    i.nrf_drv_clock_lfclk_release  nrf_drv_clock.o
    0x0002a1a4   0x0002a1a4   0x0000004e   Code   RO         5846    i.nrf_fstorage_erase  nrf_fstorage.o
    0x0002a1f2   0x0002a1f2   0x00000010   Code   RO         5847    i.nrf_fstorage_init  nrf_fstorage.o
    0x0002a202   0x0002a202   0x00000002   PAD
    0x0002a204   0x0002a204   0x00000018   Code   RO         5934    i.nrf_fstorage_sdh_req_handler  nrf_fstorage_sd.o
    0x0002a21c   0x0002a21c   0x00000020   Code   RO         5935    i.nrf_fstorage_sdh_state_handler  nrf_fstorage_sd.o
    0x0002a23c   0x0002a23c   0x000000a4   Code   RO         5936    i.nrf_fstorage_sys_evt_handler  nrf_fstorage_sd.o
    0x0002a2e0   0x0002a2e0   0x00000066   Code   RO         5853    i.nrf_fstorage_write  nrf_fstorage.o
    0x0002a346   0x0002a346   0x00000024   Code   RO          475    i.nrf_gpio_cfg      boards.o
    0x0002a36a   0x0002a36a   0x00000024   Code   RO         3305    i.nrf_gpio_cfg      nrfx_gpiote.o
    0x0002a38e   0x0002a38e   0x00000022   Code   RO         3307    i.nrf_gpio_cfg_sense_set  nrfx_gpiote.o
    0x0002a3b0   0x0002a3b0   0x00000016   Code   RO          476    i.nrf_gpio_pin_write  boards.o
    0x0002a3c6   0x0002a3c6   0x00000002   PAD
    0x0002a3c8   0x0002a3c8   0x00000028   Code   RO         3308    i.nrf_gpio_ports_read  nrfx_gpiote.o
    0x0002a3f0   0x0002a3f0   0x00000014   Code   RO         3309    i.nrf_gpiote_event_clear  nrfx_gpiote.o
    0x0002a404   0x0002a404   0x00000010   Code   RO         3310    i.nrf_gpiote_event_is_set  nrfx_gpiote.o
    0x0002a414   0x0002a414   0x00000028   Code   RO         5300    i.nrf_pwr_mgmt_init  nrf_pwr_mgmt.o
    0x0002a43c   0x0002a43c   0x00000044   Code   RO         5301    i.nrf_pwr_mgmt_run  nrf_pwr_mgmt.o
    0x0002a480   0x0002a480   0x0000003c   Code   RO         5302    i.nrf_pwr_mgmt_shutdown  nrf_pwr_mgmt.o
    0x0002a4bc   0x0002a4bc   0x0000001c   Code   RO           16    i.nrf_qwr_error_handler  main.o
    0x0002a4d8   0x0002a4d8   0x00000010   Code   RO         4116    i.nrf_saadc_buffer_init  nrfx_saadc.o
    0x0002a4e8   0x0002a4e8   0x00000014   Code   RO         4117    i.nrf_saadc_channel_input_set  nrfx_saadc.o
    0x0002a4fc   0x0002a4fc   0x00000010   Code   RO         4118    i.nrf_saadc_event_check  nrfx_saadc.o
    0x0002a50c   0x0002a50c   0x00000014   Code   RO         4119    i.nrf_saadc_event_clear  nrfx_saadc.o
    0x0002a520   0x0002a520   0x00000014   Code   RO         6630    i.nrf_sdh_ble_app_ram_start_get  nrf_sdh_ble.o
    0x0002a534   0x0002a534   0x0000009e   Code   RO         6631    i.nrf_sdh_ble_default_cfg_set  nrf_sdh_ble.o
    0x0002a5d2   0x0002a5d2   0x00000002   PAD
    0x0002a5d4   0x0002a5d4   0x00000014   Code   RO         6632    i.nrf_sdh_ble_enable  nrf_sdh_ble.o
    0x0002a5e8   0x0002a5e8   0x000000a8   Code   RO         6633    i.nrf_sdh_ble_evts_poll  nrf_sdh_ble.o
    0x0002a690   0x0002a690   0x00000054   Code   RO         6514    i.nrf_sdh_disable_request  nrf_sdh.o
    0x0002a6e4   0x0002a6e4   0x00000074   Code   RO         6515    i.nrf_sdh_enable_request  nrf_sdh.o
    0x0002a758   0x0002a758   0x00000024   Code   RO         6516    i.nrf_sdh_evts_poll  nrf_sdh.o
    0x0002a77c   0x0002a77c   0x0000000c   Code   RO         6517    i.nrf_sdh_is_enabled  nrf_sdh.o
    0x0002a788   0x0002a788   0x0000001c   Code   RO         6519    i.nrf_sdh_request_continue  nrf_sdh.o
    0x0002a7a4   0x0002a7a4   0x00000080   Code   RO         6681    i.nrf_sdh_soc_evts_poll  nrf_sdh_soc.o
    0x0002a824   0x0002a824   0x0000000a   Code   RO         5432    i.nrf_section_iter_init  nrf_section_iter.o
    0x0002a82e   0x0002a82e   0x00000024   Code   RO         5433    i.nrf_section_iter_item_set  nrf_section_iter.o
    0x0002a852   0x0002a852   0x00000020   Code   RO         5434    i.nrf_section_iter_next  nrf_section_iter.o
    0x0002a872   0x0002a872   0x0000000c   Code   RO         3990    i.nrf_timer_event_clear  nrfx_timer.o
    0x0002a87e   0x0002a87e   0x00000002   PAD
    0x0002a880   0x0002a880   0x00000030   Code   RO         3174    i.nrfx_clock_enable  nrfx_clock.o
    0x0002a8b0   0x0002a8b0   0x00000020   Code   RO         3177    i.nrfx_clock_init   nrfx_clock.o
    0x0002a8d0   0x0002a8d0   0x0000001c   Code   RO         3180    i.nrfx_clock_lfclk_stop  nrfx_clock.o
    0x0002a8ec   0x0002a8ec   0x00000010   Code   RO         4121    i.nrfx_coredep_delay_us  nrfx_saadc.o
    0x0002a8fc   0x0002a8fc   0x00000010   Code   RO         4556    i.nrfx_coredep_delay_us  app_timer.o
    0x0002a90c   0x0002a90c   0x00000048   Code   RO         3314    i.nrfx_gpiote_in_event_disable  nrfx_gpiote.o
    0x0002a954   0x0002a954   0x000000a4   Code   RO         3315    i.nrfx_gpiote_in_event_enable  nrfx_gpiote.o
    0x0002a9f8   0x0002a9f8   0x000000d0   Code   RO         3316    i.nrfx_gpiote_in_init  nrfx_gpiote.o
    0x0002aac8   0x0002aac8   0x00000014   Code   RO         3317    i.nrfx_gpiote_in_is_set  nrfx_gpiote.o
    0x0002aadc   0x0002aadc   0x00000070   Code   RO         3319    i.nrfx_gpiote_init  nrfx_gpiote.o
    0x0002ab4c   0x0002ab4c   0x00000014   Code   RO         3320    i.nrfx_gpiote_is_init  nrfx_gpiote.o
    0x0002ab60   0x0002ab60   0x000000ac   Code   RO         4125    i.nrfx_saadc_channel_init  nrfx_saadc.o
    0x0002ac0c   0x0002ac0c   0x00000090   Code   RO         4127    i.nrfx_saadc_init   nrfx_saadc.o
    0x0002ac9c   0x0002ac9c   0x000000c0   Code   RO         4131    i.nrfx_saadc_sample_convert  nrfx_saadc.o
    0x0002ad5c   0x0002ad5c   0x0000003a   Code   RO         3993    i.nrfx_timer_compare  nrfx_timer.o
    0x0002ad96   0x0002ad96   0x00000002   PAD
    0x0002ad98   0x0002ad98   0x0000001c   Code   RO         3996    i.nrfx_timer_disable  nrfx_timer.o
    0x0002adb4   0x0002adb4   0x0000001c   Code   RO         3997    i.nrfx_timer_enable  nrfx_timer.o
    0x0002add0   0x0002add0   0x0000002a   Code   RO         3998    i.nrfx_timer_extended_compare  nrfx_timer.o
    0x0002adfa   0x0002adfa   0x00000002   PAD
    0x0002adfc   0x0002adfc   0x000000c0   Code   RO         4000    i.nrfx_timer_init   nrfx_timer.o
    0x0002aebc   0x0002aebc   0x00000034   Code   RO           17    i.on_conn_params_evt  main.o
    0x0002aef0   0x0002aef0   0x00000070   Code   RO         6718    i.on_rw_authorize_req  ble_dfu.o
    0x0002af60   0x0002af60   0x00000024   Code   RO         5533    i.page_identify     fds.o
    0x0002af84   0x0002af84   0x0000001c   Code   RO         5534    i.page_offsets_update  fds.o
    0x0002afa0   0x0002afa0   0x0000006c   Code   RO         5535    i.page_scan         fds.o
    0x0002b00c   0x0002b00c   0x0000001c   Code   RO         5536    i.page_tag_write_data  fds.o
    0x0002b028   0x0002b028   0x00000024   Code   RO         5537    i.page_tag_write_swap  fds.o
    0x0002b04c   0x0002b04c   0x0000011c   Code   RO         5538    i.pages_init        fds.o
    0x0002b168   0x0002b168   0x0000000c   Code   RO         2606    i.pairing           security_dispatcher.o
    0x0002b174   0x0002b174   0x0000002e   Code   RO         2607    i.pairing_success_evt_send  security_dispatcher.o
    0x0002b1a2   0x0002b1a2   0x00000006   Code   RO         2751    i.params_reply_pending_handle  security_manager.o
    0x0002b1a8   0x0002b1a8   0x00000028   Code   RO         2752    i.params_req_send   security_manager.o
    0x0002b1d0   0x0002b1d0   0x0000001c   Code   RO         1947    i.pdb_evt_send      peer_database.o
    0x0002b1ec   0x0002b1ec   0x0000004c   Code   RO         1948    i.pdb_init          peer_database.o
    0x0002b238   0x0002b238   0x0000007c   Code   RO         1949    i.pdb_pds_evt_handler  peer_database.o
    0x0002b2b4   0x0002b2b4   0x00000006   Code   RO         1950    i.pdb_peer_data_ptr_get  peer_database.o
    0x0002b2ba   0x0002b2ba   0x0000003a   Code   RO         1951    i.pdb_peer_free     peer_database.o
    0x0002b2f4   0x0002b2f4   0x000000b8   Code   RO         1952    i.pdb_write_buf_get  peer_database.o
    0x0002b3ac   0x0002b3ac   0x00000014   Code   RO         1953    i.pdb_write_buf_release  peer_database.o
    0x0002b3c0   0x0002b3c0   0x00000036   Code   RO         1954    i.pdb_write_buf_store  peer_database.o
    0x0002b3f6   0x0002b3f6   0x00000002   PAD
    0x0002b3f8   0x0002b3f8   0x00000010   Code   RO         1810    i.pds_evt_send      peer_data_storage.o
    0x0002b408   0x0002b408   0x0000006c   Code   RO         1811    i.pds_init          peer_data_storage.o
    0x0002b474   0x0002b474   0x00000004   Code   RO         1812    i.pds_next_deleted_peer_id_get  peer_data_storage.o
    0x0002b478   0x0002b478   0x00000004   Code   RO         1813    i.pds_next_peer_id_get  peer_data_storage.o
    0x0002b47c   0x0002b47c   0x00000058   Code   RO         1816    i.pds_peer_data_iterate  peer_data_storage.o
    0x0002b4d4   0x0002b4d4   0x00000010   Code   RO         1817    i.pds_peer_data_iterate_prepare  peer_data_storage.o
    0x0002b4e4   0x0002b4e4   0x00000072   Code   RO         1818    i.pds_peer_data_read  peer_data_storage.o
    0x0002b556   0x0002b556   0x0000007a   Code   RO         1819    i.pds_peer_data_store  peer_data_storage.o
    0x0002b5d0   0x0002b5d0   0x00000008   Code   RO         1820    i.pds_peer_id_allocate  peer_data_storage.o
    0x0002b5d8   0x0002b5d8   0x00000016   Code   RO         1821    i.pds_peer_id_free  peer_data_storage.o
    0x0002b5ee   0x0002b5ee   0x00000004   Code   RO         1822    i.pds_peer_id_is_allocated  peer_data_storage.o
    0x0002b5f2   0x0002b5f2   0x00000002   PAD
    0x0002b5f4   0x0002b5f4   0x0000007c   Code   RO         1824    i.peer_data_delete_process  peer_data_storage.o
    0x0002b670   0x0002b670   0x00000030   Code   RO         1825    i.peer_data_find    peer_data_storage.o
    0x0002b6a0   0x0002b6a0   0x00000024   Code   RO         1826    i.peer_data_id_is_valid  peer_data_storage.o
    0x0002b6c4   0x0002b6c4   0x0000001a   Code   RO         1955    i.peer_data_point_to_buffer  peer_database.o
    0x0002b6de   0x0002b6de   0x00000002   PAD
    0x0002b6e0   0x0002b6e0   0x0000000c   Code   RO         2064    i.peer_id_allocate  peer_id.o
    0x0002b6ec   0x0002b6ec   0x00000024   Code   RO         2065    i.peer_id_delete    peer_id.o
    0x0002b710   0x0002b710   0x0000001c   Code   RO         2066    i.peer_id_free      peer_id.o
    0x0002b72c   0x0002b72c   0x0000000c   Code   RO         2067    i.peer_id_get_next_deleted  peer_id.o
    0x0002b738   0x0002b738   0x00000030   Code   RO         2068    i.peer_id_get_next_used  peer_id.o
    0x0002b768   0x0002b768   0x0000000c   Code   RO         2069    i.peer_id_init      peer_id.o
    0x0002b774   0x0002b774   0x00000014   Code   RO         2070    i.peer_id_is_allocated  peer_id.o
    0x0002b788   0x0002b788   0x00000014   Code   RO         2071    i.peer_id_is_deleted  peer_id.o
    0x0002b79c   0x0002b79c   0x00000080   Code   RO           18    i.peer_manager_init  main.o
    0x0002b81c   0x0002b81c   0x00000018   Code   RO         3336    i.pin_in_use_by_port  nrfx_gpiote.o
    0x0002b834   0x0002b834   0x00000018   Code   RO         3337    i.pin_in_use_by_te  nrfx_gpiote.o
    0x0002b84c   0x0002b84c   0x00000064   Code   RO         2550    i.pm_buffer_block_acquire  pm_buffer.o
    0x0002b8b0   0x0002b8b0   0x00000024   Code   RO         2551    i.pm_buffer_init    pm_buffer.o
    0x0002b8d4   0x0002b8d4   0x00000028   Code   RO         2552    i.pm_buffer_ptr_get  pm_buffer.o
    0x0002b8fc   0x0002b8fc   0x00000032   Code   RO         2553    i.pm_buffer_release  pm_buffer.o
    0x0002b92e   0x0002b92e   0x0000000a   Code   RO         2156    i.pm_conn_sec_config_reply  peer_manager.o
    0x0002b938   0x0002b938   0x0000008c   Code   RO           19    i.pm_evt_handler    main.o
    0x0002b9c4   0x0002b9c4   0x00000004   Code   RO         2161    i.pm_gcm_evt_handler  peer_manager.o
    0x0002b9c8   0x0002b9c8   0x00000004   Code   RO         2164    i.pm_im_evt_handler  peer_manager.o
    0x0002b9cc   0x0002b9cc   0x00000044   Code   RO         2165    i.pm_init           peer_manager.o
    0x0002ba10   0x0002ba10   0x00000120   Code   RO         2169    i.pm_pdb_evt_handler  peer_manager.o
    0x0002bb30   0x0002bb30   0x00000014   Code   RO         2180    i.pm_peer_delete    peer_manager.o
    0x0002bb44   0x0002bb44   0x000000c4   Code   RO         2185    i.pm_peer_ranks_get  peer_manager.o
    0x0002bc08   0x0002bc08   0x00000068   Code   RO         2186    i.pm_peers_delete   peer_manager.o
    0x0002bc70   0x0002bc70   0x0000002c   Code   RO         2189    i.pm_register       peer_manager.o
    0x0002bc9c   0x0002bc9c   0x00000014   Code   RO         2190    i.pm_sec_params_set  peer_manager.o
    0x0002bcb0   0x0002bcb0   0x0000000a   Code   RO         2191    i.pm_sm_evt_handler  peer_manager.o
    0x0002bcba   0x0002bcba   0x00000002   PAD
    0x0002bcbc   0x0002bcbc   0x0000001c   Code   RO         5539    i.queue_buf_get     fds.o
    0x0002bcd8   0x0002bcd8   0x00000010   Code   RO         5540    i.queue_buf_store   fds.o
    0x0002bce8   0x0002bce8   0x00000014   Code   RO         5937    i.queue_free        nrf_fstorage_sd.o
    0x0002bcfc   0x0002bcfc   0x000000a0   Code   RO         5541    i.queue_process     fds.o
    0x0002bd9c   0x0002bd9c   0x000000a0   Code   RO         5938    i.queue_process     nrf_fstorage_sd.o
    0x0002be3c   0x0002be3c   0x0000001c   Code   RO         5542    i.queue_start       fds.o
    0x0002be58   0x0002be58   0x00000024   Code   RO         5939    i.queue_start       nrf_fstorage_sd.o
    0x0002be7c   0x0002be7c   0x00000028   Code   RO         2194    i.rank_vars_update  peer_manager.o
    0x0002bea4   0x0002bea4   0x0000000e   Code   RO         5940    i.read              nrf_fstorage_sd.o
    0x0002beb2   0x0002beb2   0x00000002   PAD
    0x0002beb4   0x0002beb4   0x0000008c   Code   RO         1956    i.reattempt_previous_operations  peer_database.o
    0x0002bf40   0x0002bf40   0x00000088   Code   RO         5543    i.record_find       fds.o
    0x0002bfc8   0x0002bfc8   0x000000a0   Code   RO         5544    i.record_find_by_desc  fds.o
    0x0002c068   0x0002c068   0x0000005c   Code   RO         5545    i.record_find_next  fds.o
    0x0002c0c4   0x0002c0c4   0x00000038   Code   RO         5546    i.record_header_flag_dirty  fds.o
    0x0002c0fc   0x0002c0fc   0x00000010   Code   RO         2073    i.release           peer_id.o
    0x0002c10c   0x0002c10c   0x00000004   Code   RO         5941    i.rmap              nrf_fstorage_sd.o
    0x0002c110   0x0002c110   0x0000003c   Code   RO         4557    i.rtc1_stop         app_timer.o
    0x0002c14c   0x0002c14c   0x00000002   Code   RO           20    i.saadc_callback    main.o
    0x0002c14e   0x0002c14e   0x00000002   PAD
    0x0002c150   0x0002c150   0x00000050   Code   RO           21    i.saadc_init        main.o
    0x0002c1a0   0x0002c1a0   0x00000024   Code   RO         1388    i.sc_send_pending_handle  gatt_cache_manager.o
    0x0002c1c4   0x0002c1c4   0x00000050   Code   RO         2978    i.sd_state_evt_handler  nrf_drv_clock.o
    0x0002c214   0x0002c214   0x00000030   Code   RO         6522    i.sdh_request_observer_notify  nrf_sdh.o
    0x0002c244   0x0002c244   0x0000002c   Code   RO         6523    i.sdh_state_observer_notify  nrf_sdh.o
    0x0002c270   0x0002c270   0x00000088   Code   RO         2608    i.sec_info_request_process  security_dispatcher.o
    0x0002c2f8   0x0002c2f8   0x00000064   Code   RO         2609    i.sec_keyset_fill   security_dispatcher.o
    0x0002c35c   0x0002c35c   0x00000076   Code   RO         2753    i.sec_params_verify  security_manager.o
    0x0002c3d2   0x0002c3d2   0x00000002   PAD
    0x0002c3d4   0x0002c3d4   0x00000060   Code   RO         2610    i.sec_proc_start    security_dispatcher.o
    0x0002c434   0x0002c434   0x00000022   Code   RO         2611    i.send_config_req   security_dispatcher.o
    0x0002c456   0x0002c456   0x00000002   PAD
    0x0002c458   0x0002c458   0x00000010   Code   RO          898    i.send_error_evt    ble_conn_params.o
    0x0002c468   0x0002c468   0x00000028   Code   RO         1389    i.send_unexpected_error  gatt_cache_manager.o
    0x0002c490   0x0002c490   0x00000028   Code   RO         2612    i.send_unexpected_error  security_dispatcher.o
    0x0002c4b8   0x0002c4b8   0x00000014   Code   RO         1390    i.service_changed_pending_flags_check  gatt_cache_manager.o
    0x0002c4cc   0x0002c4cc   0x00000044   Code   RO         1550    i.service_changed_pending_set  gatts_cache_manager.o
    0x0002c510   0x0002c510   0x0000008c   Code   RO         1391    i.service_changed_send_in_evt  gatt_cache_manager.o
    0x0002c59c   0x0002c59c   0x00000088   Code   RO          753    i.service_data_encode  ble_advdata.o
    0x0002c624   0x0002c624   0x00000078   Code   RO           22    i.services_init     main.o
    0x0002c69c   0x0002c69c   0x00000030   Code   RO         1157    i.set_security_req  ble_srv_common.o
    0x0002c6cc   0x0002c6cc   0x00000070   Code   RO         5303    i.shutdown_process  nrf_pwr_mgmt.o
    0x0002c73c   0x0002c73c   0x0000002c   Code   RO         2754    i.sm_ble_evt_handler  security_manager.o
    0x0002c768   0x0002c768   0x00000004   Code   RO         2755    i.sm_conn_sec_config_reply  security_manager.o
    0x0002c76c   0x0002c76c   0x0000003c   Code   RO         2756    i.sm_init           security_manager.o
    0x0002c7a8   0x0002c7a8   0x00000044   Code   RO         2759    i.sm_pdb_evt_handler  security_manager.o
    0x0002c7ec   0x0002c7ec   0x00000034   Code   RO         2761    i.sm_sec_params_set  security_manager.o
    0x0002c820   0x0002c820   0x00000060   Code   RO         2762    i.sm_smd_evt_handler  security_manager.o
    0x0002c880   0x0002c880   0x00000118   Code   RO         2613    i.smd_ble_evt_handler  security_dispatcher.o
    0x0002c998   0x0002c998   0x00000010   Code   RO         2614    i.smd_conn_sec_config_reply  security_dispatcher.o
    0x0002c9a8   0x0002c9a8   0x0000004c   Code   RO         2615    i.smd_init          security_dispatcher.o
    0x0002c9f4   0x0002c9f4   0x0000003a   Code   RO         2616    i.smd_link_secure   security_dispatcher.o
    0x0002ca2e   0x0002ca2e   0x00000002   PAD
    0x0002ca30   0x0002ca30   0x000000b0   Code   RO         2617    i.smd_params_reply  security_dispatcher.o
    0x0002cae0   0x0002cae0   0x00000040   Code   RO         2763    i.smd_params_reply_perform  security_manager.o
    0x0002cb20   0x0002cb20   0x00000018   Code   RO         2979    i.soc_evt_handler   nrf_drv_clock.o
    0x0002cb38   0x0002cb38   0x00000078   Code   RO         6524    i.softdevice_evt_irq_disable  nrf_sdh.o
    0x0002cbb0   0x0002cbb0   0x00000098   Code   RO         6525    i.softdevices_evt_irq_enable  nrf_sdh.o
    0x0002cc48   0x0002cc48   0x0000002c   Code   RO         1392    i.store_car_value   gatt_cache_manager.o
    0x0002cc74   0x0002cc74   0x00000054   Code   RO           23    i.thi_monitor_handler  main.o
    0x0002ccc8   0x0002ccc8   0x0000000c   Code   RO           24    i.thi_monitor_timeout_handler  main.o
    0x0002ccd4   0x0002ccd4   0x00000080   Code   RO         4558    i.timer_list_handler  app_timer.o
    0x0002cd54   0x0002cd54   0x0000003c   Code   RO         4559    i.timer_list_insert  app_timer.o
    0x0002cd90   0x0002cd90   0x00000060   Code   RO         4560    i.timer_list_remove  app_timer.o
    0x0002cdf0   0x0002cdf0   0x00000048   Code   RO         4561    i.timer_stop_op_schedule  app_timer.o
    0x0002ce38   0x0002ce38   0x00000074   Code   RO         4562    i.timer_timeouts_check  app_timer.o
    0x0002ceac   0x0002ceac   0x0000000a   Code   RO          754    i.uint16_encode     ble_advdata.o
    0x0002ceb6   0x0002ceb6   0x00000002   PAD
    0x0002ceb8   0x0002ceb8   0x00000020   Code   RO         5942    i.uninit            nrf_fstorage_sd.o
    0x0002ced8   0x0002ced8   0x00000030   Code   RO         1393    i.update_pending_flags_check  gatt_cache_manager.o
    0x0002cf08   0x0002cf08   0x00000068   Code   RO          899    i.update_timeout_handler  ble_conn_params.o
    0x0002cf70   0x0002cf70   0x0000000c   Code   RO         1011    i.user_flag_is_acquired  ble_conn_state.o
    0x0002cf7c   0x0002cf7c   0x00000024   Code   RO         1316    i.user_mem_reply    nrf_ble_qwr.o
    0x0002cfa0   0x0002cfa0   0x00000030   Code   RO         4563    i.user_op_alloc     app_timer.o
    0x0002cfd0   0x0002cfd0   0x00000030   Code   RO          755    i.uuid_list_encode  ble_advdata.o
    0x0002d000   0x0002d000   0x0000009e   Code   RO          756    i.uuid_list_sized_encode  ble_advdata.o
    0x0002d09e   0x0002d09e   0x00000004   Code   RO         5943    i.wmap              nrf_fstorage_sd.o
    0x0002d0a2   0x0002d0a2   0x00000002   PAD
    0x0002d0a4   0x0002d0a4   0x00000050   Code   RO         5944    i.write             nrf_fstorage_sd.o
    0x0002d0f4   0x0002d0f4   0x000000a8   Code   RO         1957    i.write_buf_store   peer_database.o
    0x0002d19c   0x0002d19c   0x00000034   Code   RO         1958    i.write_buffer_record_find  peer_database.o
    0x0002d1d0   0x0002d1d0   0x00000030   Code   RO         1959    i.write_buffer_record_find_next  peer_database.o
    0x0002d200   0x0002d200   0x0000001c   Code   RO         1960    i.write_buffer_record_invalidate  peer_database.o
    0x0002d21c   0x0002d21c   0x0000002c   Code   RO         1961    i.write_buffer_record_release  peer_database.o
    0x0002d248   0x0002d248   0x000000e8   Code   RO         5548    i.write_enqueue     fds.o
    0x0002d330   0x0002d330   0x000000f4   Code   RO         5549    i.write_execute     fds.o
    0x0002d424   0x0002d424   0x00000018   Code   RO         5550    i.write_space_free  fds.o
    0x0002d43c   0x0002d43c   0x0000005c   Code   RO         5551    i.write_space_reserve  fds.o
    0x0002d498   0x0002d498   0x00000021   Data   RO           28    .constdata          main.o
    0x0002d4b9   0x0002d4b9   0x00000008   Data   RO          477    .constdata          boards.o
    0x0002d4c1   0x0002d4c1   0x00000003   PAD
    0x0002d4c4   0x0002d4c4   0x00000016   Data   RO         1222    .constdata          nrf_ble_gatt.o
    0x0002d4da   0x0002d4da   0x00000002   PAD
    0x0002d4dc   0x0002d4dc   0x00000074   Data   RO         1394    .constdata          gatt_cache_manager.o
    0x0002d550   0x0002d550   0x00000004   Data   RO         1551    .constdata          gatts_cache_manager.o
    0x0002d554   0x0002d554   0x00000010   Data   RO         1552    .constdata          gatts_cache_manager.o
    0x0002d564   0x0002d564   0x00000004   Data   RO         1553    .constdata          gatts_cache_manager.o
    0x0002d568   0x0002d568   0x00000008   Data   RO         1652    .constdata          id_manager.o
    0x0002d570   0x0002d570   0x0000001c   Data   RO         1827    .constdata          peer_data_storage.o
    0x0002d58c   0x0002d58c   0x00000010   Data   RO         1963    .constdata          peer_database.o
    0x0002d59c   0x0002d59c   0x00000094   Data   RO         2619    .constdata          security_dispatcher.o
    0x0002d630   0x0002d630   0x00000004   Data   RO         2764    .constdata          security_manager.o
    0x0002d634   0x0002d634   0x00000010   Data   RO         2916    .constdata          ble_lbs.o
    0x0002d644   0x0002d644   0x00000004   Data   RO         3339    .constdata          nrfx_gpiote.o
    0x0002d648   0x0002d648   0x00000008   PAD
    0x0002d650   0x0002d650   0x00000006   Data   RO         4135    .constdata          nrfx_saadc.o
    0x0002d656   0x0002d656   0x00000002   PAD
    0x0002d658   0x0002d658   0x00000008   Data   RO         4300    .constdata          app_button.o
    0x0002d660   0x0002d660   0x00000006   Data   RO         4565    .constdata          app_timer.o
    0x0002d666   0x0002d666   0x00000002   PAD
    0x0002d668   0x0002d668   0x00000018   Data   RO         5305    .constdata          nrf_pwr_mgmt.o
    0x0002d680   0x0002d680   0x0000000c   Data   RO         5306    .constdata          nrf_pwr_mgmt.o
    0x0002d68c   0x0002d68c   0x00000018   Data   RO         5554    .constdata          fds.o
    0x0002d6a4   0x0002d6a4   0x00000010   Data   RO         5947    .constdata          nrf_fstorage_sd.o
    0x0002d6b4   0x0002d6b4   0x00000020   Data   RO         5948    .constdata          nrf_fstorage_sd.o
    0x0002d6d4   0x0002d6d4   0x00000010   Data   RO         6526    .constdata          nrf_sdh.o
    0x0002d6e4   0x0002d6e4   0x00000028   Data   RO         6527    .constdata          nrf_sdh.o
    0x0002d70c   0x0002d70c   0x00000010   Data   RO         6528    .constdata          nrf_sdh.o
    0x0002d71c   0x0002d71c   0x00000010   Data   RO         6529    .constdata          nrf_sdh.o
    0x0002d72c   0x0002d72c   0x00000020   Data   RO         6634    .constdata          nrf_sdh_ble.o
    0x0002d74c   0x0002d74c   0x00000010   Data   RO         6635    .constdata          nrf_sdh_ble.o
    0x0002d75c   0x0002d75c   0x00000010   Data   RO         6682    .constdata          nrf_sdh_soc.o
    0x0002d76c   0x0002d76c   0x0000000c   Data   RO         6683    .constdata          nrf_sdh_soc.o
    0x0002d778   0x0002d778   0x00000010   Data   RO         6720    .constdata          ble_dfu.o
    0x0002d788   0x0002d788   0x00000020   Data   RO         6998    Region$$Table       anon$$obj.o
    0x0002d7a8   0x0002d7a8   0x00000004   Data   RO           31    pwr_mgmt_data0      main.o
    0x0002d7ac   0x0002d7ac   0x00000008   Data   RO         1013    sdh_ble_observers0  ble_conn_state.o
    0x0002d7b4   0x0002d7b4   0x00000008   Data   RO           32    sdh_ble_observers1  main.o
    0x0002d7bc   0x0002d7bc   0x00000008   Data   RO          902    sdh_ble_observers1  ble_conn_params.o
    0x0002d7c4   0x0002d7c4   0x00000008   Data   RO         2201    sdh_ble_observers1  peer_manager.o
    0x0002d7cc   0x0002d7cc   0x00000010   Data   RO           33    sdh_ble_observers2  main.o
    0x0002d7dc   0x0002d7dc   0x00000008   Data   RO         6721    sdh_ble_observers2  ble_dfu.o
    0x0002d7e4   0x0002d7e4   0x00000008   Data   RO           34    sdh_ble_observers3  main.o
    0x0002d7ec   0x0002d7ec   0x00000008   Data   RO         5950    sdh_req_observers0  nrf_fstorage_sd.o
    0x0002d7f4   0x0002d7f4   0x00000008   Data   RO         2985    sdh_soc_observers0  nrf_drv_clock.o
    0x0002d7fc   0x0002d7fc   0x00000008   Data   RO         5951    sdh_soc_observers0  nrf_fstorage_sd.o
    0x0002d804   0x0002d804   0x00000008   Data   RO         6831    sdh_soc_observers1  ble_dfu_unbonded.o
    0x0002d80c   0x0002d80c   0x00000008   Data   RO         6637    sdh_stack_observers0  nrf_sdh_ble.o
    0x0002d814   0x0002d814   0x00000008   Data   RO         6684    sdh_stack_observers0  nrf_sdh_soc.o
    0x0002d81c   0x0002d81c   0x00000008   Data   RO         2986    sdh_state_observers0  nrf_drv_clock.o
    0x0002d824   0x0002d824   0x00000008   Data   RO         5952    sdh_state_observers0  nrf_fstorage_sd.o


    Execution Region RW_IRAM1 (Exec base: 0x20002aa8, Load base: 0x0002d82c, Size: 0x000028a0, Max: 0x0000d558, ABSOLUTE, COMPRESSED[0x00000030])

    Exec Addr    Load Addr    Size         Type   Attr      Idx    E Section Name        Object

    0x20002aa8   COMPRESSED   0x00000024   Data   RW           29    .data               main.o
    0x20002acc   COMPRESSED   0x00000008   Data   RW          901    .data               ble_conn_params.o
    0x20002ad4   COMPRESSED   0x00000010   Data   RW         1395    .data               gatt_cache_manager.o
    0x20002ae4   COMPRESSED   0x00000006   Data   RW         1554    .data               gatts_cache_manager.o
    0x20002aea   COMPRESSED   0x00000002   PAD
    0x20002aec   COMPRESSED   0x0000000c   Data   RW         1828    .data               peer_data_storage.o
    0x20002af8   COMPRESSED   0x00000008   Data   RW         1964    .data               peer_database.o
    0x20002b00   COMPRESSED   0x00000010   Data   RW         2200    .data               peer_manager.o
    0x20002b10   COMPRESSED   0x00000005   Data   RW         2621    .data               security_dispatcher.o
    0x20002b15   COMPRESSED   0x00000003   PAD
    0x20002b18   COMPRESSED   0x00000015   Data   RW         2765    .data               security_manager.o
    0x20002b2d   COMPRESSED   0x00000003   PAD
    0x20002b30   COMPRESSED   0x00000008   Data   RW         3184    .data               nrfx_clock.o
    0x20002b38   COMPRESSED   0x00000008   Data   RW         3603    .data               nrfx_prs.o
    0x20002b40   COMPRESSED   0x00000020   Data   RW         4301    .data               app_button.o
    0x20002b60   COMPRESSED   0x00000014   Data   RW         4566    .data               app_timer.o
    0x20002b74   COMPRESSED   0x00000008   Data   RW         5307    .data               nrf_pwr_mgmt.o
    0x20002b7c   COMPRESSED   0x00000030   Data   RW         5555    .data               fds.o
    0x20002bac   COMPRESSED   0x00000008   Data   RW         5949    .data               nrf_fstorage_sd.o
    0x20002bb4   COMPRESSED   0x00000003   Data   RW         6530    .data               nrf_sdh.o
    0x20002bb7   COMPRESSED   0x00000001   Data   RW         6636    .data               nrf_sdh_ble.o
    0x20002bb8   COMPRESSED   0x00000004   Data   RW         6830    .data               ble_dfu_unbonded.o
    0x20002bbc   COMPRESSED   0x00000004   Data   RW         6921    .data               system_nrf52.o
    0x20002bc0   COMPRESSED   0x00000014   Data   RW         5556    fs_data             fds.o
    0x20002bd4        -       0x0000004c   Zero   RW           25    .bss                main.o
    0x20002c20        -       0x0000001f   Zero   RW           26    .bss                main.o
    0x20002c3f        -       0x0000001f   Zero   RW           27    .bss                main.o
    0x20002c5e   COMPRESSED   0x00000002   PAD
    0x20002c60        -       0x00000050   Zero   RW          900    .bss                ble_conn_params.o
    0x20002cb0        -       0x00000078   Zero   RW         1012    .bss                ble_conn_state.o
    0x20002d28        -       0x000000d8   Zero   RW         1651    .bss                id_manager.o
    0x20002e00        -       0x000000c8   Zero   RW         1962    .bss                peer_database.o
    0x20002ec8        -       0x00000040   Zero   RW         2074    .bss                peer_id.o
    0x20002f08        -       0x0000000c   Zero   RW         2195    .bss                peer_manager.o
    0x20002f14        -       0x00000040   Zero   RW         2618    .bss                security_dispatcher.o
    0x20002f54        -       0x00000014   Zero   RW         2980    .bss                nrf_drv_clock.o
    0x20002f68        -       0x0000005c   Zero   RW         3338    .bss                nrfx_gpiote.o
    0x20002fc4        -       0x0000000c   Zero   RW         4005    .bss                nrfx_timer.o
    0x20002fd0        -       0x00000030   Zero   RW         4134    .bss                nrfx_saadc.o
    0x20003000        -       0x00000020   Zero   RW         4299    .bss                app_button.o
    0x20003020        -       0x00000020   Zero   RW         4389    .bss                app_error.o
    0x20003040        -       0x0000010c   Zero   RW         4564    .bss                app_timer.o
    0x2000314c        -       0x0000000c   Zero   RW         4717    .bss                app_util_platform.o
    0x20003158        -       0x0000000c   Zero   RW         5304    .bss                nrf_pwr_mgmt.o
    0x20003164        -       0x00000010   Zero   RW         5552    .bss                fds.o
    0x20003174        -       0x000000e0   Zero   RW         5553    .bss                fds.o
    0x20003254        -       0x00000010   Zero   RW         5945    .bss                nrf_fstorage_sd.o
    0x20003264        -       0x000000a0   Zero   RW         5946    .bss                nrf_fstorage_sd.o
    0x20003304        -       0x0000001c   Zero   RW         6719    .bss                ble_dfu.o
    0x20003320        -       0x00000028   Zero   RW         6829    .bss                ble_dfu_unbonded.o
    0x20003348        -       0x00002000   Zero   RW         6909    STACK               arm_startup_nrf52.o


==============================================================================

Image component sizes


      Code (inc. data)   RO Data    RW Data    ZI Data      Debug   Object Name

       488         46          8         32         32      47287   app_button.o
       100          4          0          0         32       3394   app_error.o
        26          0          0          0          0        568   app_error_handler_keil.o
        24          4          0          0          0       4698   app_error_weak.o
         0          0          0          0          0      36682   app_scheduler.o
      1510        118          6         20        268      48399   app_timer.o
       124         14          0          0         12       9578   app_util_platform.o
        36          8        512          0       8192        924   arm_startup_nrf52.o
      1236          0          0          0          0     100487   ble_advdata.o
       636         44          8          8         80      17599   ble_conn_params.o
       714        106          8          0        120      12547   ble_conn_state.o
       478         34         24          0         28       9108   ble_dfu.o
         0          0          0          0          0       4808   ble_dfu_bonded.o
       440         32          8          4         40       7378   ble_dfu_unbonded.o
       302          4         16          0          0       5136   ble_lbs.o
       464          6          0          0          0       4079   ble_srv_common.o
       192         16          8          0          0      49917   boards.o
      3426        314         24         68        240      47835   fds.o
      1184        114        116         16          0      24710   gatt_cache_manager.o
       462         32         24          6          0      15241   gatts_cache_manager.o
       946         34          8          0        216      14896   id_manager.o
      1826        296         69         36        138     181498   main.o
       342          0          0          0          0       8662   nrf_atfifo.o
       170          0          0          0          0       4736   nrf_atflags.o
       310          0          0          0          0       8102   nrf_atomic.o
       460          6         22          0          0      34502   nrf_ble_gatt.o
       276          0          0          0          0       6197   nrf_ble_qwr.o
        32          6          0          0          0       1434   nrf_dfu_svci.o
       276         34         16          0         20      41434   nrf_drv_clock.o
       232          0          0          0          0       5633   nrf_fstorage.o
       798         82         72          8        176      15967   nrf_fstorage_sd.o
       280         44         36          8         12      38505   nrf_pwr_mgmt.o
       680        180         88          3          0      41592   nrf_sdh.o
       366         82         56          1          0       5551   nrf_sdh_ble.o
       128         68         36          0          0       2348   nrf_sdh_soc.o
        78          0          0          0          0       2772   nrf_section_iter.o
       226         30          0          8          0      39956   nrfx_clock.o
      1298         98          4          0         92      59367   nrfx_gpiote.o
        12          6          0          8          0       2034   nrfx_prs.o
       924         70          6          0         48      78747   nrfx_saadc.o
       440         24          0          0         12      15002   nrfx_timer.o
         0          0          0          0          0       4708   nrfx_uart.o
       970         44         28         12          0      18045   peer_data_storage.o
      1056         56         16          8        200      19181   peer_database.o
       314         38          0          0         64       9115   peer_id.o
       892         60          8         16         12      16892   peer_manager.o
       234          0          0          0          0       5427   pm_buffer.o
      1782         88        148          5         64      29638   security_dispatcher.o
       962         74          4         21          0      49356   security_manager.o
       796         70          0          4          0      29542   system_nrf52.o

    ----------------------------------------------------------------------
     29032       2386       1428        300      10100    1241214   Object Totals
         0          0         32          0          0          0   (incl. Generated)
        84          0         17          8          2          0   (incl. Padding)

    ----------------------------------------------------------------------

      Code (inc. data)   RO Data    RW Data    ZI Data      Debug   Library Member Name

        86          0          0          0          0          0   __dczerorl2.o
         0          0          0          0          0          0   entry.o
         0          0          0          0          0          0   entry10a.o
         0          0          0          0          0          0   entry11a.o
         8          4          0          0          0          0   entry2.o
         4          0          0          0          0          0   entry5.o
         0          0          0          0          0          0   entry7b.o
         0          0          0          0          0          0   entry8b.o
         8          4          0          0          0          0   entry9a.o
        30          0          0          0          0          0   handlers.o
        36          8          0          0          0         68   init.o
        30          0          0          0          0         68   llshl.o
        26          0          0          0          0         80   memcmp.o
        36          0          0          0          0         68   memcpya.o
        36          0          0          0          0        108   memseta.o

    ----------------------------------------------------------------------
       304         16          0          0          0        392   Library Totals
         4          0          0          0          0          0   (incl. Padding)

    ----------------------------------------------------------------------

      Code (inc. data)   RO Data    RW Data    ZI Data      Debug   Library Name

       300         16          0          0          0        392   mc_w.l

    ----------------------------------------------------------------------
       304         16          0          0          0        392   Library Totals

    ----------------------------------------------------------------------

==============================================================================


      Code (inc. data)   RO Data    RW Data    ZI Data      Debug   

     29336       2402       1428        300      10100    1201234   Grand Totals
     29336       2402       1428         48      10100    1201234   ELF Image Totals (compressed)
     29336       2402       1428         48          0          0   ROM Totals

==============================================================================

    Total RO  Size (Code + RO Data)                30764 (  30.04kB)
    Total RW  Size (RW Data + ZI Data)             10400 (  10.16kB)
    Total ROM Size (Code + RO Data + RW Data)      30812 (  30.09kB)

==============================================================================

