<!doctype html public "-//w3c//dtd html 4.0 transitional//en">
<html><head>
<title>Static Call Graph - [.\_build\nrf52832_xxaa.axf]</title></head>
<body><HR>
<H1>Static Call Graph for image .\_build\nrf52832_xxaa.axf</H1><HR>
<BR><P>#&#060CALLGRAPH&#062# ARM Linker, 5060750: Last Updated: Tue Nov 17 09:47:00 2020
<BR><P>
<H3>Maximum Stack Usage =        544 bytes + Unknown(Cycles, Untraceable Function Pointers)</H3><H3>
Call chain for Maximum Stack Depth:</H3>
nrf_sdh_ble_evts_poll &rArr; app_error_handler &rArr; app_error_fault_handler &rArr; app_error_save_and_stop
<P>
<H3>
Mutually Recursive functions
</H3> <LI><a href="#[4]">NMI_Handler</a>&nbsp;&nbsp;&nbsp;&rArr;&nbsp;&nbsp;&nbsp;<a href="#[4]">NMI_Handler</a><BR>
 <LI><a href="#[5]">HardFault_Handler</a>&nbsp;&nbsp;&nbsp;&rArr;&nbsp;&nbsp;&nbsp;<a href="#[5]">HardFault_Handler</a><BR>
 <LI><a href="#[6]">MemoryManagement_Handler</a>&nbsp;&nbsp;&nbsp;&rArr;&nbsp;&nbsp;&nbsp;<a href="#[6]">MemoryManagement_Handler</a><BR>
 <LI><a href="#[7]">BusFault_Handler</a>&nbsp;&nbsp;&nbsp;&rArr;&nbsp;&nbsp;&nbsp;<a href="#[7]">BusFault_Handler</a><BR>
 <LI><a href="#[8]">UsageFault_Handler</a>&nbsp;&nbsp;&nbsp;&rArr;&nbsp;&nbsp;&nbsp;<a href="#[8]">UsageFault_Handler</a><BR>
 <LI><a href="#[9]">SVC_Handler</a>&nbsp;&nbsp;&nbsp;&rArr;&nbsp;&nbsp;&nbsp;<a href="#[9]">SVC_Handler</a><BR>
 <LI><a href="#[a]">DebugMon_Handler</a>&nbsp;&nbsp;&nbsp;&rArr;&nbsp;&nbsp;&nbsp;<a href="#[a]">DebugMon_Handler</a><BR>
 <LI><a href="#[b]">PendSV_Handler</a>&nbsp;&nbsp;&nbsp;&rArr;&nbsp;&nbsp;&nbsp;<a href="#[b]">PendSV_Handler</a><BR>
 <LI><a href="#[c]">SysTick_Handler</a>&nbsp;&nbsp;&nbsp;&rArr;&nbsp;&nbsp;&nbsp;<a href="#[c]">SysTick_Handler</a><BR>
 <LI><a href="#[1c]">CCM_AAR_IRQHandler</a>&nbsp;&nbsp;&nbsp;&rArr;&nbsp;&nbsp;&nbsp;<a href="#[1c]">CCM_AAR_IRQHandler</a><BR>
 <LI><a href="#[70]">__asm___12_nrf_atfifo_c_51f461e1__nrf_atfifo_rspace_close</a>&nbsp;&nbsp;&nbsp;&rArr;&nbsp;&nbsp;&nbsp;<a href="#[70]">__asm___12_nrf_atfifo_c_51f461e1__nrf_atfifo_rspace_close</a><BR>
 <LI><a href="#[6f]">__asm___12_nrf_atfifo_c_51f461e1__nrf_atfifo_wspace_close</a>&nbsp;&nbsp;&nbsp;&rArr;&nbsp;&nbsp;&nbsp;<a href="#[6f]">__asm___12_nrf_atfifo_c_51f461e1__nrf_atfifo_wspace_close</a><BR>
 <LI><a href="#[66]">nrf_fstorage_sys_evt_handler</a>&nbsp;&nbsp;&nbsp;&rArr;&nbsp;&nbsp;&nbsp;<a href="#[179]">queue_process</a><BR>
</UL>
<P>
<H3>
Function Pointers
</H3><UL>
 <LI><a href="#[7]">BusFault_Handler</a> from arm_startup_nrf52.o(.text) referenced from arm_startup_nrf52.o(RESET)
 <LI><a href="#[1c]">CCM_AAR_IRQHandler</a> from arm_startup_nrf52.o(.text) referenced from arm_startup_nrf52.o(RESET)
 <LI><a href="#[20]">COMP_LPCOMP_IRQHandler</a> from arm_startup_nrf52.o(.text) referenced from arm_startup_nrf52.o(RESET)
 <LI><a href="#[a]">DebugMon_Handler</a> from arm_startup_nrf52.o(.text) referenced from arm_startup_nrf52.o(RESET)
 <LI><a href="#[1b]">ECB_IRQHandler</a> from arm_startup_nrf52.o(.text) referenced from arm_startup_nrf52.o(RESET)
 <LI><a href="#[31]">FPU_IRQHandler</a> from arm_startup_nrf52.o(.text) referenced from arm_startup_nrf52.o(RESET)
 <LI><a href="#[13]">GPIOTE_IRQHandler</a> from nrfx_gpiote.o(i.GPIOTE_IRQHandler) referenced from arm_startup_nrf52.o(RESET)
 <LI><a href="#[5]">HardFault_Handler</a> from arm_startup_nrf52.o(.text) referenced from arm_startup_nrf52.o(RESET)
 <LI><a href="#[30]">I2S_IRQHandler</a> from arm_startup_nrf52.o(.text) referenced from arm_startup_nrf52.o(RESET)
 <LI><a href="#[2b]">MWU_IRQHandler</a> from arm_startup_nrf52.o(.text) referenced from arm_startup_nrf52.o(RESET)
 <LI><a href="#[6]">MemoryManagement_Handler</a> from arm_startup_nrf52.o(.text) referenced from arm_startup_nrf52.o(RESET)
 <LI><a href="#[12]">NFCT_IRQHandler</a> from arm_startup_nrf52.o(.text) referenced from arm_startup_nrf52.o(RESET)
 <LI><a href="#[4]">NMI_Handler</a> from arm_startup_nrf52.o(.text) referenced from arm_startup_nrf52.o(RESET)
 <LI><a href="#[2a]">PDM_IRQHandler</a> from arm_startup_nrf52.o(.text) referenced from arm_startup_nrf52.o(RESET)
 <LI><a href="#[d]">POWER_CLOCK_IRQHandler</a> from nrfx_clock.o(i.POWER_CLOCK_IRQHandler) referenced from arm_startup_nrf52.o(RESET)
 <LI><a href="#[29]">PWM0_IRQHandler</a> from arm_startup_nrf52.o(.text) referenced from arm_startup_nrf52.o(RESET)
 <LI><a href="#[2c]">PWM1_IRQHandler</a> from arm_startup_nrf52.o(.text) referenced from arm_startup_nrf52.o(RESET)
 <LI><a href="#[2d]">PWM2_IRQHandler</a> from arm_startup_nrf52.o(.text) referenced from arm_startup_nrf52.o(RESET)
 <LI><a href="#[b]">PendSV_Handler</a> from arm_startup_nrf52.o(.text) referenced from arm_startup_nrf52.o(RESET)
 <LI><a href="#[1f]">QDEC_IRQHandler</a> from arm_startup_nrf52.o(.text) referenced from arm_startup_nrf52.o(RESET)
 <LI><a href="#[e]">RADIO_IRQHandler</a> from arm_startup_nrf52.o(.text) referenced from arm_startup_nrf52.o(RESET)
 <LI><a href="#[1a]">RNG_IRQHandler</a> from arm_startup_nrf52.o(.text) referenced from arm_startup_nrf52.o(RESET)
 <LI><a href="#[18]">RTC0_IRQHandler</a> from arm_startup_nrf52.o(.text) referenced from arm_startup_nrf52.o(RESET)
 <LI><a href="#[1e]">RTC1_IRQHandler</a> from app_timer.o(i.RTC1_IRQHandler) referenced from arm_startup_nrf52.o(RESET)
 <LI><a href="#[2f]">RTC2_IRQHandler</a> from arm_startup_nrf52.o(.text) referenced from arm_startup_nrf52.o(RESET)
 <LI><a href="#[3]">Reset_Handler</a> from arm_startup_nrf52.o(.text) referenced from arm_startup_nrf52.o(RESET)
 <LI><a href="#[14]">SAADC_IRQHandler</a> from nrfx_saadc.o(i.SAADC_IRQHandler) referenced from arm_startup_nrf52.o(RESET)
 <LI><a href="#[10]">SPIM0_SPIS0_TWIM0_TWIS0_SPI0_TWI0_IRQHandler</a> from arm_startup_nrf52.o(.text) referenced from arm_startup_nrf52.o(RESET)
 <LI><a href="#[11]">SPIM1_SPIS1_TWIM1_TWIS1_SPI1_TWI1_IRQHandler</a> from arm_startup_nrf52.o(.text) referenced from arm_startup_nrf52.o(RESET)
 <LI><a href="#[2e]">SPIM2_SPIS2_SPI2_IRQHandler</a> from arm_startup_nrf52.o(.text) referenced from arm_startup_nrf52.o(RESET)
 <LI><a href="#[9]">SVC_Handler</a> from arm_startup_nrf52.o(.text) referenced from arm_startup_nrf52.o(RESET)
 <LI><a href="#[21]">SWI0_EGU0_IRQHandler</a> from app_timer.o(i.SWI0_EGU0_IRQHandler) referenced from arm_startup_nrf52.o(RESET)
 <LI><a href="#[22]">SWI1_EGU1_IRQHandler</a> from arm_startup_nrf52.o(.text) referenced from arm_startup_nrf52.o(RESET)
 <LI><a href="#[23]">SWI2_EGU2_IRQHandler</a> from nrf_sdh.o(i.SWI2_EGU2_IRQHandler) referenced from arm_startup_nrf52.o(RESET)
 <LI><a href="#[24]">SWI3_EGU3_IRQHandler</a> from arm_startup_nrf52.o(.text) referenced from arm_startup_nrf52.o(RESET)
 <LI><a href="#[25]">SWI4_EGU4_IRQHandler</a> from arm_startup_nrf52.o(.text) referenced from arm_startup_nrf52.o(RESET)
 <LI><a href="#[26]">SWI5_EGU5_IRQHandler</a> from arm_startup_nrf52.o(.text) referenced from arm_startup_nrf52.o(RESET)
 <LI><a href="#[c]">SysTick_Handler</a> from arm_startup_nrf52.o(.text) referenced from arm_startup_nrf52.o(RESET)
 <LI><a href="#[33]">SystemInit</a> from system_nrf52.o(i.SystemInit) referenced from arm_startup_nrf52.o(.text)
 <LI><a href="#[19]">TEMP_IRQHandler</a> from arm_startup_nrf52.o(.text) referenced from arm_startup_nrf52.o(RESET)
 <LI><a href="#[15]">TIMER0_IRQHandler</a> from arm_startup_nrf52.o(.text) referenced from arm_startup_nrf52.o(RESET)
 <LI><a href="#[16]">TIMER1_IRQHandler</a> from arm_startup_nrf52.o(.text) referenced from arm_startup_nrf52.o(RESET)
 <LI><a href="#[17]">TIMER2_IRQHandler</a> from nrfx_timer.o(i.TIMER2_IRQHandler) referenced from arm_startup_nrf52.o(RESET)
 <LI><a href="#[27]">TIMER3_IRQHandler</a> from arm_startup_nrf52.o(.text) referenced from arm_startup_nrf52.o(RESET)
 <LI><a href="#[28]">TIMER4_IRQHandler</a> from arm_startup_nrf52.o(.text) referenced from arm_startup_nrf52.o(RESET)
 <LI><a href="#[f]">UARTE0_UART0_IRQHandler</a> from nrfx_prs.o(i.UARTE0_UART0_IRQHandler) referenced from arm_startup_nrf52.o(RESET)
 <LI><a href="#[8]">UsageFault_Handler</a> from arm_startup_nrf52.o(.text) referenced from arm_startup_nrf52.o(RESET)
 <LI><a href="#[1d]">WDT_IRQHandler</a> from arm_startup_nrf52.o(.text) referenced from arm_startup_nrf52.o(RESET)
 <LI><a href="#[34]">__main</a> from entry.o(.ARM.Collect$$$$00000000) referenced from arm_startup_nrf52.o(.text)
 <LI><a href="#[3e]">app_error_fault_handler</a> from app_error_weak.o(i.app_error_fault_handler) referenced from nrf_sdh.o(i.nrf_sdh_enable_request)
 <LI><a href="#[5b]">app_shutdown_handler</a> from main.o(i.app_shutdown_handler) referenced from main.o(pwr_mgmt_data0)
 <LI><a href="#[39]">apply_pending_handle</a> from gatt_cache_manager.o(i.apply_pending_handle) referenced from gatt_cache_manager.o(i.gcm_ble_evt_handler)
 <LI><a href="#[62]">ble_dfu_buttonless_on_ble_evt</a> from ble_dfu.o(i.ble_dfu_buttonless_on_ble_evt) referenced from ble_dfu.o(sdh_ble_observers2)
 <LI><a href="#[67]">ble_dfu_buttonless_on_sys_evt</a> from ble_dfu_unbonded.o(i.ble_dfu_buttonless_on_sys_evt) referenced from ble_dfu_unbonded.o(sdh_soc_observers1)
 <LI><a href="#[45]">ble_dfu_evt_handler</a> from main.o(i.ble_dfu_evt_handler) referenced from main.o(i.services_init)
 <LI><a href="#[5c]">ble_evt_handler</a> from ble_conn_state.o(i.ble_evt_handler) referenced from ble_conn_state.o(sdh_ble_observers0)
 <LI><a href="#[5e]">ble_evt_handler</a> from ble_conn_params.o(i.ble_evt_handler) referenced 2 times from ble_conn_params.o(sdh_ble_observers1)
 <LI><a href="#[63]">ble_evt_handler</a> from main.o(i.ble_evt_handler) referenced from main.o(sdh_ble_observers3)
 <LI><a href="#[60]">ble_lbs_on_ble_evt</a> from ble_lbs.o(i.ble_lbs_on_ble_evt) referenced from main.o(sdh_ble_observers2)
 <LI><a href="#[0]">button_event_handler</a> from main.o(i.button_event_handler) referenced 2 times from main.o(.data)
 <LI><a href="#[49]">car_update_pending_handle</a> from gatt_cache_manager.o(i.car_update_pending_handle) referenced from gatt_cache_manager.o(i.update_pending_flags_check)
 <LI><a href="#[3d]">clock_irq_handler</a> from nrf_drv_clock.o(i.clock_irq_handler) referenced from nrf_drv_clock.o(i.nrf_drv_clock_init)
 <LI><a href="#[3c]">conn_params_error_handler</a> from main.o(i.conn_params_error_handler) referenced from main.o(i.main)
 <LI><a href="#[48]">db_update_pending_handle</a> from gatt_cache_manager.o(i.db_update_pending_handle) referenced from gatt_cache_manager.o(i.update_pending_flags_check)
 <LI><a href="#[36]">detection_delay_timeout_handler</a> from app_button.o(i.detection_delay_timeout_handler) referenced from app_button.o(i.app_button_init)
 <LI><a href="#[38]">dummy_evt_handler</a> from ble_dfu.o(i.dummy_evt_handler) referenced from ble_dfu.o(i.ble_dfu_buttonless_init)
 <LI><a href="#[57]">erase</a> from nrf_fstorage_sd.o(i.erase) referenced from nrf_fstorage_sd.o(.constdata)
 <LI><a href="#[3f]">fds_evt_handler</a> from peer_data_storage.o(i.fds_evt_handler) referenced from peer_data_storage.o(i.pds_init)
 <LI><a href="#[2]">fs_event_handler</a> from fds.o(i.fs_event_handler) referenced 2 times from fds.o(fs_data)
 <LI><a href="#[4b]">gcm_im_evt_handler</a> from gatt_cache_manager.o(i.gcm_im_evt_handler) referenced from id_manager.o(.constdata)
 <LI><a href="#[50]">gcm_pdb_evt_handler</a> from gatt_cache_manager.o(i.gcm_pdb_evt_handler) referenced from peer_database.o(.constdata)
 <LI><a href="#[35]">gpiote_event_handler</a> from app_button.o(i.gpiote_event_handler) referenced from app_button.o(i.app_button_init)
 <LI><a href="#[4f]">gscm_pdb_evt_handler</a> from gatts_cache_manager.o(i.gscm_pdb_evt_handler) referenced from peer_database.o(.constdata)
 <LI><a href="#[53]">init</a> from nrf_fstorage_sd.o(i.init) referenced from nrf_fstorage_sd.o(.constdata)
 <LI><a href="#[5a]">is_busy</a> from nrf_fstorage_sd.o(i.is_busy) referenced from nrf_fstorage_sd.o(.constdata)
 <LI><a href="#[44]">led_write_handler</a> from main.o(i.led_write_handler) referenced from main.o(i.services_init)
 <LI><a href="#[47]">link_secure_pending_handle</a> from security_manager.o(i.link_secure_pending_handle) referenced from security_manager.o(i.sm_ble_evt_handler)
 <LI><a href="#[47]">link_secure_pending_handle</a> from security_manager.o(i.link_secure_pending_handle) referenced from security_manager.o(i.sm_pdb_evt_handler)
 <LI><a href="#[32]">main</a> from main.o(i.main) referenced from entry9a.o(.ARM.Collect$$$$0000000B)
 <LI><a href="#[5d]">nrf_ble_gatt_on_ble_evt</a> from nrf_ble_gatt.o(i.nrf_ble_gatt_on_ble_evt) referenced from main.o(sdh_ble_observers1)
 <LI><a href="#[61]">nrf_ble_qwr_on_ble_evt</a> from nrf_ble_qwr.o(i.nrf_ble_qwr_on_ble_evt) referenced from main.o(sdh_ble_observers2)
 <LI><a href="#[64]">nrf_fstorage_sdh_req_handler</a> from nrf_fstorage_sd.o(i.nrf_fstorage_sdh_req_handler) referenced from nrf_fstorage_sd.o(sdh_req_observers0)
 <LI><a href="#[6b]">nrf_fstorage_sdh_state_handler</a> from nrf_fstorage_sd.o(i.nrf_fstorage_sdh_state_handler) referenced from nrf_fstorage_sd.o(sdh_state_observers0)
 <LI><a href="#[66]">nrf_fstorage_sys_evt_handler</a> from nrf_fstorage_sd.o(i.nrf_fstorage_sys_evt_handler) referenced from nrf_fstorage_sd.o(sdh_soc_observers0)
 <LI><a href="#[43]">nrf_qwr_error_handler</a> from main.o(i.nrf_qwr_error_handler) referenced from main.o(i.services_init)
 <LI><a href="#[68]">nrf_sdh_ble_evts_poll</a> from nrf_sdh_ble.o(i.nrf_sdh_ble_evts_poll) referenced from nrf_sdh_ble.o(sdh_stack_observers0)
 <LI><a href="#[69]">nrf_sdh_soc_evts_poll</a> from nrf_sdh_soc.o(i.nrf_sdh_soc_evts_poll) referenced from nrf_sdh_soc.o(sdh_stack_observers0)
 <LI><a href="#[3b]">on_conn_params_evt</a> from main.o(i.on_conn_params_evt) referenced from main.o(i.main)
 <LI><a href="#[46]">params_reply_pending_handle</a> from security_manager.o(i.params_reply_pending_handle) referenced from security_manager.o(i.sm_ble_evt_handler)
 <LI><a href="#[46]">params_reply_pending_handle</a> from security_manager.o(i.params_reply_pending_handle) referenced from security_manager.o(i.sm_pdb_evt_handler)
 <LI><a href="#[4c]">pdb_pds_evt_handler</a> from peer_database.o(i.pdb_pds_evt_handler) referenced from peer_data_storage.o(.constdata)
 <LI><a href="#[40]">pm_evt_handler</a> from main.o(i.pm_evt_handler) referenced from main.o(i.peer_manager_init)
 <LI><a href="#[1]">pm_gcm_evt_handler</a> from peer_manager.o(i.pm_gcm_evt_handler) referenced 2 times from gatt_cache_manager.o(.data)
 <LI><a href="#[4a]">pm_im_evt_handler</a> from peer_manager.o(i.pm_im_evt_handler) referenced from id_manager.o(.constdata)
 <LI><a href="#[4d]">pm_pdb_evt_handler</a> from peer_manager.o(i.pm_pdb_evt_handler) referenced from peer_database.o(.constdata)
 <LI><a href="#[52]">pm_sm_evt_handler</a> from peer_manager.o(i.pm_sm_evt_handler) referenced from security_manager.o(.constdata)
 <LI><a href="#[55]">read</a> from nrf_fstorage_sd.o(i.read) referenced from nrf_fstorage_sd.o(.constdata)
 <LI><a href="#[58]">rmap</a> from nrf_fstorage_sd.o(i.rmap) referenced from nrf_fstorage_sd.o(.constdata)
 <LI><a href="#[41]">saadc_callback</a> from main.o(i.saadc_callback) referenced from main.o(i.saadc_init)
 <LI><a href="#[42]">sc_send_pending_handle</a> from gatt_cache_manager.o(i.sc_send_pending_handle) referenced from gatt_cache_manager.o(i.service_changed_pending_flags_check)
 <LI><a href="#[6a]">sd_state_evt_handler</a> from nrf_drv_clock.o(i.sd_state_evt_handler) referenced from nrf_drv_clock.o(sdh_state_observers0)
 <LI><a href="#[4e]">sm_pdb_evt_handler</a> from security_manager.o(i.sm_pdb_evt_handler) referenced from peer_database.o(.constdata)
 <LI><a href="#[51]">sm_smd_evt_handler</a> from security_manager.o(i.sm_smd_evt_handler) referenced from security_dispatcher.o(.constdata)
 <LI><a href="#[65]">soc_evt_handler</a> from nrf_drv_clock.o(i.soc_evt_handler) referenced from nrf_drv_clock.o(sdh_soc_observers0)
 <LI><a href="#[3a]">thi_monitor_timeout_handler</a> from main.o(i.thi_monitor_timeout_handler) referenced from main.o(i.main)
 <LI><a href="#[54]">uninit</a> from nrf_fstorage_sd.o(i.uninit) referenced from nrf_fstorage_sd.o(.constdata)
 <LI><a href="#[37]">update_timeout_handler</a> from ble_conn_params.o(i.update_timeout_handler) referenced from ble_conn_params.o(i.ble_conn_params_init)
 <LI><a href="#[59]">wmap</a> from nrf_fstorage_sd.o(i.wmap) referenced from nrf_fstorage_sd.o(.constdata)
 <LI><a href="#[56]">write</a> from nrf_fstorage_sd.o(i.write) referenced from nrf_fstorage_sd.o(.constdata)
</UL>
<P>
<H3>
Global Symbols
</H3>
<P><STRONG><a name="[34]"></a>__main</STRONG> (Thumb, 0 bytes, Stack size unknown bytes, entry.o(.ARM.Collect$$$$00000000))
<BR>[Address Reference Count : 1]<UL><LI> arm_startup_nrf52.o(.text)
</UL>
<P><STRONG><a name="[1d5]"></a>_main_stk</STRONG> (Thumb, 0 bytes, Stack size unknown bytes, entry2.o(.ARM.Collect$$$$00000001))

<P><STRONG><a name="[6c]"></a>_main_scatterload</STRONG> (Thumb, 0 bytes, Stack size unknown bytes, entry5.o(.ARM.Collect$$$$00000004))
<BR><BR>[Calls]<UL><LI><a href="#[6d]">&gt;&gt;</a>&nbsp;&nbsp;&nbsp;__scatterload
</UL>

<P><STRONG><a name="[74]"></a>__main_after_scatterload</STRONG> (Thumb, 0 bytes, Stack size unknown bytes, entry5.o(.ARM.Collect$$$$00000004))
<BR><BR>[Called By]<UL><LI><a href="#[6d]">&gt;&gt;</a>&nbsp;&nbsp;&nbsp;__scatterload
</UL>

<P><STRONG><a name="[1d6]"></a>_main_clock</STRONG> (Thumb, 0 bytes, Stack size unknown bytes, entry7b.o(.ARM.Collect$$$$00000008))

<P><STRONG><a name="[1d7]"></a>_main_cpp_init</STRONG> (Thumb, 0 bytes, Stack size unknown bytes, entry8b.o(.ARM.Collect$$$$0000000A))

<P><STRONG><a name="[1d8]"></a>_main_init</STRONG> (Thumb, 0 bytes, Stack size unknown bytes, entry9a.o(.ARM.Collect$$$$0000000B))

<P><STRONG><a name="[1d9]"></a>__rt_final_cpp</STRONG> (Thumb, 0 bytes, Stack size unknown bytes, entry10a.o(.ARM.Collect$$$$0000000D))

<P><STRONG><a name="[1da]"></a>__rt_final_exit</STRONG> (Thumb, 0 bytes, Stack size unknown bytes, entry11a.o(.ARM.Collect$$$$0000000F))

<P><STRONG><a name="[6e]"></a>app_error_handler</STRONG> (Thumb, 26 bytes, Stack size 0 bytes, app_error_handler_keil.o(.emb_text))
<BR><BR>[Stack]<UL><LI>Max Depth = 16<LI>Call Chain = app_error_handler &rArr; app_error_fault_handler &rArr; app_error_save_and_stop
</UL>
<BR>[Calls]<UL><LI><a href="#[3e]">&gt;&gt;</a>&nbsp;&nbsp;&nbsp;app_error_fault_handler
</UL>
<BR>[Called By]<UL><LI><a href="#[5c]">&gt;&gt;</a>&nbsp;&nbsp;&nbsp;ble_evt_handler
<LI><a href="#[158]">&gt;&gt;</a>&nbsp;&nbsp;&nbsp;saadc_init
<LI><a href="#[32]">&gt;&gt;</a>&nbsp;&nbsp;&nbsp;main
<LI><a href="#[15a]">&gt;&gt;</a>&nbsp;&nbsp;&nbsp;services_init
<LI><a href="#[40]">&gt;&gt;</a>&nbsp;&nbsp;&nbsp;pm_evt_handler
<LI><a href="#[156]">&gt;&gt;</a>&nbsp;&nbsp;&nbsp;peer_manager_init
<LI><a href="#[3b]">&gt;&gt;</a>&nbsp;&nbsp;&nbsp;on_conn_params_evt
<LI><a href="#[43]">&gt;&gt;</a>&nbsp;&nbsp;&nbsp;nrf_qwr_error_handler
<LI><a href="#[124]">&gt;&gt;</a>&nbsp;&nbsp;&nbsp;gap_params_init
<LI><a href="#[3c]">&gt;&gt;</a>&nbsp;&nbsp;&nbsp;conn_params_error_handler
<LI><a href="#[0]">&gt;&gt;</a>&nbsp;&nbsp;&nbsp;button_event_handler
<LI><a href="#[e4]">&gt;&gt;</a>&nbsp;&nbsp;&nbsp;ble_stack_init
<LI><a href="#[63]">&gt;&gt;</a>&nbsp;&nbsp;&nbsp;ble_evt_handler
<LI><a href="#[8a]">&gt;&gt;</a>&nbsp;&nbsp;&nbsp;advertising_start
<LI><a href="#[87]">&gt;&gt;</a>&nbsp;&nbsp;&nbsp;advertising_init
<LI><a href="#[69]">&gt;&gt;</a>&nbsp;&nbsp;&nbsp;nrf_sdh_soc_evts_poll
<LI><a href="#[68]">&gt;&gt;</a>&nbsp;&nbsp;&nbsp;nrf_sdh_ble_evts_poll
<LI><a href="#[185]">&gt;&gt;</a>&nbsp;&nbsp;&nbsp;softdevices_evt_irq_enable
<LI><a href="#[184]">&gt;&gt;</a>&nbsp;&nbsp;&nbsp;softdevice_evt_irq_disable
</UL>

<P><STRONG><a name="[163]"></a>__asm___12_nrf_atfifo_c_51f461e1__nrf_atfifo_wspace_req</STRONG> (Thumb, 56 bytes, Stack size 0 bytes, nrf_atfifo.o(.emb_text))
<BR><BR>[Called By]<UL><LI><a href="#[101]">&gt;&gt;</a>&nbsp;&nbsp;&nbsp;nrf_atfifo_item_alloc
</UL>

<P><STRONG><a name="[6f]"></a>__asm___12_nrf_atfifo_c_51f461e1__nrf_atfifo_wspace_close</STRONG> (Thumb, 18 bytes, Stack size 0 bytes, nrf_atfifo.o(.emb_text))
<BR><BR>[Calls]<UL><LI><a href="#[6f]">&gt;&gt;</a>&nbsp;&nbsp;&nbsp;__asm___12_nrf_atfifo_c_51f461e1__nrf_atfifo_wspace_close
</UL>
<BR>[Called By]<UL><LI><a href="#[102]">&gt;&gt;</a>&nbsp;&nbsp;&nbsp;nrf_atfifo_item_put
<LI><a href="#[6f]">&gt;&gt;</a>&nbsp;&nbsp;&nbsp;__asm___12_nrf_atfifo_c_51f461e1__nrf_atfifo_wspace_close
</UL>

<P><STRONG><a name="[166]"></a>__asm___12_nrf_atfifo_c_51f461e1__nrf_atfifo_rspace_req</STRONG> (Thumb, 58 bytes, Stack size 0 bytes, nrf_atfifo.o(.emb_text))
<BR><BR>[Called By]<UL><LI><a href="#[165]">&gt;&gt;</a>&nbsp;&nbsp;&nbsp;nrf_atfifo_item_get
</UL>

<P><STRONG><a name="[70]"></a>__asm___12_nrf_atfifo_c_51f461e1__nrf_atfifo_rspace_close</STRONG> (Thumb, 18 bytes, Stack size 0 bytes, nrf_atfifo.o(.emb_text))
<BR><BR>[Calls]<UL><LI><a href="#[70]">&gt;&gt;</a>&nbsp;&nbsp;&nbsp;__asm___12_nrf_atfifo_c_51f461e1__nrf_atfifo_rspace_close
</UL>
<BR>[Called By]<UL><LI><a href="#[164]">&gt;&gt;</a>&nbsp;&nbsp;&nbsp;nrf_atfifo_item_free
<LI><a href="#[70]">&gt;&gt;</a>&nbsp;&nbsp;&nbsp;__asm___12_nrf_atfifo_c_51f461e1__nrf_atfifo_rspace_close
</UL>

<P><STRONG><a name="[162]"></a>__asm___12_nrf_atfifo_c_51f461e1__nrf_atfifo_space_clear</STRONG> (Thumb, 50 bytes, Stack size 0 bytes, nrf_atfifo.o(.emb_text))
<BR><BR>[Called By]<UL><LI><a href="#[161]">&gt;&gt;</a>&nbsp;&nbsp;&nbsp;nrf_atfifo_clear
</UL>

<P><STRONG><a name="[16d]"></a>__asm___12_nrf_atomic_c_85ca2469__nrf_atomic_internal_mov</STRONG> (Thumb, 24 bytes, Stack size 0 bytes, nrf_atomic.o(.emb_text))
<BR><BR>[Called By]<UL><LI><a href="#[f5]">&gt;&gt;</a>&nbsp;&nbsp;&nbsp;nrf_atomic_u32_fetch_store
</UL>

<P><STRONG><a name="[16c]"></a>__asm___12_nrf_atomic_c_85ca2469__nrf_atomic_internal_orr</STRONG> (Thumb, 26 bytes, Stack size 0 bytes, nrf_atomic.o(.emb_text))
<BR><BR>[Called By]<UL><LI><a href="#[168]">&gt;&gt;</a>&nbsp;&nbsp;&nbsp;nrf_atomic_u32_or
<LI><a href="#[167]">&gt;&gt;</a>&nbsp;&nbsp;&nbsp;nrf_atomic_u32_fetch_or
</UL>

<P><STRONG><a name="[16a]"></a>__asm___12_nrf_atomic_c_85ca2469__nrf_atomic_internal_and</STRONG> (Thumb, 26 bytes, Stack size 0 bytes, nrf_atomic.o(.emb_text))
<BR><BR>[Called By]<UL><LI><a href="#[de]">&gt;&gt;</a>&nbsp;&nbsp;&nbsp;nrf_atomic_u32_and
</UL>

<P><STRONG><a name="[1db]"></a>__asm___12_nrf_atomic_c_85ca2469__nrf_atomic_internal_eor</STRONG> (Thumb, 26 bytes, Stack size 0 bytes, nrf_atomic.o(.emb_text), UNUSED)

<P><STRONG><a name="[169]"></a>__asm___12_nrf_atomic_c_85ca2469__nrf_atomic_internal_add</STRONG> (Thumb, 26 bytes, Stack size 0 bytes, nrf_atomic.o(.emb_text))
<BR><BR>[Called By]<UL><LI><a href="#[16b]">&gt;&gt;</a>&nbsp;&nbsp;&nbsp;nrf_atomic_u32_fetch_add
<LI><a href="#[11b]">&gt;&gt;</a>&nbsp;&nbsp;&nbsp;nrf_atomic_u32_add
</UL>

<P><STRONG><a name="[16f]"></a>__asm___12_nrf_atomic_c_85ca2469__nrf_atomic_internal_sub</STRONG> (Thumb, 26 bytes, Stack size 0 bytes, nrf_atomic.o(.emb_text))
<BR><BR>[Called By]<UL><LI><a href="#[16e]">&gt;&gt;</a>&nbsp;&nbsp;&nbsp;nrf_atomic_u32_sub
</UL>

<P><STRONG><a name="[1dc]"></a>__asm___12_nrf_atomic_c_85ca2469__nrf_atomic_internal_cmp_exch</STRONG> (Thumb, 42 bytes, Stack size 0 bytes, nrf_atomic.o(.emb_text), UNUSED)

<P><STRONG><a name="[1dd]"></a>__asm___12_nrf_atomic_c_85ca2469__nrf_atomic_internal_sub_hs</STRONG> (Thumb, 30 bytes, Stack size 0 bytes, nrf_atomic.o(.emb_text), UNUSED)

<P><STRONG><a name="[3]"></a>Reset_Handler</STRONG> (Thumb, 8 bytes, Stack size 0 bytes, arm_startup_nrf52.o(.text))
<BR>[Address Reference Count : 1]<UL><LI> arm_startup_nrf52.o(RESET)
</UL>
<P><STRONG><a name="[4]"></a>NMI_Handler</STRONG> (Thumb, 2 bytes, Stack size 0 bytes, arm_startup_nrf52.o(.text))
<BR><BR>[Calls]<UL><LI><a href="#[4]">&gt;&gt;</a>&nbsp;&nbsp;&nbsp;NMI_Handler
</UL>
<BR>[Called By]<UL><LI><a href="#[4]">&gt;&gt;</a>&nbsp;&nbsp;&nbsp;NMI_Handler
</UL>
<BR>[Address Reference Count : 1]<UL><LI> arm_startup_nrf52.o(RESET)
</UL>
<P><STRONG><a name="[5]"></a>HardFault_Handler</STRONG> (Thumb, 2 bytes, Stack size 0 bytes, arm_startup_nrf52.o(.text))
<BR><BR>[Calls]<UL><LI><a href="#[5]">&gt;&gt;</a>&nbsp;&nbsp;&nbsp;HardFault_Handler
</UL>
<BR>[Called By]<UL><LI><a href="#[5]">&gt;&gt;</a>&nbsp;&nbsp;&nbsp;HardFault_Handler
</UL>
<BR>[Address Reference Count : 1]<UL><LI> arm_startup_nrf52.o(RESET)
</UL>
<P><STRONG><a name="[6]"></a>MemoryManagement_Handler</STRONG> (Thumb, 2 bytes, Stack size 0 bytes, arm_startup_nrf52.o(.text))
<BR><BR>[Calls]<UL><LI><a href="#[6]">&gt;&gt;</a>&nbsp;&nbsp;&nbsp;MemoryManagement_Handler
</UL>
<BR>[Called By]<UL><LI><a href="#[6]">&gt;&gt;</a>&nbsp;&nbsp;&nbsp;MemoryManagement_Handler
</UL>
<BR>[Address Reference Count : 1]<UL><LI> arm_startup_nrf52.o(RESET)
</UL>
<P><STRONG><a name="[7]"></a>BusFault_Handler</STRONG> (Thumb, 2 bytes, Stack size 0 bytes, arm_startup_nrf52.o(.text))
<BR><BR>[Calls]<UL><LI><a href="#[7]">&gt;&gt;</a>&nbsp;&nbsp;&nbsp;BusFault_Handler
</UL>
<BR>[Called By]<UL><LI><a href="#[7]">&gt;&gt;</a>&nbsp;&nbsp;&nbsp;BusFault_Handler
</UL>
<BR>[Address Reference Count : 1]<UL><LI> arm_startup_nrf52.o(RESET)
</UL>
<P><STRONG><a name="[8]"></a>UsageFault_Handler</STRONG> (Thumb, 2 bytes, Stack size 0 bytes, arm_startup_nrf52.o(.text))
<BR><BR>[Calls]<UL><LI><a href="#[8]">&gt;&gt;</a>&nbsp;&nbsp;&nbsp;UsageFault_Handler
</UL>
<BR>[Called By]<UL><LI><a href="#[8]">&gt;&gt;</a>&nbsp;&nbsp;&nbsp;UsageFault_Handler
</UL>
<BR>[Address Reference Count : 1]<UL><LI> arm_startup_nrf52.o(RESET)
</UL>
<P><STRONG><a name="[9]"></a>SVC_Handler</STRONG> (Thumb, 2 bytes, Stack size 0 bytes, arm_startup_nrf52.o(.text))
<BR><BR>[Calls]<UL><LI><a href="#[9]">&gt;&gt;</a>&nbsp;&nbsp;&nbsp;SVC_Handler
</UL>
<BR>[Called By]<UL><LI><a href="#[9]">&gt;&gt;</a>&nbsp;&nbsp;&nbsp;SVC_Handler
</UL>
<BR>[Address Reference Count : 1]<UL><LI> arm_startup_nrf52.o(RESET)
</UL>
<P><STRONG><a name="[a]"></a>DebugMon_Handler</STRONG> (Thumb, 2 bytes, Stack size 0 bytes, arm_startup_nrf52.o(.text))
<BR><BR>[Calls]<UL><LI><a href="#[a]">&gt;&gt;</a>&nbsp;&nbsp;&nbsp;DebugMon_Handler
</UL>
<BR>[Called By]<UL><LI><a href="#[a]">&gt;&gt;</a>&nbsp;&nbsp;&nbsp;DebugMon_Handler
</UL>
<BR>[Address Reference Count : 1]<UL><LI> arm_startup_nrf52.o(RESET)
</UL>
<P><STRONG><a name="[b]"></a>PendSV_Handler</STRONG> (Thumb, 2 bytes, Stack size 0 bytes, arm_startup_nrf52.o(.text))
<BR><BR>[Calls]<UL><LI><a href="#[b]">&gt;&gt;</a>&nbsp;&nbsp;&nbsp;PendSV_Handler
</UL>
<BR>[Called By]<UL><LI><a href="#[b]">&gt;&gt;</a>&nbsp;&nbsp;&nbsp;PendSV_Handler
</UL>
<BR>[Address Reference Count : 1]<UL><LI> arm_startup_nrf52.o(RESET)
</UL>
<P><STRONG><a name="[c]"></a>SysTick_Handler</STRONG> (Thumb, 2 bytes, Stack size 0 bytes, arm_startup_nrf52.o(.text))
<BR><BR>[Calls]<UL><LI><a href="#[c]">&gt;&gt;</a>&nbsp;&nbsp;&nbsp;SysTick_Handler
</UL>
<BR>[Called By]<UL><LI><a href="#[c]">&gt;&gt;</a>&nbsp;&nbsp;&nbsp;SysTick_Handler
</UL>
<BR>[Address Reference Count : 1]<UL><LI> arm_startup_nrf52.o(RESET)
</UL>
<P><STRONG><a name="[1c]"></a>CCM_AAR_IRQHandler</STRONG> (Thumb, 0 bytes, Stack size 0 bytes, arm_startup_nrf52.o(.text))
<BR><BR>[Calls]<UL><LI><a href="#[1c]">&gt;&gt;</a>&nbsp;&nbsp;&nbsp;CCM_AAR_IRQHandler
</UL>
<BR>[Called By]<UL><LI><a href="#[1c]">&gt;&gt;</a>&nbsp;&nbsp;&nbsp;CCM_AAR_IRQHandler
</UL>
<BR>[Address Reference Count : 1]<UL><LI> arm_startup_nrf52.o(RESET)
</UL>
<P><STRONG><a name="[20]"></a>COMP_LPCOMP_IRQHandler</STRONG> (Thumb, 0 bytes, Stack size 0 bytes, arm_startup_nrf52.o(.text))
<BR>[Address Reference Count : 1]<UL><LI> arm_startup_nrf52.o(RESET)
</UL>
<P><STRONG><a name="[1b]"></a>ECB_IRQHandler</STRONG> (Thumb, 0 bytes, Stack size 0 bytes, arm_startup_nrf52.o(.text))
<BR>[Address Reference Count : 1]<UL><LI> arm_startup_nrf52.o(RESET)
</UL>
<P><STRONG><a name="[31]"></a>FPU_IRQHandler</STRONG> (Thumb, 0 bytes, Stack size 0 bytes, arm_startup_nrf52.o(.text))
<BR>[Address Reference Count : 1]<UL><LI> arm_startup_nrf52.o(RESET)
</UL>
<P><STRONG><a name="[30]"></a>I2S_IRQHandler</STRONG> (Thumb, 0 bytes, Stack size 0 bytes, arm_startup_nrf52.o(.text))
<BR>[Address Reference Count : 1]<UL><LI> arm_startup_nrf52.o(RESET)
</UL>
<P><STRONG><a name="[2b]"></a>MWU_IRQHandler</STRONG> (Thumb, 0 bytes, Stack size 0 bytes, arm_startup_nrf52.o(.text))
<BR>[Address Reference Count : 1]<UL><LI> arm_startup_nrf52.o(RESET)
</UL>
<P><STRONG><a name="[12]"></a>NFCT_IRQHandler</STRONG> (Thumb, 0 bytes, Stack size 0 bytes, arm_startup_nrf52.o(.text))
<BR>[Address Reference Count : 1]<UL><LI> arm_startup_nrf52.o(RESET)
</UL>
<P><STRONG><a name="[2a]"></a>PDM_IRQHandler</STRONG> (Thumb, 0 bytes, Stack size 0 bytes, arm_startup_nrf52.o(.text))
<BR>[Address Reference Count : 1]<UL><LI> arm_startup_nrf52.o(RESET)
</UL>
<P><STRONG><a name="[29]"></a>PWM0_IRQHandler</STRONG> (Thumb, 0 bytes, Stack size 0 bytes, arm_startup_nrf52.o(.text))
<BR>[Address Reference Count : 1]<UL><LI> arm_startup_nrf52.o(RESET)
</UL>
<P><STRONG><a name="[2c]"></a>PWM1_IRQHandler</STRONG> (Thumb, 0 bytes, Stack size 0 bytes, arm_startup_nrf52.o(.text))
<BR>[Address Reference Count : 1]<UL><LI> arm_startup_nrf52.o(RESET)
</UL>
<P><STRONG><a name="[2d]"></a>PWM2_IRQHandler</STRONG> (Thumb, 0 bytes, Stack size 0 bytes, arm_startup_nrf52.o(.text))
<BR>[Address Reference Count : 1]<UL><LI> arm_startup_nrf52.o(RESET)
</UL>
<P><STRONG><a name="[1f]"></a>QDEC_IRQHandler</STRONG> (Thumb, 0 bytes, Stack size 0 bytes, arm_startup_nrf52.o(.text))
<BR>[Address Reference Count : 1]<UL><LI> arm_startup_nrf52.o(RESET)
</UL>
<P><STRONG><a name="[e]"></a>RADIO_IRQHandler</STRONG> (Thumb, 0 bytes, Stack size 0 bytes, arm_startup_nrf52.o(.text))
<BR>[Address Reference Count : 1]<UL><LI> arm_startup_nrf52.o(RESET)
</UL>
<P><STRONG><a name="[1a]"></a>RNG_IRQHandler</STRONG> (Thumb, 0 bytes, Stack size 0 bytes, arm_startup_nrf52.o(.text))
<BR>[Address Reference Count : 1]<UL><LI> arm_startup_nrf52.o(RESET)
</UL>
<P><STRONG><a name="[18]"></a>RTC0_IRQHandler</STRONG> (Thumb, 0 bytes, Stack size 0 bytes, arm_startup_nrf52.o(.text))
<BR>[Address Reference Count : 1]<UL><LI> arm_startup_nrf52.o(RESET)
</UL>
<P><STRONG><a name="[2f]"></a>RTC2_IRQHandler</STRONG> (Thumb, 0 bytes, Stack size 0 bytes, arm_startup_nrf52.o(.text))
<BR>[Address Reference Count : 1]<UL><LI> arm_startup_nrf52.o(RESET)
</UL>
<P><STRONG><a name="[10]"></a>SPIM0_SPIS0_TWIM0_TWIS0_SPI0_TWI0_IRQHandler</STRONG> (Thumb, 0 bytes, Stack size 0 bytes, arm_startup_nrf52.o(.text))
<BR>[Address Reference Count : 1]<UL><LI> arm_startup_nrf52.o(RESET)
</UL>
<P><STRONG><a name="[11]"></a>SPIM1_SPIS1_TWIM1_TWIS1_SPI1_TWI1_IRQHandler</STRONG> (Thumb, 0 bytes, Stack size 0 bytes, arm_startup_nrf52.o(.text))
<BR>[Address Reference Count : 1]<UL><LI> arm_startup_nrf52.o(RESET)
</UL>
<P><STRONG><a name="[2e]"></a>SPIM2_SPIS2_SPI2_IRQHandler</STRONG> (Thumb, 0 bytes, Stack size 0 bytes, arm_startup_nrf52.o(.text))
<BR>[Address Reference Count : 1]<UL><LI> arm_startup_nrf52.o(RESET)
</UL>
<P><STRONG><a name="[22]"></a>SWI1_EGU1_IRQHandler</STRONG> (Thumb, 0 bytes, Stack size 0 bytes, arm_startup_nrf52.o(.text))
<BR>[Address Reference Count : 1]<UL><LI> arm_startup_nrf52.o(RESET)
</UL>
<P><STRONG><a name="[24]"></a>SWI3_EGU3_IRQHandler</STRONG> (Thumb, 0 bytes, Stack size 0 bytes, arm_startup_nrf52.o(.text))
<BR>[Address Reference Count : 1]<UL><LI> arm_startup_nrf52.o(RESET)
</UL>
<P><STRONG><a name="[25]"></a>SWI4_EGU4_IRQHandler</STRONG> (Thumb, 0 bytes, Stack size 0 bytes, arm_startup_nrf52.o(.text))
<BR>[Address Reference Count : 1]<UL><LI> arm_startup_nrf52.o(RESET)
</UL>
<P><STRONG><a name="[26]"></a>SWI5_EGU5_IRQHandler</STRONG> (Thumb, 0 bytes, Stack size 0 bytes, arm_startup_nrf52.o(.text))
<BR>[Address Reference Count : 1]<UL><LI> arm_startup_nrf52.o(RESET)
</UL>
<P><STRONG><a name="[19]"></a>TEMP_IRQHandler</STRONG> (Thumb, 0 bytes, Stack size 0 bytes, arm_startup_nrf52.o(.text))
<BR>[Address Reference Count : 1]<UL><LI> arm_startup_nrf52.o(RESET)
</UL>
<P><STRONG><a name="[15]"></a>TIMER0_IRQHandler</STRONG> (Thumb, 0 bytes, Stack size 0 bytes, arm_startup_nrf52.o(.text))
<BR>[Address Reference Count : 1]<UL><LI> arm_startup_nrf52.o(RESET)
</UL>
<P><STRONG><a name="[16]"></a>TIMER1_IRQHandler</STRONG> (Thumb, 0 bytes, Stack size 0 bytes, arm_startup_nrf52.o(.text))
<BR>[Address Reference Count : 1]<UL><LI> arm_startup_nrf52.o(RESET)
</UL>
<P><STRONG><a name="[27]"></a>TIMER3_IRQHandler</STRONG> (Thumb, 0 bytes, Stack size 0 bytes, arm_startup_nrf52.o(.text))
<BR>[Address Reference Count : 1]<UL><LI> arm_startup_nrf52.o(RESET)
</UL>
<P><STRONG><a name="[28]"></a>TIMER4_IRQHandler</STRONG> (Thumb, 0 bytes, Stack size 0 bytes, arm_startup_nrf52.o(.text))
<BR>[Address Reference Count : 1]<UL><LI> arm_startup_nrf52.o(RESET)
</UL>
<P><STRONG><a name="[1d]"></a>WDT_IRQHandler</STRONG> (Thumb, 0 bytes, Stack size 0 bytes, arm_startup_nrf52.o(.text))
<BR>[Address Reference Count : 1]<UL><LI> arm_startup_nrf52.o(RESET)
</UL>
<P><STRONG><a name="[fe]"></a>__aeabi_llsl</STRONG> (Thumb, 30 bytes, Stack size 0 bytes, llshl.o(.text))
<BR><BR>[Called By]<UL><LI><a href="#[35]">&gt;&gt;</a>&nbsp;&nbsp;&nbsp;gpiote_event_handler
<LI><a href="#[36]">&gt;&gt;</a>&nbsp;&nbsp;&nbsp;detection_delay_timeout_handler
</UL>

<P><STRONG><a name="[1de]"></a>_ll_shift_l</STRONG> (Thumb, 0 bytes, Stack size 0 bytes, llshl.o(.text), UNUSED)

<P><STRONG><a name="[d5]"></a>__aeabi_memcpy</STRONG> (Thumb, 36 bytes, Stack size 0 bytes, memcpya.o(.text))
<BR><BR>[Called By]<UL><LI><a href="#[b9]">&gt;&gt;</a>&nbsp;&nbsp;&nbsp;service_data_encode
<LI><a href="#[b8]">&gt;&gt;</a>&nbsp;&nbsp;&nbsp;manuf_specific_data_encode
<LI><a href="#[ed]">&gt;&gt;</a>&nbsp;&nbsp;&nbsp;pds_peer_data_read
<LI><a href="#[55]">&gt;&gt;</a>&nbsp;&nbsp;&nbsp;read
<LI><a href="#[d3]">&gt;&gt;</a>&nbsp;&nbsp;&nbsp;ble_dfu_buttonless_on_ctrl_pt_write
</UL>

<P><STRONG><a name="[b2]"></a>__aeabi_memcpy4</STRONG> (Thumb, 0 bytes, Stack size 0 bytes, memcpya.o(.text))
<BR><BR>[Called By]<UL><LI><a href="#[1c4]">&gt;&gt;</a>&nbsp;&nbsp;&nbsp;service_changed_send_in_evt
<LI><a href="#[f7]">&gt;&gt;</a>&nbsp;&nbsp;&nbsp;send_unexpected_error
<LI><a href="#[48]">&gt;&gt;</a>&nbsp;&nbsp;&nbsp;db_update_pending_handle
<LI><a href="#[df]">&gt;&gt;</a>&nbsp;&nbsp;&nbsp;conn_handle_list_get
<LI><a href="#[5c]">&gt;&gt;</a>&nbsp;&nbsp;&nbsp;ble_evt_handler
<LI><a href="#[5d]">&gt;&gt;</a>&nbsp;&nbsp;&nbsp;nrf_ble_gatt_on_ble_evt
<LI><a href="#[bb]">&gt;&gt;</a>&nbsp;&nbsp;&nbsp;ble_conn_params_init
<LI><a href="#[109]">&gt;&gt;</a>&nbsp;&nbsp;&nbsp;peer_data_delete_process
<LI><a href="#[e0]">&gt;&gt;</a>&nbsp;&nbsp;&nbsp;im_ble_evt_handler
<LI><a href="#[e2]">&gt;&gt;</a>&nbsp;&nbsp;&nbsp;gcm_ble_evt_handler
<LI><a href="#[1c9]">&gt;&gt;</a>&nbsp;&nbsp;&nbsp;smd_ble_evt_handler
<LI><a href="#[a9]">&gt;&gt;</a>&nbsp;&nbsp;&nbsp;send_unexpected_error
<LI><a href="#[14f]">&gt;&gt;</a>&nbsp;&nbsp;&nbsp;sec_proc_start
<LI><a href="#[f4]">&gt;&gt;</a>&nbsp;&nbsp;&nbsp;conn_sec_failure
<LI><a href="#[a6]">&gt;&gt;</a>&nbsp;&nbsp;&nbsp;auth_status_success_process
</UL>

<P><STRONG><a name="[1df]"></a>__aeabi_memcpy8</STRONG> (Thumb, 0 bytes, Stack size 0 bytes, memcpya.o(.text), UNUSED)

<P><STRONG><a name="[72]"></a>__aeabi_memset</STRONG> (Thumb, 14 bytes, Stack size 0 bytes, memseta.o(.text))
<BR><BR>[Called By]<UL><LI><a href="#[73]">&gt;&gt;</a>&nbsp;&nbsp;&nbsp;_memset$wrapper
<LI><a href="#[71]">&gt;&gt;</a>&nbsp;&nbsp;&nbsp;__aeabi_memclr
</UL>

<P><STRONG><a name="[1e0]"></a>__aeabi_memset4</STRONG> (Thumb, 0 bytes, Stack size 0 bytes, memseta.o(.text), UNUSED)

<P><STRONG><a name="[1e1]"></a>__aeabi_memset8</STRONG> (Thumb, 0 bytes, Stack size 0 bytes, memseta.o(.text), UNUSED)

<P><STRONG><a name="[71]"></a>__aeabi_memclr</STRONG> (Thumb, 4 bytes, Stack size 0 bytes, memseta.o(.text))
<BR><BR>[Calls]<UL><LI><a href="#[72]">&gt;&gt;</a>&nbsp;&nbsp;&nbsp;__aeabi_memset
</UL>
<BR>[Called By]<UL><LI><a href="#[1c6]">&gt;&gt;</a>&nbsp;&nbsp;&nbsp;sec_keyset_fill
</UL>

<P><STRONG><a name="[88]"></a>__aeabi_memclr4</STRONG> (Thumb, 0 bytes, Stack size 0 bytes, memseta.o(.text))
<BR><BR>[Called By]<UL><LI><a href="#[a5]">&gt;&gt;</a>&nbsp;&nbsp;&nbsp;local_db_apply_in_evt
<LI><a href="#[ce]">&gt;&gt;</a>&nbsp;&nbsp;&nbsp;characteristic_add
<LI><a href="#[8b]">&gt;&gt;</a>&nbsp;&nbsp;&nbsp;pm_peers_delete
<LI><a href="#[e3]">&gt;&gt;</a>&nbsp;&nbsp;&nbsp;ble_lbs_init
<LI><a href="#[32]">&gt;&gt;</a>&nbsp;&nbsp;&nbsp;main
<LI><a href="#[87]">&gt;&gt;</a>&nbsp;&nbsp;&nbsp;advertising_init
<LI><a href="#[4d]">&gt;&gt;</a>&nbsp;&nbsp;&nbsp;pm_pdb_evt_handler
<LI><a href="#[1a6]">&gt;&gt;</a>&nbsp;&nbsp;&nbsp;peer_id_init
<LI><a href="#[110]">&gt;&gt;</a>&nbsp;&nbsp;&nbsp;fds_init
<LI><a href="#[3f]">&gt;&gt;</a>&nbsp;&nbsp;&nbsp;fds_evt_handler
<LI><a href="#[8c]">&gt;&gt;</a>&nbsp;&nbsp;&nbsp;ah
<LI><a href="#[105]">&gt;&gt;</a>&nbsp;&nbsp;&nbsp;events_send_from_err_code
<LI><a href="#[1cc]">&gt;&gt;</a>&nbsp;&nbsp;&nbsp;smd_params_reply
<LI><a href="#[ad]">&gt;&gt;</a>&nbsp;&nbsp;&nbsp;send_config_req
<LI><a href="#[56]">&gt;&gt;</a>&nbsp;&nbsp;&nbsp;write
<LI><a href="#[54]">&gt;&gt;</a>&nbsp;&nbsp;&nbsp;uninit
<LI><a href="#[104]">&gt;&gt;</a>&nbsp;&nbsp;&nbsp;event_send
<LI><a href="#[57]">&gt;&gt;</a>&nbsp;&nbsp;&nbsp;erase
<LI><a href="#[123]">&gt;&gt;</a>&nbsp;&nbsp;&nbsp;queue_process
<LI><a href="#[10c]">&gt;&gt;</a>&nbsp;&nbsp;&nbsp;queue_buf_get
<LI><a href="#[cd]">&gt;&gt;</a>&nbsp;&nbsp;&nbsp;ble_dfu_buttonless_char_add
</UL>

<P><STRONG><a name="[1e2]"></a>__aeabi_memclr8</STRONG> (Thumb, 0 bytes, Stack size 0 bytes, memseta.o(.text), UNUSED)

<P><STRONG><a name="[73]"></a>_memset$wrapper</STRONG> (Thumb, 18 bytes, Stack size 8 bytes, memseta.o(.text), UNUSED)
<BR><BR>[Calls]<UL><LI><a href="#[72]">&gt;&gt;</a>&nbsp;&nbsp;&nbsp;__aeabi_memset
</UL>

<P><STRONG><a name="[86]"></a>memcmp</STRONG> (Thumb, 26 bytes, Stack size 12 bytes, memcmp.o(.text))
<BR><BR>[Stack]<UL><LI>Max Depth = 12<LI>Call Chain = memcmp
</UL>
<BR>[Called By]<UL><LI><a href="#[142]">&gt;&gt;</a>&nbsp;&nbsp;&nbsp;im_master_ids_compare
<LI><a href="#[140]">&gt;&gt;</a>&nbsp;&nbsp;&nbsp;im_is_duplicate_bonding_data
<LI><a href="#[13c]">&gt;&gt;</a>&nbsp;&nbsp;&nbsp;im_address_resolve
<LI><a href="#[85]">&gt;&gt;</a>&nbsp;&nbsp;&nbsp;addr_compare
</UL>

<P><STRONG><a name="[6d]"></a>__scatterload</STRONG> (Thumb, 28 bytes, Stack size 0 bytes, init.o(.text))
<BR><BR>[Calls]<UL><LI><a href="#[74]">&gt;&gt;</a>&nbsp;&nbsp;&nbsp;__main_after_scatterload
</UL>
<BR>[Called By]<UL><LI><a href="#[6c]">&gt;&gt;</a>&nbsp;&nbsp;&nbsp;_main_scatterload
</UL>

<P><STRONG><a name="[1e3]"></a>__scatterload_rt2</STRONG> (Thumb, 0 bytes, Stack size 0 bytes, init.o(.text), UNUSED)

<P><STRONG><a name="[1e4]"></a>__decompress</STRONG> (Thumb, 0 bytes, Stack size unknown bytes, __dczerorl2.o(.text), UNUSED)

<P><STRONG><a name="[1e5]"></a>__decompress1</STRONG> (Thumb, 86 bytes, Stack size unknown bytes, __dczerorl2.o(.text), UNUSED)

<P><STRONG><a name="[13]"></a>GPIOTE_IRQHandler</STRONG> (Thumb, 346 bytes, Stack size 72 bytes, nrfx_gpiote.o(i.GPIOTE_IRQHandler))
<BR><BR>[Stack]<UL><LI>Max Depth = 84<LI>Call Chain = GPIOTE_IRQHandler &rArr; nrf_gpio_ports_read
</UL>
<BR>[Calls]<UL><LI><a href="#[75]">&gt;&gt;</a>&nbsp;&nbsp;&nbsp;nrf_gpiote_event_is_set
<LI><a href="#[76]">&gt;&gt;</a>&nbsp;&nbsp;&nbsp;nrf_gpiote_event_clear
<LI><a href="#[77]">&gt;&gt;</a>&nbsp;&nbsp;&nbsp;nrf_gpio_ports_read
<LI><a href="#[7b]">&gt;&gt;</a>&nbsp;&nbsp;&nbsp;nrf_gpio_cfg_sense_set
<LI><a href="#[7a]">&gt;&gt;</a>&nbsp;&nbsp;&nbsp;nrf_bitmask_bit_set
<LI><a href="#[78]">&gt;&gt;</a>&nbsp;&nbsp;&nbsp;nrf_bitmask_bit_is_set
<LI><a href="#[79]">&gt;&gt;</a>&nbsp;&nbsp;&nbsp;channel_port_get
</UL>
<BR>[Address Reference Count : 1]<UL><LI> arm_startup_nrf52.o(RESET)
</UL>
<P><STRONG><a name="[d]"></a>POWER_CLOCK_IRQHandler</STRONG> (Thumb, 82 bytes, Stack size 16 bytes, nrfx_clock.o(i.POWER_CLOCK_IRQHandler))
<BR><BR>[Stack]<UL><LI>Max Depth = 24<LI>Call Chain = POWER_CLOCK_IRQHandler &rArr; nrf_clock_event_clear
</UL>
<BR>[Calls]<UL><LI><a href="#[7d]">&gt;&gt;</a>&nbsp;&nbsp;&nbsp;nrf_clock_event_clear
<LI><a href="#[7c]">&gt;&gt;</a>&nbsp;&nbsp;&nbsp;nrf_clock_event_check
</UL>
<BR>[Address Reference Count : 1]<UL><LI> arm_startup_nrf52.o(RESET)
</UL>
<P><STRONG><a name="[1e]"></a>RTC1_IRQHandler</STRONG> (Thumb, 32 bytes, Stack size 0 bytes, app_timer.o(i.RTC1_IRQHandler))
<BR><BR>[Stack]<UL><LI>Max Depth = 24<LI>Call Chain = RTC1_IRQHandler &rArr; timer_timeouts_check
</UL>
<BR>[Calls]<UL><LI><a href="#[7e]">&gt;&gt;</a>&nbsp;&nbsp;&nbsp;timer_timeouts_check
</UL>
<BR>[Address Reference Count : 1]<UL><LI> arm_startup_nrf52.o(RESET)
</UL>
<P><STRONG><a name="[14]"></a>SAADC_IRQHandler</STRONG> (Thumb, 320 bytes, Stack size 40 bytes, nrfx_saadc.o(i.SAADC_IRQHandler))
<BR><BR>[Stack]<UL><LI>Max Depth = 48<LI>Call Chain = SAADC_IRQHandler &rArr; nrf_saadc_event_clear
</UL>
<BR>[Calls]<UL><LI><a href="#[80]">&gt;&gt;</a>&nbsp;&nbsp;&nbsp;nrf_saadc_event_clear
<LI><a href="#[7f]">&gt;&gt;</a>&nbsp;&nbsp;&nbsp;nrf_saadc_event_check
<LI><a href="#[81]">&gt;&gt;</a>&nbsp;&nbsp;&nbsp;nrf_saadc_buffer_init
</UL>
<BR>[Address Reference Count : 1]<UL><LI> arm_startup_nrf52.o(RESET)
</UL>
<P><STRONG><a name="[21]"></a>SWI0_EGU0_IRQHandler</STRONG> (Thumb, 4 bytes, Stack size 0 bytes, app_timer.o(i.SWI0_EGU0_IRQHandler))
<BR><BR>[Stack]<UL><LI>Max Depth = 96<LI>Call Chain = SWI0_EGU0_IRQHandler &rArr; timer_list_handler &rArr; list_insertions_handler &rArr; timer_list_remove
</UL>
<BR>[Calls]<UL><LI><a href="#[82]">&gt;&gt;</a>&nbsp;&nbsp;&nbsp;timer_list_handler
</UL>
<BR>[Address Reference Count : 1]<UL><LI> arm_startup_nrf52.o(RESET)
</UL>
<P><STRONG><a name="[23]"></a>SWI2_EGU2_IRQHandler</STRONG> (Thumb, 4 bytes, Stack size 0 bytes, nrf_sdh.o(i.SWI2_EGU2_IRQHandler))
<BR><BR>[Stack]<UL><LI>Max Depth = 24<LI>Call Chain = SWI2_EGU2_IRQHandler &rArr; nrf_sdh_evts_poll &rArr; nrf_section_iter_next &rArr; nrf_section_iter_item_set
</UL>
<BR>[Calls]<UL><LI><a href="#[83]">&gt;&gt;</a>&nbsp;&nbsp;&nbsp;nrf_sdh_evts_poll
</UL>
<BR>[Address Reference Count : 1]<UL><LI> arm_startup_nrf52.o(RESET)
</UL>
<P><STRONG><a name="[33]"></a>SystemInit</STRONG> (Thumb, 726 bytes, Stack size 20 bytes, system_nrf52.o(i.SystemInit))
<BR><BR>[Stack]<UL><LI>Max Depth = 20<LI>Call Chain = SystemInit
</UL>
<BR>[Address Reference Count : 1]<UL><LI> arm_startup_nrf52.o(.text)
</UL>
<P><STRONG><a name="[17]"></a>TIMER2_IRQHandler</STRONG> (Thumb, 70 bytes, Stack size 32 bytes, nrfx_timer.o(i.TIMER2_IRQHandler))
<BR><BR>[Stack]<UL><LI>Max Depth = 40<LI>Call Chain = TIMER2_IRQHandler &rArr; nrf_timer_event_clear
</UL>
<BR>[Calls]<UL><LI><a href="#[84]">&gt;&gt;</a>&nbsp;&nbsp;&nbsp;nrf_timer_event_clear
</UL>
<BR>[Address Reference Count : 1]<UL><LI> arm_startup_nrf52.o(RESET)
</UL>
<P><STRONG><a name="[f]"></a>UARTE0_UART0_IRQHandler</STRONG> (Thumb, 6 bytes, Stack size 0 bytes, nrfx_prs.o(i.UARTE0_UART0_IRQHandler))
<BR>[Address Reference Count : 1]<UL><LI> arm_startup_nrf52.o(RESET)
</UL>
<P><STRONG><a name="[1e6]"></a>__scatterload_copy</STRONG> (Thumb, 14 bytes, Stack size unknown bytes, handlers.o(i.__scatterload_copy), UNUSED)

<P><STRONG><a name="[1e7]"></a>__scatterload_null</STRONG> (Thumb, 2 bytes, Stack size unknown bytes, handlers.o(i.__scatterload_null), UNUSED)

<P><STRONG><a name="[1e8]"></a>__scatterload_zeroinit</STRONG> (Thumb, 14 bytes, Stack size unknown bytes, handlers.o(i.__scatterload_zeroinit), UNUSED)

<P><STRONG><a name="[85]"></a>addr_compare</STRONG> (Thumb, 38 bytes, Stack size 8 bytes, id_manager.o(i.addr_compare))
<BR><BR>[Stack]<UL><LI>Max Depth = 20<LI>Call Chain = addr_compare &rArr; memcmp
</UL>
<BR>[Calls]<UL><LI><a href="#[86]">&gt;&gt;</a>&nbsp;&nbsp;&nbsp;memcmp
</UL>
<BR>[Called By]<UL><LI><a href="#[140]">&gt;&gt;</a>&nbsp;&nbsp;&nbsp;im_is_duplicate_bonding_data
<LI><a href="#[e0]">&gt;&gt;</a>&nbsp;&nbsp;&nbsp;im_ble_evt_handler
</UL>

<P><STRONG><a name="[8c]"></a>ah</STRONG> (Thumb, 82 bytes, Stack size 64 bytes, id_manager.o(i.ah))
<BR><BR>[Stack]<UL><LI>Max Depth = 64<LI>Call Chain = ah
</UL>
<BR>[Calls]<UL><LI><a href="#[88]">&gt;&gt;</a>&nbsp;&nbsp;&nbsp;__aeabi_memclr4
</UL>
<BR>[Called By]<UL><LI><a href="#[13c]">&gt;&gt;</a>&nbsp;&nbsp;&nbsp;im_address_resolve
</UL>

<P><STRONG><a name="[8f]"></a>app_button_disable</STRONG> (Thumb, 38 bytes, Stack size 16 bytes, app_button.o(i.app_button_disable))
<BR><BR>[Stack]<UL><LI>Max Depth = 52<LI>Call Chain = app_button_disable &rArr; app_timer_stop &rArr; timer_stop_op_schedule &rArr; app_util_critical_region_enter
</UL>
<BR>[Calls]<UL><LI><a href="#[91]">&gt;&gt;</a>&nbsp;&nbsp;&nbsp;app_timer_stop
<LI><a href="#[90]">&gt;&gt;</a>&nbsp;&nbsp;&nbsp;nrfx_gpiote_in_event_disable
</UL>
<BR>[Called By]<UL><LI><a href="#[63]">&gt;&gt;</a>&nbsp;&nbsp;&nbsp;ble_evt_handler
</UL>

<P><STRONG><a name="[92]"></a>app_button_enable</STRONG> (Thumb, 32 bytes, Stack size 16 bytes, app_button.o(i.app_button_enable))
<BR><BR>[Stack]<UL><LI>Max Depth = 48<LI>Call Chain = app_button_enable &rArr; nrfx_gpiote_in_event_enable &rArr; nrf_gpiote_event_clear
</UL>
<BR>[Calls]<UL><LI><a href="#[93]">&gt;&gt;</a>&nbsp;&nbsp;&nbsp;nrfx_gpiote_in_event_enable
</UL>
<BR>[Called By]<UL><LI><a href="#[63]">&gt;&gt;</a>&nbsp;&nbsp;&nbsp;ble_evt_handler
</UL>

<P><STRONG><a name="[94]"></a>app_button_init</STRONG> (Thumb, 102 bytes, Stack size 24 bytes, app_button.o(i.app_button_init))
<BR><BR>[Stack]<UL><LI>Max Depth = 76<LI>Call Chain = app_button_init &rArr; nrfx_gpiote_in_init &rArr; channel_port_alloc
</UL>
<BR>[Calls]<UL><LI><a href="#[98]">&gt;&gt;</a>&nbsp;&nbsp;&nbsp;app_timer_create
<LI><a href="#[95]">&gt;&gt;</a>&nbsp;&nbsp;&nbsp;nrfx_gpiote_is_init
<LI><a href="#[96]">&gt;&gt;</a>&nbsp;&nbsp;&nbsp;nrfx_gpiote_init
<LI><a href="#[97]">&gt;&gt;</a>&nbsp;&nbsp;&nbsp;nrfx_gpiote_in_init
</UL>
<BR>[Called By]<UL><LI><a href="#[32]">&gt;&gt;</a>&nbsp;&nbsp;&nbsp;main
</UL>

<P><STRONG><a name="[3e]"></a>app_error_fault_handler</STRONG> (Thumb, 20 bytes, Stack size 8 bytes, app_error_weak.o(i.app_error_fault_handler))
<BR><BR>[Stack]<UL><LI>Max Depth = 16<LI>Call Chain = app_error_fault_handler &rArr; app_error_save_and_stop
</UL>
<BR>[Calls]<UL><LI><a href="#[99]">&gt;&gt;</a>&nbsp;&nbsp;&nbsp;app_error_save_and_stop
</UL>
<BR>[Called By]<UL><LI><a href="#[6e]">&gt;&gt;</a>&nbsp;&nbsp;&nbsp;app_error_handler
</UL>
<BR>[Address Reference Count : 1]<UL><LI> nrf_sdh.o(i.nrf_sdh_enable_request)
</UL>
<P><STRONG><a name="[99]"></a>app_error_save_and_stop</STRONG> (Thumb, 96 bytes, Stack size 8 bytes, app_error.o(i.app_error_save_and_stop))
<BR><BR>[Stack]<UL><LI>Max Depth = 8<LI>Call Chain = app_error_save_and_stop
</UL>
<BR>[Called By]<UL><LI><a href="#[3e]">&gt;&gt;</a>&nbsp;&nbsp;&nbsp;app_error_fault_handler
</UL>

<P><STRONG><a name="[98]"></a>app_timer_create</STRONG> (Thumb, 36 bytes, Stack size 0 bytes, app_timer.o(i.app_timer_create))
<BR><BR>[Called By]<UL><LI><a href="#[bb]">&gt;&gt;</a>&nbsp;&nbsp;&nbsp;ble_conn_params_init
<LI><a href="#[94]">&gt;&gt;</a>&nbsp;&nbsp;&nbsp;app_button_init
</UL>

<P><STRONG><a name="[9a]"></a>app_timer_init</STRONG> (Thumb, 70 bytes, Stack size 16 bytes, app_timer.o(i.app_timer_init))
<BR><BR>[Stack]<UL><LI>Max Depth = 32<LI>Call Chain = app_timer_init &rArr; rtc1_stop
</UL>
<BR>[Calls]<UL><LI><a href="#[9b]">&gt;&gt;</a>&nbsp;&nbsp;&nbsp;rtc1_stop
<LI><a href="#[9d]">&gt;&gt;</a>&nbsp;&nbsp;&nbsp;NVIC_SetPriority
<LI><a href="#[9e]">&gt;&gt;</a>&nbsp;&nbsp;&nbsp;NVIC_EnableIRQ
<LI><a href="#[9c]">&gt;&gt;</a>&nbsp;&nbsp;&nbsp;NVIC_ClearPendingIRQ
</UL>
<BR>[Called By]<UL><LI><a href="#[32]">&gt;&gt;</a>&nbsp;&nbsp;&nbsp;main
</UL>

<P><STRONG><a name="[9f]"></a>app_timer_start</STRONG> (Thumb, 128 bytes, Stack size 40 bytes, app_timer.o(i.app_timer_start))
<BR><BR>[Stack]<UL><LI>Max Depth = 52<LI>Call Chain = app_timer_start &rArr; app_util_critical_region_enter
</UL>
<BR>[Calls]<UL><LI><a href="#[a2]">&gt;&gt;</a>&nbsp;&nbsp;&nbsp;app_util_critical_region_exit
<LI><a href="#[a0]">&gt;&gt;</a>&nbsp;&nbsp;&nbsp;app_util_critical_region_enter
<LI><a href="#[a1]">&gt;&gt;</a>&nbsp;&nbsp;&nbsp;user_op_alloc
<LI><a href="#[a3]">&gt;&gt;</a>&nbsp;&nbsp;&nbsp;NVIC_SetPendingIRQ
</UL>
<BR>[Called By]<UL><LI><a href="#[dd]">&gt;&gt;</a>&nbsp;&nbsp;&nbsp;conn_params_negotiation
<LI><a href="#[35]">&gt;&gt;</a>&nbsp;&nbsp;&nbsp;gpiote_event_handler
</UL>

<P><STRONG><a name="[91]"></a>app_timer_stop</STRONG> (Thumb, 26 bytes, Stack size 0 bytes, app_timer.o(i.app_timer_stop))
<BR><BR>[Stack]<UL><LI>Max Depth = 36<LI>Call Chain = app_timer_stop &rArr; timer_stop_op_schedule &rArr; app_util_critical_region_enter
</UL>
<BR>[Calls]<UL><LI><a href="#[a4]">&gt;&gt;</a>&nbsp;&nbsp;&nbsp;timer_stop_op_schedule
</UL>
<BR>[Called By]<UL><LI><a href="#[5e]">&gt;&gt;</a>&nbsp;&nbsp;&nbsp;ble_evt_handler
<LI><a href="#[8f]">&gt;&gt;</a>&nbsp;&nbsp;&nbsp;app_button_disable
<LI><a href="#[35]">&gt;&gt;</a>&nbsp;&nbsp;&nbsp;gpiote_event_handler
</UL>

<P><STRONG><a name="[a0]"></a>app_util_critical_region_enter</STRONG> (Thumb, 64 bytes, Stack size 12 bytes, app_util_platform.o(i.app_util_critical_region_enter))
<BR><BR>[Stack]<UL><LI>Max Depth = 12<LI>Call Chain = app_util_critical_region_enter
</UL>
<BR>[Called By]<UL><LI><a href="#[9f]">&gt;&gt;</a>&nbsp;&nbsp;&nbsp;app_timer_start
<LI><a href="#[e5]">&gt;&gt;</a>&nbsp;&nbsp;&nbsp;nrf_sdh_enable_request
<LI><a href="#[15e]">&gt;&gt;</a>&nbsp;&nbsp;&nbsp;nrf_pwr_mgmt_run
<LI><a href="#[6a]">&gt;&gt;</a>&nbsp;&nbsp;&nbsp;sd_state_evt_handler
<LI><a href="#[176]">&gt;&gt;</a>&nbsp;&nbsp;&nbsp;nrf_drv_clock_lfclk_release
<LI><a href="#[a4]">&gt;&gt;</a>&nbsp;&nbsp;&nbsp;timer_stop_op_schedule
<LI><a href="#[181]">&gt;&gt;</a>&nbsp;&nbsp;&nbsp;nrf_sdh_disable_request
</UL>

<P><STRONG><a name="[a2]"></a>app_util_critical_region_exit</STRONG> (Thumb, 46 bytes, Stack size 0 bytes, app_util_platform.o(i.app_util_critical_region_exit))
<BR><BR>[Called By]<UL><LI><a href="#[9f]">&gt;&gt;</a>&nbsp;&nbsp;&nbsp;app_timer_start
<LI><a href="#[e5]">&gt;&gt;</a>&nbsp;&nbsp;&nbsp;nrf_sdh_enable_request
<LI><a href="#[15e]">&gt;&gt;</a>&nbsp;&nbsp;&nbsp;nrf_pwr_mgmt_run
<LI><a href="#[6a]">&gt;&gt;</a>&nbsp;&nbsp;&nbsp;sd_state_evt_handler
<LI><a href="#[176]">&gt;&gt;</a>&nbsp;&nbsp;&nbsp;nrf_drv_clock_lfclk_release
<LI><a href="#[a4]">&gt;&gt;</a>&nbsp;&nbsp;&nbsp;timer_stop_op_schedule
<LI><a href="#[181]">&gt;&gt;</a>&nbsp;&nbsp;&nbsp;nrf_sdh_disable_request
</UL>

<P><STRONG><a name="[89]"></a>ble_advdata_encode</STRONG> (Thumb, 386 bytes, Stack size 40 bytes, ble_advdata.o(i.ble_advdata_encode))
<BR><BR>[Stack]<UL><LI>Max Depth = 120<LI>Call Chain = ble_advdata_encode &rArr; uuid_list_encode &rArr; uuid_list_sized_encode
</UL>
<BR>[Calls]<UL><LI><a href="#[b6]">&gt;&gt;</a>&nbsp;&nbsp;&nbsp;uuid_list_encode
<LI><a href="#[b5]">&gt;&gt;</a>&nbsp;&nbsp;&nbsp;uint16_encode
<LI><a href="#[b9]">&gt;&gt;</a>&nbsp;&nbsp;&nbsp;service_data_encode
<LI><a href="#[ba]">&gt;&gt;</a>&nbsp;&nbsp;&nbsp;name_encode
<LI><a href="#[b8]">&gt;&gt;</a>&nbsp;&nbsp;&nbsp;manuf_specific_data_encode
<LI><a href="#[b7]">&gt;&gt;</a>&nbsp;&nbsp;&nbsp;conn_int_encode
<LI><a href="#[b4]">&gt;&gt;</a>&nbsp;&nbsp;&nbsp;ble_device_addr_encode
</UL>
<BR>[Called By]<UL><LI><a href="#[87]">&gt;&gt;</a>&nbsp;&nbsp;&nbsp;advertising_init
</UL>

<P><STRONG><a name="[bb]"></a>ble_conn_params_init</STRONG> (Thumb, 90 bytes, Stack size 16 bytes, ble_conn_params.o(i.ble_conn_params_init))
<BR><BR>[Stack]<UL><LI>Max Depth = 16<LI>Call Chain = ble_conn_params_init
</UL>
<BR>[Calls]<UL><LI><a href="#[98]">&gt;&gt;</a>&nbsp;&nbsp;&nbsp;app_timer_create
<LI><a href="#[b2]">&gt;&gt;</a>&nbsp;&nbsp;&nbsp;__aeabi_memcpy4
</UL>
<BR>[Called By]<UL><LI><a href="#[32]">&gt;&gt;</a>&nbsp;&nbsp;&nbsp;main
</UL>

<P><STRONG><a name="[bc]"></a>ble_conn_state_encrypted</STRONG> (Thumb, 26 bytes, Stack size 8 bytes, ble_conn_state.o(i.ble_conn_state_encrypted))
<BR><BR>[Stack]<UL><LI>Max Depth = 8<LI>Call Chain = ble_conn_state_encrypted
</UL>
<BR>[Calls]<UL><LI><a href="#[be]">&gt;&gt;</a>&nbsp;&nbsp;&nbsp;nrf_atflags_get
<LI><a href="#[bd]">&gt;&gt;</a>&nbsp;&nbsp;&nbsp;ble_conn_state_valid
</UL>
<BR>[Called By]<UL><LI><a href="#[1c9]">&gt;&gt;</a>&nbsp;&nbsp;&nbsp;smd_ble_evt_handler
</UL>

<P><STRONG><a name="[bf]"></a>ble_conn_state_for_each_set_user_flag</STRONG> (Thumb, 38 bytes, Stack size 16 bytes, ble_conn_state.o(i.ble_conn_state_for_each_set_user_flag))
<BR><BR>[Stack]<UL><LI>Max Depth = 48<LI>Call Chain = ble_conn_state_for_each_set_user_flag &rArr; for_each_set_flag
</UL>
<BR>[Calls]<UL><LI><a href="#[c0]">&gt;&gt;</a>&nbsp;&nbsp;&nbsp;user_flag_is_acquired
<LI><a href="#[c1]">&gt;&gt;</a>&nbsp;&nbsp;&nbsp;for_each_set_flag
</UL>
<BR>[Called By]<UL><LI><a href="#[131]">&gt;&gt;</a>&nbsp;&nbsp;&nbsp;update_pending_flags_check
<LI><a href="#[133]">&gt;&gt;</a>&nbsp;&nbsp;&nbsp;service_changed_pending_flags_check
<LI><a href="#[4e]">&gt;&gt;</a>&nbsp;&nbsp;&nbsp;sm_pdb_evt_handler
<LI><a href="#[e2]">&gt;&gt;</a>&nbsp;&nbsp;&nbsp;gcm_ble_evt_handler
<LI><a href="#[e1]">&gt;&gt;</a>&nbsp;&nbsp;&nbsp;sm_ble_evt_handler
</UL>

<P><STRONG><a name="[c2]"></a>ble_conn_state_role</STRONG> (Thumb, 32 bytes, Stack size 16 bytes, ble_conn_state.o(i.ble_conn_state_role))
<BR><BR>[Stack]<UL><LI>Max Depth = 16<LI>Call Chain = ble_conn_state_role
</UL>
<BR>[Calls]<UL><LI><a href="#[be]">&gt;&gt;</a>&nbsp;&nbsp;&nbsp;nrf_atflags_get
<LI><a href="#[bd]">&gt;&gt;</a>&nbsp;&nbsp;&nbsp;ble_conn_state_valid
</UL>
<BR>[Called By]<UL><LI><a href="#[1cc]">&gt;&gt;</a>&nbsp;&nbsp;&nbsp;smd_params_reply
<LI><a href="#[14b]">&gt;&gt;</a>&nbsp;&nbsp;&nbsp;smd_link_secure
<LI><a href="#[1c9]">&gt;&gt;</a>&nbsp;&nbsp;&nbsp;smd_ble_evt_handler
</UL>

<P><STRONG><a name="[c3]"></a>ble_conn_state_user_flag_acquire</STRONG> (Thumb, 18 bytes, Stack size 8 bytes, ble_conn_state.o(i.ble_conn_state_user_flag_acquire))
<BR><BR>[Stack]<UL><LI>Max Depth = 48<LI>Call Chain = ble_conn_state_user_flag_acquire &rArr; nrf_atflags_find_and_set_flag &rArr; nrf_atflags_fetch_set &rArr; nrf_atomic_u32_fetch_or
</UL>
<BR>[Calls]<UL><LI><a href="#[c4]">&gt;&gt;</a>&nbsp;&nbsp;&nbsp;nrf_atflags_find_and_set_flag
</UL>
<BR>[Called By]<UL><LI><a href="#[135]">&gt;&gt;</a>&nbsp;&nbsp;&nbsp;gcm_init
<LI><a href="#[121]">&gt;&gt;</a>&nbsp;&nbsp;&nbsp;flag_id_init
<LI><a href="#[120]">&gt;&gt;</a>&nbsp;&nbsp;&nbsp;flag_id_init
</UL>

<P><STRONG><a name="[8e]"></a>ble_conn_state_user_flag_get</STRONG> (Thumb, 44 bytes, Stack size 16 bytes, ble_conn_state.o(i.ble_conn_state_user_flag_get))
<BR><BR>[Stack]<UL><LI>Max Depth = 16<LI>Call Chain = ble_conn_state_user_flag_get
</UL>
<BR>[Calls]<UL><LI><a href="#[be]">&gt;&gt;</a>&nbsp;&nbsp;&nbsp;nrf_atflags_get
<LI><a href="#[bd]">&gt;&gt;</a>&nbsp;&nbsp;&nbsp;ble_conn_state_valid
<LI><a href="#[c0]">&gt;&gt;</a>&nbsp;&nbsp;&nbsp;user_flag_is_acquired
</UL>
<BR>[Called By]<UL><LI><a href="#[42]">&gt;&gt;</a>&nbsp;&nbsp;&nbsp;sc_send_pending_handle
<LI><a href="#[47]">&gt;&gt;</a>&nbsp;&nbsp;&nbsp;link_secure_pending_handle
<LI><a href="#[151]">&gt;&gt;</a>&nbsp;&nbsp;&nbsp;pairing
<LI><a href="#[150]">&gt;&gt;</a>&nbsp;&nbsp;&nbsp;link_secure_failure
<LI><a href="#[8d]">&gt;&gt;</a>&nbsp;&nbsp;&nbsp;allow_repairing
</UL>

<P><STRONG><a name="[a7]"></a>ble_conn_state_user_flag_set</STRONG> (Thumb, 58 bytes, Stack size 16 bytes, ble_conn_state.o(i.ble_conn_state_user_flag_set))
<BR><BR>[Stack]<UL><LI>Max Depth = 24<LI>Call Chain = ble_conn_state_user_flag_set &rArr; nrf_atflags_set &rArr; nrf_atomic_u32_or
</UL>
<BR>[Calls]<UL><LI><a href="#[c5]">&gt;&gt;</a>&nbsp;&nbsp;&nbsp;nrf_atflags_set
<LI><a href="#[c6]">&gt;&gt;</a>&nbsp;&nbsp;&nbsp;nrf_atflags_clear
<LI><a href="#[bd]">&gt;&gt;</a>&nbsp;&nbsp;&nbsp;ble_conn_state_valid
<LI><a href="#[c0]">&gt;&gt;</a>&nbsp;&nbsp;&nbsp;user_flag_is_acquired
</UL>
<BR>[Called By]<UL><LI><a href="#[1c4]">&gt;&gt;</a>&nbsp;&nbsp;&nbsp;service_changed_send_in_evt
<LI><a href="#[f8]">&gt;&gt;</a>&nbsp;&nbsp;&nbsp;local_db_update
<LI><a href="#[a5]">&gt;&gt;</a>&nbsp;&nbsp;&nbsp;local_db_apply_in_evt
<LI><a href="#[ec]">&gt;&gt;</a>&nbsp;&nbsp;&nbsp;car_update_needed
<LI><a href="#[50]">&gt;&gt;</a>&nbsp;&nbsp;&nbsp;gcm_pdb_evt_handler
<LI><a href="#[4b]">&gt;&gt;</a>&nbsp;&nbsp;&nbsp;gcm_im_evt_handler
<LI><a href="#[e2]">&gt;&gt;</a>&nbsp;&nbsp;&nbsp;gcm_ble_evt_handler
<LI><a href="#[148]">&gt;&gt;</a>&nbsp;&nbsp;&nbsp;link_secure
<LI><a href="#[122]">&gt;&gt;</a>&nbsp;&nbsp;&nbsp;flags_set_from_err_code
<LI><a href="#[1cc]">&gt;&gt;</a>&nbsp;&nbsp;&nbsp;smd_params_reply
<LI><a href="#[1ca]">&gt;&gt;</a>&nbsp;&nbsp;&nbsp;smd_conn_sec_config_reply
<LI><a href="#[1c9]">&gt;&gt;</a>&nbsp;&nbsp;&nbsp;smd_ble_evt_handler
<LI><a href="#[14f]">&gt;&gt;</a>&nbsp;&nbsp;&nbsp;sec_proc_start
<LI><a href="#[14c]">&gt;&gt;</a>&nbsp;&nbsp;&nbsp;link_secure_central
<LI><a href="#[f4]">&gt;&gt;</a>&nbsp;&nbsp;&nbsp;conn_sec_failure
<LI><a href="#[a6]">&gt;&gt;</a>&nbsp;&nbsp;&nbsp;auth_status_success_process
</UL>

<P><STRONG><a name="[bd]"></a>ble_conn_state_valid</STRONG> (Thumb, 16 bytes, Stack size 0 bytes, ble_conn_state.o(i.ble_conn_state_valid))
<BR><BR>[Calls]<UL><LI><a href="#[be]">&gt;&gt;</a>&nbsp;&nbsp;&nbsp;nrf_atflags_get
</UL>
<BR>[Called By]<UL><LI><a href="#[a7]">&gt;&gt;</a>&nbsp;&nbsp;&nbsp;ble_conn_state_user_flag_set
<LI><a href="#[8e]">&gt;&gt;</a>&nbsp;&nbsp;&nbsp;ble_conn_state_user_flag_get
<LI><a href="#[c2]">&gt;&gt;</a>&nbsp;&nbsp;&nbsp;ble_conn_state_role
<LI><a href="#[bc]">&gt;&gt;</a>&nbsp;&nbsp;&nbsp;ble_conn_state_encrypted
<LI><a href="#[13d]">&gt;&gt;</a>&nbsp;&nbsp;&nbsp;im_ble_addr_get
<LI><a href="#[aa]">&gt;&gt;</a>&nbsp;&nbsp;&nbsp;im_peer_id_get_by_conn_handle
<LI><a href="#[136]">&gt;&gt;</a>&nbsp;&nbsp;&nbsp;im_conn_handle_get
</UL>

<P><STRONG><a name="[c7]"></a>ble_dfu_buttonless_async_svci_init</STRONG> (Thumb, 32 bytes, Stack size 8 bytes, ble_dfu_unbonded.o(i.ble_dfu_buttonless_async_svci_init))
<BR><BR>[Stack]<UL><LI>Max Depth = 8<LI>Call Chain = ble_dfu_buttonless_async_svci_init
</UL>
<BR>[Calls]<UL><LI><a href="#[c9]">&gt;&gt;</a>&nbsp;&nbsp;&nbsp;nrf_dfu_svci_vector_table_unset
<LI><a href="#[c8]">&gt;&gt;</a>&nbsp;&nbsp;&nbsp;nrf_dfu_svci_vector_table_set
</UL>
<BR>[Called By]<UL><LI><a href="#[15a]">&gt;&gt;</a>&nbsp;&nbsp;&nbsp;services_init
</UL>

<P><STRONG><a name="[d0]"></a>ble_dfu_buttonless_backend_init</STRONG> (Thumb, 14 bytes, Stack size 0 bytes, ble_dfu_unbonded.o(i.ble_dfu_buttonless_backend_init))
<BR><BR>[Called By]<UL><LI><a href="#[cf]">&gt;&gt;</a>&nbsp;&nbsp;&nbsp;ble_dfu_buttonless_init
</UL>

<P><STRONG><a name="[ca]"></a>ble_dfu_buttonless_bootloader_start_finalize</STRONG> (Thumb, 40 bytes, Stack size 8 bytes, ble_dfu.o(i.ble_dfu_buttonless_bootloader_start_finalize))
<BR><BR>[Stack]<UL><LI>Max Depth = 48<LI>Call Chain = ble_dfu_buttonless_bootloader_start_finalize &rArr; nrf_pwr_mgmt_shutdown &rArr; shutdown_process &rArr; nrf_section_iter_next &rArr; nrf_section_iter_item_set
</UL>
<BR>[Calls]<UL><LI><a href="#[cb]">&gt;&gt;</a>&nbsp;&nbsp;&nbsp;nrf_pwr_mgmt_shutdown
</UL>
<BR>[Called By]<UL><LI><a href="#[cc]">&gt;&gt;</a>&nbsp;&nbsp;&nbsp;ble_dfu_buttonless_bootloader_start_prepare
</UL>

<P><STRONG><a name="[cc]"></a>ble_dfu_buttonless_bootloader_start_prepare</STRONG> (Thumb, 20 bytes, Stack size 8 bytes, ble_dfu_unbonded.o(i.ble_dfu_buttonless_bootloader_start_prepare))
<BR><BR>[Stack]<UL><LI>Max Depth = 56<LI>Call Chain = ble_dfu_buttonless_bootloader_start_prepare &rArr; ble_dfu_buttonless_bootloader_start_finalize &rArr; nrf_pwr_mgmt_shutdown &rArr; shutdown_process &rArr; nrf_section_iter_next &rArr; nrf_section_iter_item_set
</UL>
<BR>[Calls]<UL><LI><a href="#[ca]">&gt;&gt;</a>&nbsp;&nbsp;&nbsp;ble_dfu_buttonless_bootloader_start_finalize
</UL>
<BR>[Called By]<UL><LI><a href="#[62]">&gt;&gt;</a>&nbsp;&nbsp;&nbsp;ble_dfu_buttonless_on_ble_evt
</UL>

<P><STRONG><a name="[cd]"></a>ble_dfu_buttonless_char_add</STRONG> (Thumb, 80 bytes, Stack size 40 bytes, ble_dfu_unbonded.o(i.ble_dfu_buttonless_char_add))
<BR><BR>[Stack]<UL><LI>Max Depth = 136<LI>Call Chain = ble_dfu_buttonless_char_add &rArr; characteristic_add
</UL>
<BR>[Calls]<UL><LI><a href="#[ce]">&gt;&gt;</a>&nbsp;&nbsp;&nbsp;characteristic_add
<LI><a href="#[88]">&gt;&gt;</a>&nbsp;&nbsp;&nbsp;__aeabi_memclr4
</UL>
<BR>[Called By]<UL><LI><a href="#[cf]">&gt;&gt;</a>&nbsp;&nbsp;&nbsp;ble_dfu_buttonless_init
</UL>

<P><STRONG><a name="[cf]"></a>ble_dfu_buttonless_init</STRONG> (Thumb, 100 bytes, Stack size 32 bytes, ble_dfu.o(i.ble_dfu_buttonless_init))
<BR><BR>[Stack]<UL><LI>Max Depth = 168<LI>Call Chain = ble_dfu_buttonless_init &rArr; ble_dfu_buttonless_char_add &rArr; characteristic_add
</UL>
<BR>[Calls]<UL><LI><a href="#[cd]">&gt;&gt;</a>&nbsp;&nbsp;&nbsp;ble_dfu_buttonless_char_add
<LI><a href="#[d0]">&gt;&gt;</a>&nbsp;&nbsp;&nbsp;ble_dfu_buttonless_backend_init
</UL>
<BR>[Called By]<UL><LI><a href="#[15a]">&gt;&gt;</a>&nbsp;&nbsp;&nbsp;services_init
</UL>

<P><STRONG><a name="[62]"></a>ble_dfu_buttonless_on_ble_evt</STRONG> (Thumb, 118 bytes, Stack size 8 bytes, ble_dfu.o(i.ble_dfu_buttonless_on_ble_evt))
<BR><BR>[Stack]<UL><LI>Max Depth = 88<LI>Call Chain = ble_dfu_buttonless_on_ble_evt &rArr; on_rw_authorize_req &rArr; ble_dfu_buttonless_on_ctrl_pt_write &rArr; ble_dfu_buttonless_resp_send
</UL>
<BR>[Calls]<UL><LI><a href="#[d2]">&gt;&gt;</a>&nbsp;&nbsp;&nbsp;ble_srv_is_indication_enabled
<LI><a href="#[cc]">&gt;&gt;</a>&nbsp;&nbsp;&nbsp;ble_dfu_buttonless_bootloader_start_prepare
<LI><a href="#[d1]">&gt;&gt;</a>&nbsp;&nbsp;&nbsp;on_rw_authorize_req
</UL>
<BR>[Address Reference Count : 1]<UL><LI> ble_dfu.o(sdh_ble_observers2)
</UL>
<P><STRONG><a name="[d3]"></a>ble_dfu_buttonless_on_ctrl_pt_write</STRONG> (Thumb, 174 bytes, Stack size 24 bytes, ble_dfu_unbonded.o(i.ble_dfu_buttonless_on_ctrl_pt_write))
<BR><BR>[Stack]<UL><LI>Max Depth = 48<LI>Call Chain = ble_dfu_buttonless_on_ctrl_pt_write &rArr; ble_dfu_buttonless_resp_send
</UL>
<BR>[Calls]<UL><LI><a href="#[d4]">&gt;&gt;</a>&nbsp;&nbsp;&nbsp;ble_dfu_buttonless_resp_send
<LI><a href="#[d5]">&gt;&gt;</a>&nbsp;&nbsp;&nbsp;__aeabi_memcpy
</UL>
<BR>[Called By]<UL><LI><a href="#[d1]">&gt;&gt;</a>&nbsp;&nbsp;&nbsp;on_rw_authorize_req
</UL>

<P><STRONG><a name="[67]"></a>ble_dfu_buttonless_on_sys_evt</STRONG> (Thumb, 88 bytes, Stack size 16 bytes, ble_dfu_unbonded.o(i.ble_dfu_buttonless_on_sys_evt))
<BR><BR>[Stack]<UL><LI>Max Depth = 40<LI>Call Chain = ble_dfu_buttonless_on_sys_evt &rArr; ble_dfu_buttonless_resp_send
</UL>
<BR>[Calls]<UL><LI><a href="#[d4]">&gt;&gt;</a>&nbsp;&nbsp;&nbsp;ble_dfu_buttonless_resp_send
</UL>
<BR>[Address Reference Count : 1]<UL><LI> ble_dfu_unbonded.o(sdh_soc_observers1)
</UL>
<P><STRONG><a name="[d4]"></a>ble_dfu_buttonless_resp_send</STRONG> (Thumb, 78 bytes, Stack size 24 bytes, ble_dfu.o(i.ble_dfu_buttonless_resp_send))
<BR><BR>[Stack]<UL><LI>Max Depth = 24<LI>Call Chain = ble_dfu_buttonless_resp_send
</UL>
<BR>[Called By]<UL><LI><a href="#[67]">&gt;&gt;</a>&nbsp;&nbsp;&nbsp;ble_dfu_buttonless_on_sys_evt
<LI><a href="#[d3]">&gt;&gt;</a>&nbsp;&nbsp;&nbsp;ble_dfu_buttonless_on_ctrl_pt_write
</UL>

<P><STRONG><a name="[e3]"></a>ble_lbs_init</STRONG> (Thumb, 196 bytes, Stack size 64 bytes, ble_lbs.o(i.ble_lbs_init))
<BR><BR>[Stack]<UL><LI>Max Depth = 160<LI>Call Chain = ble_lbs_init &rArr; characteristic_add
</UL>
<BR>[Calls]<UL><LI><a href="#[ce]">&gt;&gt;</a>&nbsp;&nbsp;&nbsp;characteristic_add
<LI><a href="#[88]">&gt;&gt;</a>&nbsp;&nbsp;&nbsp;__aeabi_memclr4
</UL>
<BR>[Called By]<UL><LI><a href="#[15a]">&gt;&gt;</a>&nbsp;&nbsp;&nbsp;services_init
</UL>

<P><STRONG><a name="[60]"></a>ble_lbs_on_ble_evt</STRONG> (Thumb, 46 bytes, Stack size 8 bytes, ble_lbs.o(i.ble_lbs_on_ble_evt))
<BR><BR>[Stack]<UL><LI>Max Depth = 8<LI>Call Chain = ble_lbs_on_ble_evt
</UL>
<BR>[Address Reference Count : 1]<UL><LI> main.o(sdh_ble_observers2)
</UL>
<P><STRONG><a name="[1cf]"></a>ble_lbs_on_button_change1</STRONG> (Thumb, 56 bytes, Stack size 24 bytes, ble_lbs.o(i.ble_lbs_on_button_change1))
<BR><BR>[Stack]<UL><LI>Max Depth = 24<LI>Call Chain = ble_lbs_on_button_change1
</UL>
<BR>[Called By]<UL><LI><a href="#[1ce]">&gt;&gt;</a>&nbsp;&nbsp;&nbsp;thi_monitor_handler
</UL>

<P><STRONG><a name="[d2]"></a>ble_srv_is_indication_enabled</STRONG> (Thumb, 8 bytes, Stack size 0 bytes, ble_srv_common.o(i.ble_srv_is_indication_enabled))
<BR><BR>[Called By]<UL><LI><a href="#[62]">&gt;&gt;</a>&nbsp;&nbsp;&nbsp;ble_dfu_buttonless_on_ble_evt
</UL>

<P><STRONG><a name="[da]"></a>ble_srv_is_notification_enabled</STRONG> (Thumb, 8 bytes, Stack size 0 bytes, ble_srv_common.o(i.ble_srv_is_notification_enabled))
<BR><BR>[Called By]<UL><LI><a href="#[5e]">&gt;&gt;</a>&nbsp;&nbsp;&nbsp;ble_evt_handler
</UL>

<P><STRONG><a name="[e8]"></a>bsp_board_init</STRONG> (Thumb, 80 bytes, Stack size 32 bytes, boards.o(i.bsp_board_init))
<BR><BR>[Stack]<UL><LI>Max Depth = 48<LI>Call Chain = bsp_board_init &rArr; nrf_gpio_cfg
</UL>
<BR>[Calls]<UL><LI><a href="#[ea]">&gt;&gt;</a>&nbsp;&nbsp;&nbsp;bsp_board_leds_off
<LI><a href="#[e9]">&gt;&gt;</a>&nbsp;&nbsp;&nbsp;nrf_gpio_cfg
</UL>
<BR>[Called By]<UL><LI><a href="#[32]">&gt;&gt;</a>&nbsp;&nbsp;&nbsp;main
</UL>

<P><STRONG><a name="[d7]"></a>bsp_board_led_off</STRONG> (Thumb, 10 bytes, Stack size 0 bytes, boards.o(i.bsp_board_led_off))
<BR><BR>[Calls]<UL><LI><a href="#[eb]">&gt;&gt;</a>&nbsp;&nbsp;&nbsp;nrf_gpio_pin_write
</UL>
<BR>[Called By]<UL><LI><a href="#[ea]">&gt;&gt;</a>&nbsp;&nbsp;&nbsp;bsp_board_leds_off
<LI><a href="#[44]">&gt;&gt;</a>&nbsp;&nbsp;&nbsp;led_write_handler
<LI><a href="#[63]">&gt;&gt;</a>&nbsp;&nbsp;&nbsp;ble_evt_handler
</UL>

<P><STRONG><a name="[d6]"></a>bsp_board_led_on</STRONG> (Thumb, 10 bytes, Stack size 0 bytes, boards.o(i.bsp_board_led_on))
<BR><BR>[Calls]<UL><LI><a href="#[eb]">&gt;&gt;</a>&nbsp;&nbsp;&nbsp;nrf_gpio_pin_write
</UL>
<BR>[Called By]<UL><LI><a href="#[44]">&gt;&gt;</a>&nbsp;&nbsp;&nbsp;led_write_handler
<LI><a href="#[63]">&gt;&gt;</a>&nbsp;&nbsp;&nbsp;ble_evt_handler
</UL>

<P><STRONG><a name="[ea]"></a>bsp_board_leds_off</STRONG> (Thumb, 18 bytes, Stack size 8 bytes, boards.o(i.bsp_board_leds_off))
<BR><BR>[Stack]<UL><LI>Max Depth = 8<LI>Call Chain = bsp_board_leds_off
</UL>
<BR>[Calls]<UL><LI><a href="#[d7]">&gt;&gt;</a>&nbsp;&nbsp;&nbsp;bsp_board_led_off
</UL>
<BR>[Called By]<UL><LI><a href="#[e8]">&gt;&gt;</a>&nbsp;&nbsp;&nbsp;bsp_board_init
</UL>

<P><STRONG><a name="[ce]"></a>characteristic_add</STRONG> (Thumb, 400 bytes, Stack size 96 bytes, ble_srv_common.o(i.characteristic_add))
<BR><BR>[Stack]<UL><LI>Max Depth = 96<LI>Call Chain = characteristic_add
</UL>
<BR>[Calls]<UL><LI><a href="#[ee]">&gt;&gt;</a>&nbsp;&nbsp;&nbsp;set_security_req
<LI><a href="#[88]">&gt;&gt;</a>&nbsp;&nbsp;&nbsp;__aeabi_memclr4
</UL>
<BR>[Called By]<UL><LI><a href="#[e3]">&gt;&gt;</a>&nbsp;&nbsp;&nbsp;ble_lbs_init
<LI><a href="#[cd]">&gt;&gt;</a>&nbsp;&nbsp;&nbsp;ble_dfu_buttonless_char_add
</UL>

<P><STRONG><a name="[df]"></a>conn_handle_list_get</STRONG> (Thumb, 62 bytes, Stack size 72 bytes, ble_conn_state.o(i.conn_handle_list_get))
<BR><BR>[Stack]<UL><LI>Max Depth = 72<LI>Call Chain = conn_handle_list_get
</UL>
<BR>[Calls]<UL><LI><a href="#[be]">&gt;&gt;</a>&nbsp;&nbsp;&nbsp;nrf_atflags_get
<LI><a href="#[b2]">&gt;&gt;</a>&nbsp;&nbsp;&nbsp;__aeabi_memcpy4
</UL>
<BR>[Called By]<UL><LI><a href="#[5c]">&gt;&gt;</a>&nbsp;&nbsp;&nbsp;ble_evt_handler
</UL>

<P><STRONG><a name="[10b]"></a>fds_file_delete</STRONG> (Thumb, 62 bytes, Stack size 16 bytes, fds.o(i.fds_file_delete))
<BR><BR>[Stack]<UL><LI>Max Depth = 152<LI>Call Chain = fds_file_delete &rArr; queue_start &rArr; queue_process &rArr; gc_execute &rArr; gc_next_page &rArr; gc_record_find_next &rArr; gc_record_copy &rArr; nrf_fstorage_write
</UL>
<BR>[Calls]<UL><LI><a href="#[10e]">&gt;&gt;</a>&nbsp;&nbsp;&nbsp;queue_start
<LI><a href="#[10d]">&gt;&gt;</a>&nbsp;&nbsp;&nbsp;queue_buf_store
<LI><a href="#[10c]">&gt;&gt;</a>&nbsp;&nbsp;&nbsp;queue_buf_get
</UL>
<BR>[Called By]<UL><LI><a href="#[109]">&gt;&gt;</a>&nbsp;&nbsp;&nbsp;peer_data_delete_process
</UL>

<P><STRONG><a name="[10f]"></a>fds_gc</STRONG> (Thumb, 52 bytes, Stack size 8 bytes, fds.o(i.fds_gc))
<BR><BR>[Stack]<UL><LI>Max Depth = 144<LI>Call Chain = fds_gc &rArr; queue_start &rArr; queue_process &rArr; gc_execute &rArr; gc_next_page &rArr; gc_record_find_next &rArr; gc_record_copy &rArr; nrf_fstorage_write
</UL>
<BR>[Calls]<UL><LI><a href="#[10e]">&gt;&gt;</a>&nbsp;&nbsp;&nbsp;queue_start
<LI><a href="#[10d]">&gt;&gt;</a>&nbsp;&nbsp;&nbsp;queue_buf_store
<LI><a href="#[10c]">&gt;&gt;</a>&nbsp;&nbsp;&nbsp;queue_buf_get
</UL>
<BR>[Called By]<UL><LI><a href="#[40]">&gt;&gt;</a>&nbsp;&nbsp;&nbsp;pm_evt_handler
</UL>

<P><STRONG><a name="[110]"></a>fds_init</STRONG> (Thumb, 188 bytes, Stack size 48 bytes, fds.o(i.fds_init))
<BR><BR>[Stack]<UL><LI>Max Depth = 184<LI>Call Chain = fds_init &rArr; queue_start &rArr; queue_process &rArr; gc_execute &rArr; gc_next_page &rArr; gc_record_find_next &rArr; gc_record_copy &rArr; nrf_fstorage_write
</UL>
<BR>[Calls]<UL><LI><a href="#[112]">&gt;&gt;</a>&nbsp;&nbsp;&nbsp;nrf_atomic_flag_set_fetch
<LI><a href="#[114]">&gt;&gt;</a>&nbsp;&nbsp;&nbsp;nrf_atfifo_init
<LI><a href="#[113]">&gt;&gt;</a>&nbsp;&nbsp;&nbsp;nrf_fstorage_init
<LI><a href="#[10e]">&gt;&gt;</a>&nbsp;&nbsp;&nbsp;queue_start
<LI><a href="#[10d]">&gt;&gt;</a>&nbsp;&nbsp;&nbsp;queue_buf_store
<LI><a href="#[10c]">&gt;&gt;</a>&nbsp;&nbsp;&nbsp;queue_buf_get
<LI><a href="#[115]">&gt;&gt;</a>&nbsp;&nbsp;&nbsp;pages_init
<LI><a href="#[111]">&gt;&gt;</a>&nbsp;&nbsp;&nbsp;event_send
<LI><a href="#[88]">&gt;&gt;</a>&nbsp;&nbsp;&nbsp;__aeabi_memclr4
</UL>
<BR>[Called By]<UL><LI><a href="#[1a5]">&gt;&gt;</a>&nbsp;&nbsp;&nbsp;pds_init
</UL>

<P><STRONG><a name="[116]"></a>fds_record_close</STRONG> (Thumb, 60 bytes, Stack size 16 bytes, fds.o(i.fds_record_close))
<BR><BR>[Stack]<UL><LI>Max Depth = 56<LI>Call Chain = fds_record_close &rArr; record_find_by_desc &rArr; record_find_next
</UL>
<BR>[Calls]<UL><LI><a href="#[fb]">&gt;&gt;</a>&nbsp;&nbsp;&nbsp;record_find_by_desc
</UL>
<BR>[Called By]<UL><LI><a href="#[1a5]">&gt;&gt;</a>&nbsp;&nbsp;&nbsp;pds_init
<LI><a href="#[13f]">&gt;&gt;</a>&nbsp;&nbsp;&nbsp;pds_peer_data_iterate
<LI><a href="#[ed]">&gt;&gt;</a>&nbsp;&nbsp;&nbsp;pds_peer_data_read
</UL>

<P><STRONG><a name="[117]"></a>fds_record_find</STRONG> (Thumb, 14 bytes, Stack size 24 bytes, fds.o(i.fds_record_find))
<BR><BR>[Stack]<UL><LI>Max Depth = 72<LI>Call Chain = fds_record_find &rArr; record_find &rArr; record_find_next
</UL>
<BR>[Calls]<UL><LI><a href="#[fd]">&gt;&gt;</a>&nbsp;&nbsp;&nbsp;record_find
</UL>
<BR>[Called By]<UL><LI><a href="#[1ad]">&gt;&gt;</a>&nbsp;&nbsp;&nbsp;peer_data_find
</UL>

<P><STRONG><a name="[118]"></a>fds_record_find_by_key</STRONG> (Thumb, 16 bytes, Stack size 16 bytes, fds.o(i.fds_record_find_by_key))
<BR><BR>[Stack]<UL><LI>Max Depth = 64<LI>Call Chain = fds_record_find_by_key &rArr; record_find &rArr; record_find_next
</UL>
<BR>[Calls]<UL><LI><a href="#[fd]">&gt;&gt;</a>&nbsp;&nbsp;&nbsp;record_find
</UL>
<BR>[Called By]<UL><LI><a href="#[1a5]">&gt;&gt;</a>&nbsp;&nbsp;&nbsp;pds_init
<LI><a href="#[13f]">&gt;&gt;</a>&nbsp;&nbsp;&nbsp;pds_peer_data_iterate
</UL>

<P><STRONG><a name="[119]"></a>fds_record_find_in_file</STRONG> (Thumb, 16 bytes, Stack size 16 bytes, fds.o(i.fds_record_find_in_file))
<BR><BR>[Stack]<UL><LI>Max Depth = 64<LI>Call Chain = fds_record_find_in_file &rArr; record_find &rArr; record_find_next
</UL>
<BR>[Calls]<UL><LI><a href="#[fd]">&gt;&gt;</a>&nbsp;&nbsp;&nbsp;record_find
</UL>
<BR>[Called By]<UL><LI><a href="#[109]">&gt;&gt;</a>&nbsp;&nbsp;&nbsp;peer_data_delete_process
</UL>

<P><STRONG><a name="[1ae]"></a>fds_record_id_from_desc</STRONG> (Thumb, 16 bytes, Stack size 0 bytes, fds.o(i.fds_record_id_from_desc))
<BR><BR>[Called By]<UL><LI><a href="#[138]">&gt;&gt;</a>&nbsp;&nbsp;&nbsp;pds_peer_data_store
</UL>

<P><STRONG><a name="[11a]"></a>fds_record_open</STRONG> (Thumb, 66 bytes, Stack size 24 bytes, fds.o(i.fds_record_open))
<BR><BR>[Stack]<UL><LI>Max Depth = 64<LI>Call Chain = fds_record_open &rArr; record_find_by_desc &rArr; record_find_next
</UL>
<BR>[Calls]<UL><LI><a href="#[11b]">&gt;&gt;</a>&nbsp;&nbsp;&nbsp;nrf_atomic_u32_add
<LI><a href="#[fb]">&gt;&gt;</a>&nbsp;&nbsp;&nbsp;record_find_by_desc
</UL>
<BR>[Called By]<UL><LI><a href="#[1a5]">&gt;&gt;</a>&nbsp;&nbsp;&nbsp;pds_init
<LI><a href="#[13f]">&gt;&gt;</a>&nbsp;&nbsp;&nbsp;pds_peer_data_iterate
<LI><a href="#[ed]">&gt;&gt;</a>&nbsp;&nbsp;&nbsp;pds_peer_data_read
</UL>

<P><STRONG><a name="[11c]"></a>fds_record_update</STRONG> (Thumb, 14 bytes, Stack size 0 bytes, fds.o(i.fds_record_update))
<BR><BR>[Stack]<UL><LI>Max Depth = 176<LI>Call Chain = fds_record_update &rArr; write_enqueue &rArr; queue_start &rArr; queue_process &rArr; gc_execute &rArr; gc_next_page &rArr; gc_record_find_next &rArr; gc_record_copy &rArr; nrf_fstorage_write
</UL>
<BR>[Calls]<UL><LI><a href="#[11d]">&gt;&gt;</a>&nbsp;&nbsp;&nbsp;write_enqueue
</UL>
<BR>[Called By]<UL><LI><a href="#[138]">&gt;&gt;</a>&nbsp;&nbsp;&nbsp;pds_peer_data_store
</UL>

<P><STRONG><a name="[11e]"></a>fds_record_write</STRONG> (Thumb, 8 bytes, Stack size 0 bytes, fds.o(i.fds_record_write))
<BR><BR>[Stack]<UL><LI>Max Depth = 176<LI>Call Chain = fds_record_write &rArr; write_enqueue &rArr; queue_start &rArr; queue_process &rArr; gc_execute &rArr; gc_next_page &rArr; gc_record_find_next &rArr; gc_record_copy &rArr; nrf_fstorage_write
</UL>
<BR>[Calls]<UL><LI><a href="#[11d]">&gt;&gt;</a>&nbsp;&nbsp;&nbsp;write_enqueue
</UL>
<BR>[Called By]<UL><LI><a href="#[138]">&gt;&gt;</a>&nbsp;&nbsp;&nbsp;pds_peer_data_store
</UL>

<P><STRONG><a name="[11f]"></a>fds_register</STRONG> (Thumb, 36 bytes, Stack size 8 bytes, fds.o(i.fds_register))
<BR><BR>[Stack]<UL><LI>Max Depth = 16<LI>Call Chain = fds_register &rArr; nrf_atomic_u32_add
</UL>
<BR>[Calls]<UL><LI><a href="#[11b]">&gt;&gt;</a>&nbsp;&nbsp;&nbsp;nrf_atomic_u32_add
</UL>
<BR>[Called By]<UL><LI><a href="#[1a5]">&gt;&gt;</a>&nbsp;&nbsp;&nbsp;pds_init
</UL>

<P><STRONG><a name="[e2]"></a>gcm_ble_evt_handler</STRONG> (Thumb, 194 bytes, Stack size 48 bytes, gatt_cache_manager.o(i.gcm_ble_evt_handler))
<BR><BR>[Stack]<UL><LI>Max Depth = 280<LI>Call Chain = gcm_ble_evt_handler &rArr; gscm_db_change_notification_done &rArr; pds_peer_data_store &rArr; fds_record_write &rArr; write_enqueue &rArr; queue_start &rArr; queue_process &rArr; gc_execute &rArr; gc_next_page &rArr; gc_record_find_next &rArr; gc_record_copy &rArr; nrf_fstorage_write
</UL>
<BR>[Calls]<UL><LI><a href="#[131]">&gt;&gt;</a>&nbsp;&nbsp;&nbsp;update_pending_flags_check
<LI><a href="#[133]">&gt;&gt;</a>&nbsp;&nbsp;&nbsp;service_changed_pending_flags_check
<LI><a href="#[f8]">&gt;&gt;</a>&nbsp;&nbsp;&nbsp;local_db_update
<LI><a href="#[a5]">&gt;&gt;</a>&nbsp;&nbsp;&nbsp;local_db_apply_in_evt
<LI><a href="#[f9]">&gt;&gt;</a>&nbsp;&nbsp;&nbsp;evt_send
<LI><a href="#[a7]">&gt;&gt;</a>&nbsp;&nbsp;&nbsp;ble_conn_state_user_flag_set
<LI><a href="#[bf]">&gt;&gt;</a>&nbsp;&nbsp;&nbsp;ble_conn_state_for_each_set_user_flag
<LI><a href="#[aa]">&gt;&gt;</a>&nbsp;&nbsp;&nbsp;im_peer_id_get_by_conn_handle
<LI><a href="#[130]">&gt;&gt;</a>&nbsp;&nbsp;&nbsp;gscm_db_change_notification_done
<LI><a href="#[132]">&gt;&gt;</a>&nbsp;&nbsp;&nbsp;store_car_value
<LI><a href="#[b2]">&gt;&gt;</a>&nbsp;&nbsp;&nbsp;__aeabi_memcpy4
</UL>
<BR>[Called By]<UL><LI><a href="#[5f]">&gt;&gt;</a>&nbsp;&nbsp;&nbsp;ble_evt_handler
</UL>

<P><STRONG><a name="[4b]"></a>gcm_im_evt_handler</STRONG> (Thumb, 54 bytes, Stack size 16 bytes, gatt_cache_manager.o(i.gcm_im_evt_handler))
<BR><BR>[Stack]<UL><LI>Max Depth = 232<LI>Call Chain = gcm_im_evt_handler &rArr; local_db_apply_in_evt &rArr; gscm_local_db_cache_apply &rArr; pdb_peer_data_ptr_get &rArr; pds_peer_data_read &rArr; peer_data_find &rArr; fds_record_find &rArr; record_find &rArr; record_find_next
</UL>
<BR>[Calls]<UL><LI><a href="#[131]">&gt;&gt;</a>&nbsp;&nbsp;&nbsp;update_pending_flags_check
<LI><a href="#[a5]">&gt;&gt;</a>&nbsp;&nbsp;&nbsp;local_db_apply_in_evt
<LI><a href="#[ec]">&gt;&gt;</a>&nbsp;&nbsp;&nbsp;car_update_needed
<LI><a href="#[a7]">&gt;&gt;</a>&nbsp;&nbsp;&nbsp;ble_conn_state_user_flag_set
<LI><a href="#[134]">&gt;&gt;</a>&nbsp;&nbsp;&nbsp;gscm_service_changed_ind_needed
</UL>
<BR>[Address Reference Count : 1]<UL><LI> id_manager.o(.constdata)
</UL>
<P><STRONG><a name="[135]"></a>gcm_init</STRONG> (Thumb, 88 bytes, Stack size 16 bytes, gatt_cache_manager.o(i.gcm_init))
<BR><BR>[Stack]<UL><LI>Max Depth = 64<LI>Call Chain = gcm_init &rArr; ble_conn_state_user_flag_acquire &rArr; nrf_atflags_find_and_set_flag &rArr; nrf_atflags_fetch_set &rArr; nrf_atomic_u32_fetch_or
</UL>
<BR>[Calls]<UL><LI><a href="#[c3]">&gt;&gt;</a>&nbsp;&nbsp;&nbsp;ble_conn_state_user_flag_acquire
</UL>
<BR>[Called By]<UL><LI><a href="#[1b3]">&gt;&gt;</a>&nbsp;&nbsp;&nbsp;pm_init
</UL>

<P><STRONG><a name="[50]"></a>gcm_pdb_evt_handler</STRONG> (Thumb, 130 bytes, Stack size 24 bytes, gatt_cache_manager.o(i.gcm_pdb_evt_handler))
<BR><BR>[Stack]<UL><LI>Max Depth = 184<LI>Call Chain = gcm_pdb_evt_handler &rArr; car_update_needed &rArr; pds_peer_data_read &rArr; peer_data_find &rArr; fds_record_find &rArr; record_find &rArr; record_find_next
</UL>
<BR>[Calls]<UL><LI><a href="#[131]">&gt;&gt;</a>&nbsp;&nbsp;&nbsp;update_pending_flags_check
<LI><a href="#[133]">&gt;&gt;</a>&nbsp;&nbsp;&nbsp;service_changed_pending_flags_check
<LI><a href="#[f8]">&gt;&gt;</a>&nbsp;&nbsp;&nbsp;local_db_update
<LI><a href="#[ec]">&gt;&gt;</a>&nbsp;&nbsp;&nbsp;car_update_needed
<LI><a href="#[a7]">&gt;&gt;</a>&nbsp;&nbsp;&nbsp;ble_conn_state_user_flag_set
<LI><a href="#[137]">&gt;&gt;</a>&nbsp;&nbsp;&nbsp;pdb_peer_data_ptr_get
<LI><a href="#[136]">&gt;&gt;</a>&nbsp;&nbsp;&nbsp;im_conn_handle_get
</UL>
<BR>[Address Reference Count : 1]<UL><LI> peer_database.o(.constdata)
</UL>
<P><STRONG><a name="[130]"></a>gscm_db_change_notification_done</STRONG> (Thumb, 22 bytes, Stack size 16 bytes, gatts_cache_manager.o(i.gscm_db_change_notification_done))
<BR><BR>[Stack]<UL><LI>Max Depth = 232<LI>Call Chain = gscm_db_change_notification_done &rArr; pds_peer_data_store &rArr; fds_record_write &rArr; write_enqueue &rArr; queue_start &rArr; queue_process &rArr; gc_execute &rArr; gc_next_page &rArr; gc_record_find_next &rArr; gc_record_copy &rArr; nrf_fstorage_write
</UL>
<BR>[Calls]<UL><LI><a href="#[138]">&gt;&gt;</a>&nbsp;&nbsp;&nbsp;pds_peer_data_store
</UL>
<BR>[Called By]<UL><LI><a href="#[1c4]">&gt;&gt;</a>&nbsp;&nbsp;&nbsp;service_changed_send_in_evt
<LI><a href="#[e2]">&gt;&gt;</a>&nbsp;&nbsp;&nbsp;gcm_ble_evt_handler
</UL>

<P><STRONG><a name="[1bc]"></a>gscm_init</STRONG> (Thumb, 16 bytes, Stack size 0 bytes, gatts_cache_manager.o(i.gscm_init))
<BR><BR>[Called By]<UL><LI><a href="#[1b3]">&gt;&gt;</a>&nbsp;&nbsp;&nbsp;pm_init
</UL>

<P><STRONG><a name="[139]"></a>gscm_local_db_cache_apply</STRONG> (Thumb, 106 bytes, Stack size 32 bytes, gatts_cache_manager.o(i.gscm_local_db_cache_apply))
<BR><BR>[Stack]<UL><LI>Max Depth = 176<LI>Call Chain = gscm_local_db_cache_apply &rArr; pdb_peer_data_ptr_get &rArr; pds_peer_data_read &rArr; peer_data_find &rArr; fds_record_find &rArr; record_find &rArr; record_find_next
</UL>
<BR>[Calls]<UL><LI><a href="#[137]">&gt;&gt;</a>&nbsp;&nbsp;&nbsp;pdb_peer_data_ptr_get
<LI><a href="#[aa]">&gt;&gt;</a>&nbsp;&nbsp;&nbsp;im_peer_id_get_by_conn_handle
</UL>
<BR>[Called By]<UL><LI><a href="#[a5]">&gt;&gt;</a>&nbsp;&nbsp;&nbsp;local_db_apply_in_evt
</UL>

<P><STRONG><a name="[f6]"></a>gscm_local_db_cache_update</STRONG> (Thumb, 130 bytes, Stack size 32 bytes, gatts_cache_manager.o(i.gscm_local_db_cache_update))
<BR><BR>[Stack]<UL><LI>Max Depth = 288<LI>Call Chain = gscm_local_db_cache_update &rArr; pdb_write_buf_store &rArr; write_buf_store &rArr; pds_peer_data_store &rArr; fds_record_write &rArr; write_enqueue &rArr; queue_start &rArr; queue_process &rArr; gc_execute &rArr; gc_next_page &rArr; gc_record_find_next &rArr; gc_record_copy &rArr; nrf_fstorage_write
</UL>
[...]
</UL>

<P><STRONG><a name="[12b]"></a>page_tag_write_data</STRONG> (Thumb, 20 bytes, Stack size 8 bytes, fds.o(i.page_tag_write_data))
<BR><BR>[Stack]<UL><LI>Max Depth = 40<LI>Call Chain = page_tag_write_data &rArr; nrf_fstorage_write
</UL>
<BR>[Calls]<UL><LI><a href="#[12e]">&gt;&gt;</a>&nbsp;&nbsp;&nbsp;nrf_fstorage_write
</UL>
<BR>[Called By]<UL><LI><a href="#[147]">&gt;&gt;</a>&nbsp;&nbsp;&nbsp;init_execute
<LI><a href="#[125]">&gt;&gt;</a>&nbsp;&nbsp;&nbsp;gc_execute
</UL>

<P><STRONG><a name="[12c]"></a>page_tag_write_swap</STRONG> (Thumb, 22 bytes, Stack size 8 bytes, fds.o(i.page_tag_write_swap))
<BR><BR>[Stack]<UL><LI>Max Depth = 40<LI>Call Chain = page_tag_write_swap &rArr; nrf_fstorage_write
</UL>
<BR>[Calls]<UL><LI><a href="#[12e]">&gt;&gt;</a>&nbsp;&nbsp;&nbsp;nrf_fstorage_write
</UL>
<BR>[Called By]<UL><LI><a href="#[147]">&gt;&gt;</a>&nbsp;&nbsp;&nbsp;init_execute
<LI><a href="#[125]">&gt;&gt;</a>&nbsp;&nbsp;&nbsp;gc_execute
</UL>

<P><STRONG><a name="[115]"></a>pages_init</STRONG> (Thumb, 272 bytes, Stack size 40 bytes, fds.o(i.pages_init))
<BR><BR>[Stack]<UL><LI>Max Depth = 64<LI>Call Chain = pages_init &rArr; page_scan
</UL>
<BR>[Calls]<UL><LI><a href="#[192]">&gt;&gt;</a>&nbsp;&nbsp;&nbsp;page_scan
<LI><a href="#[195]">&gt;&gt;</a>&nbsp;&nbsp;&nbsp;page_identify
</UL>
<BR>[Called By]<UL><LI><a href="#[110]">&gt;&gt;</a>&nbsp;&nbsp;&nbsp;fds_init
</UL>

<P><STRONG><a name="[10c]"></a>queue_buf_get</STRONG> (Thumb, 24 bytes, Stack size 8 bytes, fds.o(i.queue_buf_get))
<BR><BR>[Stack]<UL><LI>Max Depth = 24<LI>Call Chain = queue_buf_get &rArr; nrf_atfifo_item_alloc
</UL>
<BR>[Calls]<UL><LI><a href="#[101]">&gt;&gt;</a>&nbsp;&nbsp;&nbsp;nrf_atfifo_item_alloc
<LI><a href="#[88]">&gt;&gt;</a>&nbsp;&nbsp;&nbsp;__aeabi_memclr4
</UL>
<BR>[Called By]<UL><LI><a href="#[10f]">&gt;&gt;</a>&nbsp;&nbsp;&nbsp;fds_gc
<LI><a href="#[110]">&gt;&gt;</a>&nbsp;&nbsp;&nbsp;fds_init
<LI><a href="#[10b]">&gt;&gt;</a>&nbsp;&nbsp;&nbsp;fds_file_delete
<LI><a href="#[11d]">&gt;&gt;</a>&nbsp;&nbsp;&nbsp;write_enqueue
</UL>

<P><STRONG><a name="[10d]"></a>queue_buf_store</STRONG> (Thumb, 10 bytes, Stack size 0 bytes, fds.o(i.queue_buf_store))
<BR><BR>[Stack]<UL><LI>Max Depth = 8<LI>Call Chain = queue_buf_store &rArr; nrf_atfifo_item_put
</UL>
<BR>[Calls]<UL><LI><a href="#[102]">&gt;&gt;</a>&nbsp;&nbsp;&nbsp;nrf_atfifo_item_put
</UL>
<BR>[Called By]<UL><LI><a href="#[10f]">&gt;&gt;</a>&nbsp;&nbsp;&nbsp;fds_gc
<LI><a href="#[110]">&gt;&gt;</a>&nbsp;&nbsp;&nbsp;fds_init
<LI><a href="#[10b]">&gt;&gt;</a>&nbsp;&nbsp;&nbsp;fds_file_delete
<LI><a href="#[11d]">&gt;&gt;</a>&nbsp;&nbsp;&nbsp;write_enqueue
</UL>

<P><STRONG><a name="[123]"></a>queue_process</STRONG> (Thumb, 152 bytes, Stack size 40 bytes, fds.o(i.queue_process))
<BR><BR>[Stack]<UL><LI>Max Depth = 128<LI>Call Chain = queue_process &rArr; gc_execute &rArr; gc_next_page &rArr; gc_record_find_next &rArr; gc_record_copy &rArr; nrf_fstorage_write
</UL>
<BR>[Calls]<UL><LI><a href="#[16e]">&gt;&gt;</a>&nbsp;&nbsp;&nbsp;nrf_atomic_u32_sub
<LI><a href="#[165]">&gt;&gt;</a>&nbsp;&nbsp;&nbsp;nrf_atfifo_item_get
<LI><a href="#[164]">&gt;&gt;</a>&nbsp;&nbsp;&nbsp;nrf_atfifo_item_free
<LI><a href="#[1c1]">&gt;&gt;</a>&nbsp;&nbsp;&nbsp;write_execute
<LI><a href="#[147]">&gt;&gt;</a>&nbsp;&nbsp;&nbsp;init_execute
<LI><a href="#[125]">&gt;&gt;</a>&nbsp;&nbsp;&nbsp;gc_execute
<LI><a href="#[111]">&gt;&gt;</a>&nbsp;&nbsp;&nbsp;event_send
<LI><a href="#[1c2]">&gt;&gt;</a>&nbsp;&nbsp;&nbsp;event_prepare
<LI><a href="#[fa]">&gt;&gt;</a>&nbsp;&nbsp;&nbsp;delete_execute
<LI><a href="#[88]">&gt;&gt;</a>&nbsp;&nbsp;&nbsp;__aeabi_memclr4
</UL>
<BR>[Called By]<UL><LI><a href="#[10e]">&gt;&gt;</a>&nbsp;&nbsp;&nbsp;queue_start
<LI><a href="#[2]">&gt;&gt;</a>&nbsp;&nbsp;&nbsp;fs_event_handler
</UL>

<P><STRONG><a name="[10e]"></a>queue_start</STRONG> (Thumb, 24 bytes, Stack size 8 bytes, fds.o(i.queue_start))
<BR><BR>[Stack]<UL><LI>Max Depth = 136<LI>Call Chain = queue_start &rArr; queue_process &rArr; gc_execute &rArr; gc_next_page &rArr; gc_record_find_next &rArr; gc_record_copy &rArr; nrf_fstorage_write
</UL>
<BR>[Calls]<UL><LI><a href="#[16b]">&gt;&gt;</a>&nbsp;&nbsp;&nbsp;nrf_atomic_u32_fetch_add
<LI><a href="#[123]">&gt;&gt;</a>&nbsp;&nbsp;&nbsp;queue_process
</UL>
<BR>[Called By]<UL><LI><a href="#[10f]">&gt;&gt;</a>&nbsp;&nbsp;&nbsp;fds_gc
<LI><a href="#[110]">&gt;&gt;</a>&nbsp;&nbsp;&nbsp;fds_init
<LI><a href="#[10b]">&gt;&gt;</a>&nbsp;&nbsp;&nbsp;fds_file_delete
<LI><a href="#[11d]">&gt;&gt;</a>&nbsp;&nbsp;&nbsp;write_enqueue
</UL>

<P><STRONG><a name="[fd]"></a>record_find</STRONG> (Thumb, 128 bytes, Stack size 32 bytes, fds.o(i.record_find))
<BR><BR>[Stack]<UL><LI>Max Depth = 48<LI>Call Chain = record_find &rArr; record_find_next
</UL>
<BR>[Calls]<UL><LI><a href="#[12f]">&gt;&gt;</a>&nbsp;&nbsp;&nbsp;record_find_next
</UL>
<BR>[Called By]<UL><LI><a href="#[119]">&gt;&gt;</a>&nbsp;&nbsp;&nbsp;fds_record_find_in_file
<LI><a href="#[118]">&gt;&gt;</a>&nbsp;&nbsp;&nbsp;fds_record_find_by_key
<LI><a href="#[117]">&gt;&gt;</a>&nbsp;&nbsp;&nbsp;fds_record_find
<LI><a href="#[fa]">&gt;&gt;</a>&nbsp;&nbsp;&nbsp;delete_execute
</UL>

<P><STRONG><a name="[fb]"></a>record_find_by_desc</STRONG> (Thumb, 152 bytes, Stack size 24 bytes, fds.o(i.record_find_by_desc))
<BR><BR>[Stack]<UL><LI>Max Depth = 40<LI>Call Chain = record_find_by_desc &rArr; record_find_next
</UL>
<BR>[Calls]<UL><LI><a href="#[12f]">&gt;&gt;</a>&nbsp;&nbsp;&nbsp;record_find_next
<LI><a href="#[1c3]">&gt;&gt;</a>&nbsp;&nbsp;&nbsp;is_word_aligned
</UL>
<BR>[Called By]<UL><LI><a href="#[11a]">&gt;&gt;</a>&nbsp;&nbsp;&nbsp;fds_record_open
<LI><a href="#[116]">&gt;&gt;</a>&nbsp;&nbsp;&nbsp;fds_record_close
<LI><a href="#[1c1]">&gt;&gt;</a>&nbsp;&nbsp;&nbsp;write_execute
<LI><a href="#[fa]">&gt;&gt;</a>&nbsp;&nbsp;&nbsp;delete_execute
</UL>

<P><STRONG><a name="[12f]"></a>record_find_next</STRONG> (Thumb, 88 bytes, Stack size 16 bytes, fds.o(i.record_find_next))
<BR><BR>[Stack]<UL><LI>Max Depth = 16<LI>Call Chain = record_find_next
</UL>
<BR>[Calls]<UL><LI><a href="#[194]">&gt;&gt;</a>&nbsp;&nbsp;&nbsp;header_has_next
<LI><a href="#[193]">&gt;&gt;</a>&nbsp;&nbsp;&nbsp;header_check
</UL>
<BR>[Called By]<UL><LI><a href="#[fb]">&gt;&gt;</a>&nbsp;&nbsp;&nbsp;record_find_by_desc
<LI><a href="#[fd]">&gt;&gt;</a>&nbsp;&nbsp;&nbsp;record_find
<LI><a href="#[128]">&gt;&gt;</a>&nbsp;&nbsp;&nbsp;gc_record_find_next
</UL>

<P><STRONG><a name="[fc]"></a>record_header_flag_dirty</STRONG> (Thumb, 44 bytes, Stack size 16 bytes, fds.o(i.record_header_flag_dirty))
<BR><BR>[Stack]<UL><LI>Max Depth = 48<LI>Call Chain = record_header_flag_dirty &rArr; nrf_fstorage_write
</UL>
<BR>[Calls]<UL><LI><a href="#[12e]">&gt;&gt;</a>&nbsp;&nbsp;&nbsp;nrf_fstorage_write
</UL>
<BR>[Called By]<UL><LI><a href="#[1c1]">&gt;&gt;</a>&nbsp;&nbsp;&nbsp;write_execute
<LI><a href="#[fa]">&gt;&gt;</a>&nbsp;&nbsp;&nbsp;delete_execute
</UL>

<P><STRONG><a name="[11d]"></a>write_enqueue</STRONG> (Thumb, 222 bytes, Stack size 40 bytes, fds.o(i.write_enqueue))
<BR><BR>[Stack]<UL><LI>Max Depth = 176<LI>Call Chain = write_enqueue &rArr; queue_start &rArr; queue_process &rArr; gc_execute &rArr; gc_next_page &rArr; gc_record_find_next &rArr; gc_record_copy &rArr; nrf_fstorage_write
</UL>
<BR>[Calls]<UL><LI><a href="#[11b]">&gt;&gt;</a>&nbsp;&nbsp;&nbsp;nrf_atomic_u32_add
<LI><a href="#[1d2]">&gt;&gt;</a>&nbsp;&nbsp;&nbsp;write_space_reserve
<LI><a href="#[1d3]">&gt;&gt;</a>&nbsp;&nbsp;&nbsp;write_space_free
<LI><a href="#[10e]">&gt;&gt;</a>&nbsp;&nbsp;&nbsp;queue_start
<LI><a href="#[10d]">&gt;&gt;</a>&nbsp;&nbsp;&nbsp;queue_buf_store
<LI><a href="#[10c]">&gt;&gt;</a>&nbsp;&nbsp;&nbsp;queue_buf_get
<LI><a href="#[1c3]">&gt;&gt;</a>&nbsp;&nbsp;&nbsp;is_word_aligned
</UL>
<BR>[Called By]<UL><LI><a href="#[11e]">&gt;&gt;</a>&nbsp;&nbsp;&nbsp;fds_record_write
<LI><a href="#[11c]">&gt;&gt;</a>&nbsp;&nbsp;&nbsp;fds_record_update
</UL>

<P><STRONG><a name="[1c1]"></a>write_execute</STRONG> (Thumb, 230 bytes, Stack size 32 bytes, fds.o(i.write_execute))
<BR><BR>[Stack]<UL><LI>Max Depth = 80<LI>Call Chain = write_execute &rArr; record_header_flag_dirty &rArr; nrf_fstorage_write
</UL>
<BR>[Calls]<UL><LI><a href="#[12e]">&gt;&gt;</a>&nbsp;&nbsp;&nbsp;nrf_fstorage_write
<LI><a href="#[fc]">&gt;&gt;</a>&nbsp;&nbsp;&nbsp;record_header_flag_dirty
<LI><a href="#[fb]">&gt;&gt;</a>&nbsp;&nbsp;&nbsp;record_find_by_desc
<LI><a href="#[1d4]">&gt;&gt;</a>&nbsp;&nbsp;&nbsp;page_offsets_update
</UL>
<BR>[Called By]<UL><LI><a href="#[123]">&gt;&gt;</a>&nbsp;&nbsp;&nbsp;queue_process
</UL>

<P><STRONG><a name="[1d3]"></a>write_space_free</STRONG> (Thumb, 20 bytes, Stack size 0 bytes, fds.o(i.write_space_free))
<BR><BR>[Called By]<UL><LI><a href="#[11d]">&gt;&gt;</a>&nbsp;&nbsp;&nbsp;write_enqueue
</UL>

<P><STRONG><a name="[1d2]"></a>write_space_reserve</STRONG> (Thumb, 88 bytes, Stack size 16 bytes, fds.o(i.write_space_reserve))
<BR><BR>[Stack]<UL><LI>Max Depth = 16<LI>Call Chain = write_space_reserve
</UL>
<BR>[Called By]<UL><LI><a href="#[11d]">&gt;&gt;</a>&nbsp;&nbsp;&nbsp;write_enqueue
</UL>

<P><STRONG><a name="[17c]"></a>addr_is_aligned32</STRONG> (Thumb, 12 bytes, Stack size 0 bytes, nrf_fstorage.o(i.addr_is_aligned32))
<BR><BR>[Called By]<UL><LI><a href="#[12e]">&gt;&gt;</a>&nbsp;&nbsp;&nbsp;nrf_fstorage_write
</UL>

<P><STRONG><a name="[178]"></a>addr_is_within_bounds</STRONG> (Thumb, 24 bytes, Stack size 0 bytes, nrf_fstorage.o(i.addr_is_within_bounds))
<BR><BR>[Called By]<UL><LI><a href="#[12e]">&gt;&gt;</a>&nbsp;&nbsp;&nbsp;nrf_fstorage_write
<LI><a href="#[12d]">&gt;&gt;</a>&nbsp;&nbsp;&nbsp;nrf_fstorage_erase
</UL>

<P><STRONG><a name="[57]"></a>erase</STRONG> (Thumb, 72 bytes, Stack size 32 bytes, nrf_fstorage_sd.o(i.erase))
<BR><BR>[Stack]<UL><LI>Max Depth = 136<LI>Call Chain = erase &rArr; queue_start &rArr; queue_process &rArr; nrf_fstorage_sys_evt_handler &rArr;  queue_process (Cycle)
</UL>
<BR>[Calls]<UL><LI><a href="#[102]">&gt;&gt;</a>&nbsp;&nbsp;&nbsp;nrf_atfifo_item_put
<LI><a href="#[101]">&gt;&gt;</a>&nbsp;&nbsp;&nbsp;nrf_atfifo_item_alloc
<LI><a href="#[103]">&gt;&gt;</a>&nbsp;&nbsp;&nbsp;queue_start
<LI><a href="#[88]">&gt;&gt;</a>&nbsp;&nbsp;&nbsp;__aeabi_memclr4
</UL>
<BR>[Address Reference Count : 1]<UL><LI> nrf_fstorage_sd.o(.constdata)
</UL>
<P><STRONG><a name="[104]"></a>event_send</STRONG> (Thumb, 84 bytes, Stack size 40 bytes, nrf_fstorage_sd.o(i.event_send))
<BR><BR>[Stack]<UL><LI>Max Depth = 40<LI>Call Chain = event_send
</UL>
<BR>[Calls]<UL><LI><a href="#[88]">&gt;&gt;</a>&nbsp;&nbsp;&nbsp;__aeabi_memclr4
</UL>
<BR>[Called By]<UL><LI><a href="#[66]">&gt;&gt;</a>&nbsp;&nbsp;&nbsp;nrf_fstorage_sys_evt_handler
<LI><a href="#[179]">&gt;&gt;</a>&nbsp;&nbsp;&nbsp;queue_process
</UL>

<P><STRONG><a name="[53]"></a>init</STRONG> (Thumb, 42 bytes, Stack size 8 bytes, nrf_fstorage_sd.o(i.init))
<BR><BR>[Stack]<UL><LI>Max Depth = 16<LI>Call Chain = init &rArr; nrf_atomic_flag_set_fetch &rArr; nrf_atomic_u32_fetch_or
</UL>
<BR>[Calls]<UL><LI><a href="#[146]">&gt;&gt;</a>&nbsp;&nbsp;&nbsp;nrf_sdh_is_enabled
<LI><a href="#[112]">&gt;&gt;</a>&nbsp;&nbsp;&nbsp;nrf_atomic_flag_set_fetch
<LI><a href="#[114]">&gt;&gt;</a>&nbsp;&nbsp;&nbsp;nrf_atfifo_init
</UL>
<BR>[Address Reference Count : 1]<UL><LI> nrf_fstorage_sd.o(.constdata)
</UL>
<P><STRONG><a name="[5a]"></a>is_busy</STRONG> (Thumb, 12 bytes, Stack size 0 bytes, nrf_fstorage_sd.o(i.is_busy))
<BR>[Address Reference Count : 1]<UL><LI> nrf_fstorage_sd.o(.constdata)
</UL>
<P><STRONG><a name="[17a]"></a>queue_free</STRONG> (Thumb, 10 bytes, Stack size 0 bytes, nrf_fstorage_sd.o(i.queue_free))
<BR><BR>[Stack]<UL><LI>Max Depth = 8<LI>Call Chain = queue_free &rArr; nrf_atfifo_item_free
</UL>
<BR>[Calls]<UL><LI><a href="#[164]">&gt;&gt;</a>&nbsp;&nbsp;&nbsp;nrf_atfifo_item_free
</UL>
<BR>[Called By]<UL><LI><a href="#[66]">&gt;&gt;</a>&nbsp;&nbsp;&nbsp;nrf_fstorage_sys_evt_handler
<LI><a href="#[179]">&gt;&gt;</a>&nbsp;&nbsp;&nbsp;queue_process
</UL>

<P><STRONG><a name="[179]"></a>queue_process</STRONG> (Thumb, 148 bytes, Stack size 24 bytes, nrf_fstorage_sd.o(i.queue_process))
<BR><BR>[Stack]<UL><LI>Max Depth = 96<LI>Call Chain = queue_process &rArr; nrf_fstorage_sys_evt_handler &rArr;  queue_process (Cycle)
</UL>
<BR>[Calls]<UL><LI><a href="#[165]">&gt;&gt;</a>&nbsp;&nbsp;&nbsp;nrf_atfifo_item_get
<LI><a href="#[66]">&gt;&gt;</a>&nbsp;&nbsp;&nbsp;nrf_fstorage_sys_evt_handler
<LI><a href="#[17a]">&gt;&gt;</a>&nbsp;&nbsp;&nbsp;queue_free
<LI><a href="#[104]">&gt;&gt;</a>&nbsp;&nbsp;&nbsp;event_send
</UL>
<BR>[Called By]<UL><LI><a href="#[66]">&gt;&gt;</a>&nbsp;&nbsp;&nbsp;nrf_fstorage_sys_evt_handler
<LI><a href="#[6b]">&gt;&gt;</a>&nbsp;&nbsp;&nbsp;nrf_fstorage_sdh_state_handler
<LI><a href="#[103]">&gt;&gt;</a>&nbsp;&nbsp;&nbsp;queue_start
</UL>

<P><STRONG><a name="[103]"></a>queue_start</STRONG> (Thumb, 30 bytes, Stack size 8 bytes, nrf_fstorage_sd.o(i.queue_start))
<BR><BR>[Stack]<UL><LI>Max Depth = 104<LI>Call Chain = queue_start &rArr; queue_process &rArr; nrf_fstorage_sys_evt_handler &rArr;  queue_process (Cycle)
</UL>
<BR>[Calls]<UL><LI><a href="#[112]">&gt;&gt;</a>&nbsp;&nbsp;&nbsp;nrf_atomic_flag_set_fetch
<LI><a href="#[179]">&gt;&gt;</a>&nbsp;&nbsp;&nbsp;queue_process
</UL>
<BR>[Called By]<UL><LI><a href="#[56]">&gt;&gt;</a>&nbsp;&nbsp;&nbsp;write
<LI><a href="#[57]">&gt;&gt;</a>&nbsp;&nbsp;&nbsp;erase
</UL>

<P><STRONG><a name="[55]"></a>read</STRONG> (Thumb, 14 bytes, Stack size 8 bytes, nrf_fstorage_sd.o(i.read))
<BR><BR>[Stack]<UL><LI>Max Depth = 8<LI>Call Chain = read
</UL>
<BR>[Calls]<UL><LI><a href="#[d5]">&gt;&gt;</a>&nbsp;&nbsp;&nbsp;__aeabi_memcpy
</UL>
<BR>[Address Reference Count : 1]<UL><LI> nrf_fstorage_sd.o(.constdata)
</UL>
<P><STRONG><a name="[58]"></a>rmap</STRONG> (Thumb, 4 bytes, Stack size 0 bytes, nrf_fstorage_sd.o(i.rmap))
<BR>[Address Reference Count : 1]<UL><LI> nrf_fstorage_sd.o(.constdata)
</UL>
<P><STRONG><a name="[54]"></a>uninit</STRONG> (Thumb, 22 bytes, Stack size 8 bytes, nrf_fstorage_sd.o(i.uninit))
<BR><BR>[Stack]<UL><LI>Max Depth = 16<LI>Call Chain = uninit &rArr; nrf_atfifo_clear
</UL>
<BR>[Calls]<UL><LI><a href="#[161]">&gt;&gt;</a>&nbsp;&nbsp;&nbsp;nrf_atfifo_clear
<LI><a href="#[88]">&gt;&gt;</a>&nbsp;&nbsp;&nbsp;__aeabi_memclr4
</UL>
<BR>[Address Reference Count : 1]<UL><LI> nrf_fstorage_sd.o(.constdata)
</UL>
<P><STRONG><a name="[59]"></a>wmap</STRONG> (Thumb, 4 bytes, Stack size 0 bytes, nrf_fstorage_sd.o(i.wmap))
<BR>[Address Reference Count : 1]<UL><LI> nrf_fstorage_sd.o(.constdata)
</UL>
<P><STRONG><a name="[56]"></a>write</STRONG> (Thumb, 74 bytes, Stack size 40 bytes, nrf_fstorage_sd.o(i.write))
<BR><BR>[Stack]<UL><LI>Max Depth = 144<LI>Call Chain = write &rArr; queue_start &rArr; queue_process &rArr; nrf_fstorage_sys_evt_handler &rArr;  queue_process (Cycle)
</UL>
<BR>[Calls]<UL><LI><a href="#[102]">&gt;&gt;</a>&nbsp;&nbsp;&nbsp;nrf_atfifo_item_put
<LI><a href="#[101]">&gt;&gt;</a>&nbsp;&nbsp;&nbsp;nrf_atfifo_item_alloc
<LI><a href="#[103]">&gt;&gt;</a>&nbsp;&nbsp;&nbsp;queue_start
<LI><a href="#[88]">&gt;&gt;</a>&nbsp;&nbsp;&nbsp;__aeabi_memclr4
</UL>
<BR>[Address Reference Count : 1]<UL><LI> nrf_fstorage_sd.o(.constdata)
</UL>
<P><STRONG><a name="[1cd]"></a>__sd_nvic_app_accessible_irq</STRONG> (Thumb, 32 bytes, Stack size 0 bytes, nrf_sdh.o(i.__sd_nvic_app_accessible_irq))
<BR><BR>[Called By]<UL><LI><a href="#[185]">&gt;&gt;</a>&nbsp;&nbsp;&nbsp;softdevices_evt_irq_enable
<LI><a href="#[184]">&gt;&gt;</a>&nbsp;&nbsp;&nbsp;softdevice_evt_irq_disable
</UL>

<P><STRONG><a name="[182]"></a>sdh_request_observer_notify</STRONG> (Thumb, 44 bytes, Stack size 24 bytes, nrf_sdh.o(i.sdh_request_observer_notify))
<BR><BR>[Stack]<UL><LI>Max Depth = 32<LI>Call Chain = sdh_request_observer_notify &rArr; nrf_section_iter_next &rArr; nrf_section_iter_item_set
</UL>
<BR>[Calls]<UL><LI><a href="#[180]">&gt;&gt;</a>&nbsp;&nbsp;&nbsp;nrf_section_iter_next
<LI><a href="#[17d]">&gt;&gt;</a>&nbsp;&nbsp;&nbsp;nrf_section_iter_init
</UL>
<BR>[Called By]<UL><LI><a href="#[e5]">&gt;&gt;</a>&nbsp;&nbsp;&nbsp;nrf_sdh_enable_request
<LI><a href="#[181]">&gt;&gt;</a>&nbsp;&nbsp;&nbsp;nrf_sdh_disable_request
</UL>

<P><STRONG><a name="[183]"></a>sdh_state_observer_notify</STRONG> (Thumb, 38 bytes, Stack size 24 bytes, nrf_sdh.o(i.sdh_state_observer_notify))
<BR><BR>[Stack]<UL><LI>Max Depth = 32<LI>Call Chain = sdh_state_observer_notify &rArr; nrf_section_iter_next &rArr; nrf_section_iter_item_set
</UL>
<BR>[Calls]<UL><LI><a href="#[180]">&gt;&gt;</a>&nbsp;&nbsp;&nbsp;nrf_section_iter_next
<LI><a href="#[17d]">&gt;&gt;</a>&nbsp;&nbsp;&nbsp;nrf_section_iter_init
</UL>
<BR>[Called By]<UL><LI><a href="#[e5]">&gt;&gt;</a>&nbsp;&nbsp;&nbsp;nrf_sdh_enable_request
<LI><a href="#[181]">&gt;&gt;</a>&nbsp;&nbsp;&nbsp;nrf_sdh_disable_request
</UL>

<P><STRONG><a name="[184]"></a>softdevice_evt_irq_disable</STRONG> (Thumb, 56 bytes, Stack size 8 bytes, nrf_sdh.o(i.softdevice_evt_irq_disable))
<BR><BR>[Stack]<UL><LI>Max Depth = 24<LI>Call Chain = softdevice_evt_irq_disable &rArr; app_error_handler &rArr; app_error_fault_handler &rArr; app_error_save_and_stop
</UL>
<BR>[Calls]<UL><LI><a href="#[6e]">&gt;&gt;</a>&nbsp;&nbsp;&nbsp;app_error_handler
<LI><a href="#[1cd]">&gt;&gt;</a>&nbsp;&nbsp;&nbsp;__sd_nvic_app_accessible_irq
</UL>
<BR>[Called By]<UL><LI><a href="#[181]">&gt;&gt;</a>&nbsp;&nbsp;&nbsp;nrf_sdh_disable_request
</UL>

<P><STRONG><a name="[185]"></a>softdevices_evt_irq_enable</STRONG> (Thumb, 84 bytes, Stack size 8 bytes, nrf_sdh.o(i.softdevices_evt_irq_enable))
<BR><BR>[Stack]<UL><LI>Max Depth = 24<LI>Call Chain = softdevices_evt_irq_enable &rArr; app_error_handler &rArr; app_error_fault_handler &rArr; app_error_save_and_stop
</UL>
<BR>[Calls]<UL><LI><a href="#[6e]">&gt;&gt;</a>&nbsp;&nbsp;&nbsp;app_error_handler
<LI><a href="#[1cd]">&gt;&gt;</a>&nbsp;&nbsp;&nbsp;__sd_nvic_app_accessible_irq
</UL>
<BR>[Called By]<UL><LI><a href="#[e5]">&gt;&gt;</a>&nbsp;&nbsp;&nbsp;nrf_sdh_enable_request
</UL>

<P><STRONG><a name="[68]"></a>nrf_sdh_ble_evts_poll</STRONG> (Thumb, 96 bytes, Stack size 528 bytes, nrf_sdh_ble.o(i.nrf_sdh_ble_evts_poll))
<BR><BR>[Stack]<UL><LI>Max Depth = 544<LI>Call Chain = nrf_sdh_ble_evts_poll &rArr; app_error_handler &rArr; app_error_fault_handler &rArr; app_error_save_and_stop
</UL>
<BR>[Calls]<UL><LI><a href="#[6e]">&gt;&gt;</a>&nbsp;&nbsp;&nbsp;app_error_handler
<LI><a href="#[180]">&gt;&gt;</a>&nbsp;&nbsp;&nbsp;nrf_section_iter_next
<LI><a href="#[17d]">&gt;&gt;</a>&nbsp;&nbsp;&nbsp;nrf_section_iter_init
</UL>
<BR>[Address Reference Count : 1]<UL><LI> nrf_sdh_ble.o(sdh_stack_observers0)
</UL>
<P><STRONG><a name="[69]"></a>nrf_sdh_soc_evts_poll</STRONG> (Thumb, 60 bytes, Stack size 24 bytes, nrf_sdh_soc.o(i.nrf_sdh_soc_evts_poll))
<BR><BR>[Stack]<UL><LI>Max Depth = 40<LI>Call Chain = nrf_sdh_soc_evts_poll &rArr; app_error_handler &rArr; app_error_fault_handler &rArr; app_error_save_and_stop
</UL>
<BR>[Calls]<UL><LI><a href="#[6e]">&gt;&gt;</a>&nbsp;&nbsp;&nbsp;app_error_handler
<LI><a href="#[180]">&gt;&gt;</a>&nbsp;&nbsp;&nbsp;nrf_section_iter_next
<LI><a href="#[17d]">&gt;&gt;</a>&nbsp;&nbsp;&nbsp;nrf_section_iter_init
</UL>
<BR>[Address Reference Count : 1]<UL><LI> nrf_sdh_soc.o(sdh_stack_observers0)
</UL>
<P><STRONG><a name="[38]"></a>dummy_evt_handler</STRONG> (Thumb, 2 bytes, Stack size 0 bytes, ble_dfu.o(i.dummy_evt_handler))
<BR>[Address Reference Count : 1]<UL><LI> ble_dfu.o(i.ble_dfu_buttonless_init)
</UL>
<P><STRONG><a name="[d1]"></a>on_rw_authorize_req</STRONG> (Thumb, 106 bytes, Stack size 32 bytes, ble_dfu.o(i.on_rw_authorize_req))
<BR><BR>[Stack]<UL><LI>Max Depth = 80<LI>Call Chain = on_rw_authorize_req &rArr; ble_dfu_buttonless_on_ctrl_pt_write &rArr; ble_dfu_buttonless_resp_send
</UL>
<BR>[Calls]<UL><LI><a href="#[d3]">&gt;&gt;</a>&nbsp;&nbsp;&nbsp;ble_dfu_buttonless_on_ctrl_pt_write
</UL>
<BR>[Called By]<UL><LI><a href="#[62]">&gt;&gt;</a>&nbsp;&nbsp;&nbsp;ble_dfu_buttonless_on_ble_evt
</UL>
<P>
<H3>
Undefined Global Symbols
</H3><HR></body></html>
