Component: ARM Compiler 5.06 update 6 (build 750) Tool: armlink [4d35ed]

==============================================================================

Section Cross References

    main.o(i.advertising_init) refers to memseta.o(.text) for __aeabi_memclr4
    main.o(i.advertising_init) refers to printf5.o(i.__0sprintf$5) for __2sprintf
    main.o(i.advertising_init) refers to ble_advdata.o(i.ble_advdata_encode) for ble_advdata_encode
    main.o(i.advertising_init) refers to app_error_handler_keil.o(.emb_text) for app_error_handler
    main.o(i.advertising_init) refers to main.o(.constdata) for .constdata
    main.o(i.advertising_init) refers to main.o(.bss) for .bss
    main.o(i.advertising_init) refers to main.o(.data) for .data
    main.o(i.advertising_start) refers to peer_manager.o(i.pm_peers_delete) for pm_peers_delete
    main.o(i.advertising_start) refers to app_error_handler_keil.o(.emb_text) for app_error_handler
    main.o(i.advertising_start) refers to main.o(.data) for .data
    main.o(i.assert_nrf_callback) refers to app_error_handler_keil.o(.emb_text) for app_error_handler
    main.o(i.ble_evt_handler) refers to app_error_handler_keil.o(.emb_text) for app_error_handler
    main.o(i.ble_evt_handler) refers to boards.o(i.bsp_board_led_on) for bsp_board_led_on
    main.o(i.ble_evt_handler) refers to boards.o(i.bsp_board_led_off) for bsp_board_led_off
    main.o(i.ble_evt_handler) refers to nrf_ble_qwr.o(i.nrf_ble_qwr_conn_handle_assign) for nrf_ble_qwr_conn_handle_assign
    main.o(i.ble_evt_handler) refers to app_button.o(i.app_button_enable) for app_button_enable
    main.o(i.ble_evt_handler) refers to app_button.o(i.app_button_disable) for app_button_disable
    main.o(i.ble_evt_handler) refers to main.o(i.advertising_start) for advertising_start
    main.o(i.ble_evt_handler) refers to main.o(.data) for .data
    main.o(i.ble_evt_handler) refers to main.o(.bss) for .bss
    main.o(i.ble_stack_init) refers to nrf_sdh.o(i.nrf_sdh_enable_request) for nrf_sdh_enable_request
    main.o(i.ble_stack_init) refers to app_error_handler_keil.o(.emb_text) for app_error_handler
    main.o(i.ble_stack_init) refers to nrf_sdh_ble.o(i.nrf_sdh_ble_default_cfg_set) for nrf_sdh_ble_default_cfg_set
    main.o(i.ble_stack_init) refers to nrf_sdh_ble.o(i.nrf_sdh_ble_enable) for nrf_sdh_ble_enable
    main.o(i.ble_stack_init) refers to main.o(i.advertising_start) for i.advertising_start
    main.o(i.button_event_handler) refers to app_error_handler_keil.o(.emb_text) for app_error_handler
    main.o(i.conn_params_error_handler) refers to app_error_handler_keil.o(.emb_text) for app_error_handler
    main.o(i.gap_params_init) refers to app_error_handler_keil.o(.emb_text) for app_error_handler
    main.o(i.gap_params_init) refers to main.o(i.advertising_start) for i.advertising_start
    main.o(i.led_write_handler) refers to boards.o(i.bsp_board_led_on) for bsp_board_led_on
    main.o(i.led_write_handler) refers to boards.o(i.bsp_board_led_off) for bsp_board_led_off
    main.o(i.main) refers to boards.o(i.bsp_board_init) for bsp_board_init
    main.o(i.main) refers to app_timer.o(i.app_timer_init) for app_timer_init
    main.o(i.main) refers to app_error_handler_keil.o(.emb_text) for app_error_handler
    main.o(i.main) refers to app_button.o(i.app_button_init) for app_button_init
    main.o(i.main) refers to nrf_pwr_mgmt.o(i.nrf_pwr_mgmt_init) for nrf_pwr_mgmt_init
    main.o(i.main) refers to main.o(i.ble_stack_init) for ble_stack_init
    main.o(i.main) refers to main.o(i.peer_manager_init) for peer_manager_init
    main.o(i.main) refers to main.o(i.gap_params_init) for gap_params_init
    main.o(i.main) refers to nrf_ble_gatt.o(i.nrf_ble_gatt_init) for nrf_ble_gatt_init
    main.o(i.main) refers to main.o(i.saadc_init) for saadc_init
    main.o(i.main) refers to nrfx_timer.o(i.nrfx_timer_init) for nrfx_timer_init
    main.o(i.main) refers to main.o(i.services_init) for services_init
    main.o(i.main) refers to main.o(i.advertising_init) for advertising_init
    main.o(i.main) refers to memseta.o(.text) for __aeabi_memclr4
    main.o(i.main) refers to ble_conn_params.o(i.ble_conn_params_init) for ble_conn_params_init
    main.o(i.main) refers to main.o(i.advertising_start) for advertising_start
    main.o(i.main) refers to nrfx_timer.o(i.nrfx_timer_extended_compare) for nrfx_timer_extended_compare
    main.o(i.main) refers to nrfx_timer.o(i.nrfx_timer_enable) for nrfx_timer_enable
    main.o(i.main) refers to nrfx_timer.o(i.nrfx_timer_disable) for nrfx_timer_disable
    main.o(i.main) refers to nrf_pwr_mgmt.o(i.nrf_pwr_mgmt_run) for nrf_pwr_mgmt_run
    main.o(i.main) refers to main.o(.data) for .data
    main.o(i.main) refers to main.o(.bss) for .bss
    main.o(i.main) refers to main.o(.constdata) for .constdata
    main.o(i.main) refers to main.o(i.thi_monitor_timeout_handler) for thi_monitor_timeout_handler
    main.o(i.main) refers to main.o(i.on_conn_params_evt) for on_conn_params_evt
[...]
    TIMER2_IRQHandler                        0x00026c31   Thumb Code    70  nrfx_timer.o(i.TIMER2_IRQHandler)
    UARTE0_UART0_IRQHandler                  0x00026c81   Thumb Code     6  nrfx_prs.o(i.UARTE0_UART0_IRQHandler)
    __0sprintf$5                             0x00026c8d   Thumb Code    34  printf5.o(i.__0sprintf$5)
    __1sprintf$5                             0x00026c8d   Thumb Code     0  printf5.o(i.__0sprintf$5)
    __2sprintf                               0x00026c8d   Thumb Code     0  printf5.o(i.__0sprintf$5)
    __scatterload_copy                       0x00026cb5   Thumb Code    14  handlers.o(i.__scatterload_copy)
    __scatterload_null                       0x00026cc3   Thumb Code     2  handlers.o(i.__scatterload_null)
    __scatterload_zeroinit                   0x00026cc5   Thumb Code    14  handlers.o(i.__scatterload_zeroinit)
    addr_compare                             0x00026fc3   Thumb Code    38  id_manager.o(i.addr_compare)
    ah                                       0x00027195   Thumb Code    82  id_manager.o(i.ah)
    app_button_disable                       0x000271f5   Thumb Code    38  app_button.o(i.app_button_disable)
    app_button_enable                        0x00027225   Thumb Code    32  app_button.o(i.app_button_enable)
    app_button_init                          0x00027249   Thumb Code   102  app_button.o(i.app_button_init)
    app_error_fault_handler                  0x000272c1   Thumb Code    20  app_error_weak.o(i.app_error_fault_handler)
    app_error_save_and_stop                  0x000272d9   Thumb Code    96  app_error.o(i.app_error_save_and_stop)
    app_timer_create                         0x00027341   Thumb Code    36  app_timer.o(i.app_timer_create)
    app_timer_init                           0x00027369   Thumb Code    70  app_timer.o(i.app_timer_init)
    app_timer_start                          0x000273bd   Thumb Code   128  app_timer.o(i.app_timer_start)
    app_timer_stop                           0x00027445   Thumb Code    26  app_timer.o(i.app_timer_stop)
    app_util_critical_region_enter           0x00027465   Thumb Code    64  app_util_platform.o(i.app_util_critical_region_enter)
    app_util_critical_region_exit            0x000274ad   Thumb Code    46  app_util_platform.o(i.app_util_critical_region_exit)
    ble_advdata_encode                       0x000275d9   Thumb Code   386  ble_advdata.o(i.ble_advdata_encode)
    ble_conn_params_init                     0x0002775d   Thumb Code    90  ble_conn_params.o(i.ble_conn_params_init)
    ble_conn_state_encrypted                 0x000277c5   Thumb Code    26  ble_conn_state.o(i.ble_conn_state_encrypted)
    ble_conn_state_for_each_set_user_flag    0x000277e5   Thumb Code    38  ble_conn_state.o(i.ble_conn_state_for_each_set_user_flag)
    ble_conn_state_role                      0x00027811   Thumb Code    32  ble_conn_state.o(i.ble_conn_state_role)
    ble_conn_state_user_flag_acquire         0x00027835   Thumb Code    18  ble_conn_state.o(i.ble_conn_state_user_flag_acquire)
    ble_conn_state_user_flag_get             0x0002784d   Thumb Code    44  ble_conn_state.o(i.ble_conn_state_user_flag_get)
    ble_conn_state_user_flag_set             0x0002787d   Thumb Code    58  ble_conn_state.o(i.ble_conn_state_user_flag_set)
    ble_conn_state_valid                     0x000278bd   Thumb Code    16  ble_conn_state.o(i.ble_conn_state_valid)
    ble_dfu_buttonless_async_svci_init       0x00027931   Thumb Code    32  ble_dfu_unbonded.o(i.ble_dfu_buttonless_async_svci_init)
    ble_dfu_buttonless_backend_init          0x00027955   Thumb Code    14  ble_dfu_unbonded.o(i.ble_dfu_buttonless_backend_init)
    ble_dfu_buttonless_bootloader_start_finalize 0x00027969   Thumb Code    40  ble_dfu.o(i.ble_dfu_buttonless_bootloader_start_finalize)
    ble_dfu_buttonless_bootloader_start_prepare 0x00027995   Thumb Code    20  ble_dfu_unbonded.o(i.ble_dfu_buttonless_bootloader_start_prepare)
    ble_dfu_buttonless_char_add              0x000279ad   Thumb Code    80  ble_dfu_unbonded.o(i.ble_dfu_buttonless_char_add)
    ble_dfu_buttonless_init                  0x000279fd   Thumb Code   100  ble_dfu.o(i.ble_dfu_buttonless_init)
    ble_dfu_buttonless_on_ble_evt            0x00027a6d   Thumb Code   118  ble_dfu.o(i.ble_dfu_buttonless_on_ble_evt)
    ble_dfu_buttonless_on_ctrl_pt_write      0x00027ae9   Thumb Code   174  ble_dfu_unbonded.o(i.ble_dfu_buttonless_on_ctrl_pt_write)
    ble_dfu_buttonless_on_sys_evt            0x00027ba1   Thumb Code    88  ble_dfu_unbonded.o(i.ble_dfu_buttonless_on_sys_evt)
    ble_dfu_buttonless_resp_send             0x00027c01   Thumb Code    78  ble_dfu.o(i.ble_dfu_buttonless_resp_send)
    ble_lbs_init                             0x00027fd5   Thumb Code   196  ble_lbs.o(i.ble_lbs_init)
    ble_lbs_on_ble_evt                       0x0002809d   Thumb Code    46  ble_lbs.o(i.ble_lbs_on_ble_evt)
    ble_lbs_on_button_change1                0x000280cb   Thumb Code    56  ble_lbs.o(i.ble_lbs_on_button_change1)
    ble_srv_is_indication_enabled            0x00028103   Thumb Code     8  ble_srv_common.o(i.ble_srv_is_indication_enabled)
    ble_srv_is_notification_enabled          0x0002810b   Thumb Code     8  ble_srv_common.o(i.ble_srv_is_notification_enabled)
    bsp_board_init                           0x00028159   Thumb Code    80  boards.o(i.bsp_board_init)
    bsp_board_led_off                        0x000281ad   Thumb Code    10  boards.o(i.bsp_board_led_off)
    bsp_board_led_on                         0x000281bd   Thumb Code    10  boards.o(i.bsp_board_led_on)
    bsp_board_leds_off                       0x000281cd   Thumb Code    18  boards.o(i.bsp_board_leds_off)
    characteristic_add                       0x000282e9   Thumb Code   400  ble_srv_common.o(i.characteristic_add)
    conn_handle_list_get                     0x000285a9   Thumb Code    62  ble_conn_state.o(i.conn_handle_list_get)
    fds_file_delete                          0x00028c1d   Thumb Code    62  fds.o(i.fds_file_delete)
    fds_gc                                   0x00028c61   Thumb Code    52  fds.o(i.fds_gc)
    fds_init                                 0x00028c9d   Thumb Code   188  fds.o(i.fds_init)
    fds_record_close                         0x00028d6d   Thumb Code    60  fds.o(i.fds_record_close)
    fds_record_find                          0x00028dad   Thumb Code    14  fds.o(i.fds_record_find)
    fds_record_find_by_key                   0x00028dbb   Thumb Code    16  fds.o(i.fds_record_find_by_key)
    fds_record_find_in_file                  0x00028dcb   Thumb Code    16  fds.o(i.fds_record_find_in_file)
    fds_record_id_from_desc                  0x00028ddb   Thumb Code    16  fds.o(i.fds_record_id_from_desc)
    fds_record_open                          0x00028ded   Thumb Code    66  fds.o(i.fds_record_open)
    fds_record_update                        0x00028e35   Thumb Code    14  fds.o(i.fds_record_update)
    fds_record_write                         0x00028e43   Thumb Code     8  fds.o(i.fds_record_write)
    fds_register                             0x00028e4d   Thumb Code    36  fds.o(i.fds_register)
    gcm_ble_evt_handler                      0x00029169   Thumb Code   194  gatt_cache_manager.o(i.gcm_ble_evt_handler)
    gcm_im_evt_handler                       0x00029239   Thumb Code    54  gatt_cache_manager.o(i.gcm_im_evt_handler)
    gcm_init                                 0x00029275   Thumb Code    88  gatt_cache_manager.o(i.gcm_init)
    gcm_pdb_evt_handler                      0x000292d1   Thumb Code   130  gatt_cache_manager.o(i.gcm_pdb_evt_handler)
    gscm_db_change_notification_done         0x000293dd   Thumb Code    22  gatts_cache_manager.o(i.gscm_db_change_notification_done)
    gscm_init                                0x000293f9   Thumb Code    16  gatts_cache_manager.o(i.gscm_init)
    gscm_local_db_cache_apply                0x0002940d   Thumb Code   106  gatts_cache_manager.o(i.gscm_local_db_cache_apply)
    gscm_local_db_cache_update               0x00029477   Thumb Code   130  gatts_cache_manager.o(i.gscm_local_db_cache_update)
    gscm_pdb_evt_handler                     0x000294f9   Thumb Code    18  gatts_cache_manager.o(i.gscm_pdb_evt_handler)
    gscm_service_changed_ind_needed          0x00029511   Thumb Code    30  gatts_cache_manager.o(i.gscm_service_changed_ind_needed)
    gscm_service_changed_ind_send            0x00029531   Thumb Code    50  gatts_cache_manager.o(i.gscm_service_changed_ind_send)
    im_address_resolve                       0x000295a1   Thumb Code    70  id_manager.o(i.im_address_resolve)
    im_ble_addr_get                          0x000295e9   Thumb Code    50  id_manager.o(i.im_ble_addr_get)
    im_ble_evt_handler                       0x00029621   Thumb Code   210  id_manager.o(i.im_ble_evt_handler)
    im_conn_handle_get                       0x000296fd   Thumb Code    58  id_manager.o(i.im_conn_handle_get)
    im_find_duplicate_bonding_data           0x0002973d   Thumb Code    56  id_manager.o(i.im_find_duplicate_bonding_data)
    im_is_duplicate_bonding_data             0x00029775   Thumb Code   114  id_manager.o(i.im_is_duplicate_bonding_data)
    im_master_id_is_valid                    0x000297e7   Thumb Code    24  id_manager.o(i.im_master_id_is_valid)
    im_master_ids_compare                    0x000297ff   Thumb Code    42  id_manager.o(i.im_master_ids_compare)
    im_new_peer_id                           0x00029829   Thumb Code    16  id_manager.o(i.im_new_peer_id)
    im_peer_free                             0x0002983d   Thumb Code    40  id_manager.o(i.im_peer_free)
    im_peer_id_get_by_conn_handle            0x00029869   Thumb Code    32  id_manager.o(i.im_peer_id_get_by_conn_handle)
    im_peer_id_get_by_master_id              0x0002988d   Thumb Code    60  id_manager.o(i.im_peer_id_get_by_master_id)
    is_valid_irk                             0x00029a2d   Thumb Code    20  id_manager.o(i.is_valid_irk)
    main                                     0x00029e01   Thumb Code   314  main.o(i.main)
    next_id_get                              0x0002a085   Thumb Code    48  peer_id.o(i.next_id_get)
    nrf_atfifo_clear                         0x0002a0b5   Thumb Code    16  nrf_atfifo.o(i.nrf_atfifo_clear)
    nrf_atfifo_init                          0x0002a0c5   Thumb Code    38  nrf_atfifo.o(i.nrf_atfifo_init)
    nrf_atfifo_item_alloc                    0x0002a0eb   Thumb Code    22  nrf_atfifo.o(i.nrf_atfifo_item_alloc)
    nrf_atfifo_item_free                     0x0002a101   Thumb Code    22  nrf_atfifo.o(i.nrf_atfifo_item_free)
    nrf_atfifo_item_get                      0x0002a117   Thumb Code    22  nrf_atfifo.o(i.nrf_atfifo_item_get)
    nrf_atfifo_item_put                      0x0002a12d   Thumb Code    22  nrf_atfifo.o(i.nrf_atfifo_item_put)
    nrf_atflags_clear                        0x0002a143   Thumb Code    22  nrf_atflags.o(i.nrf_atflags_clear)
    nrf_atflags_fetch_set                    0x0002a159   Thumb Code    32  nrf_atflags.o(i.nrf_atflags_fetch_set)
    nrf_atflags_find_and_set_flag            0x0002a179   Thumb Code    74  nrf_atflags.o(i.nrf_atflags_find_and_set_flag)
    nrf_atflags_get                          0x0002a1c3   Thumb Code    22  nrf_atflags.o(i.nrf_atflags_get)
    nrf_atflags_set                          0x0002a1d9   Thumb Code    20  nrf_atflags.o(i.nrf_atflags_set)
    nrf_atomic_flag_set_fetch                0x0002a1ed   Thumb Code     6  nrf_atomic.o(i.nrf_atomic_flag_set_fetch)
    nrf_atomic_u32_add                       0x0002a1f3   Thumb Code    12  nrf_atomic.o(i.nrf_atomic_u32_add)
    nrf_atomic_u32_and                       0x0002a1ff   Thumb Code    12  nrf_atomic.o(i.nrf_atomic_u32_and)
    nrf_atomic_u32_fetch_add                 0x0002a20b   Thumb Code    10  nrf_atomic.o(i.nrf_atomic_u32_fetch_add)
    nrf_atomic_u32_fetch_or                  0x0002a215   Thumb Code    10  nrf_atomic.o(i.nrf_atomic_u32_fetch_or)
    nrf_atomic_u32_fetch_store               0x0002a21f   Thumb Code    10  nrf_atomic.o(i.nrf_atomic_u32_fetch_store)
    nrf_atomic_u32_or                        0x0002a229   Thumb Code    12  nrf_atomic.o(i.nrf_atomic_u32_or)
    nrf_atomic_u32_sub                       0x0002a235   Thumb Code    12  nrf_atomic.o(i.nrf_atomic_u32_sub)
    nrf_ble_gatt_init                        0x0002a265   Thumb Code    34  nrf_ble_gatt.o(i.nrf_ble_gatt_init)
    nrf_ble_gatt_on_ble_evt                  0x0002a289   Thumb Code   366  nrf_ble_gatt.o(i.nrf_ble_gatt_on_ble_evt)
    nrf_ble_qwr_conn_handle_assign           0x0002a3fd   Thumb Code    22  nrf_ble_qwr.o(i.nrf_ble_qwr_conn_handle_assign)
    nrf_ble_qwr_init                         0x0002a413   Thumb Code    36  nrf_ble_qwr.o(i.nrf_ble_qwr_init)
    nrf_ble_qwr_on_ble_evt                   0x0002a437   Thumb Code   182  nrf_ble_qwr.o(i.nrf_ble_qwr_on_ble_evt)
    nrf_dfu_svci_vector_table_set            0x0002a50b   Thumb Code    20  nrf_dfu_svci.o(i.nrf_dfu_svci_vector_table_set)
    nrf_dfu_svci_vector_table_unset          0x0002a521   Thumb Code     6  nrf_dfu_svci.o(i.nrf_dfu_svci_vector_table_unset)
    nrf_drv_clock_init                       0x0002a52d   Thumb Code    48  nrf_drv_clock.o(i.nrf_drv_clock_init)
    nrf_drv_clock_lfclk_release              0x0002a565   Thumb Code    42  nrf_drv_clock.o(i.nrf_drv_clock_lfclk_release)
    nrf_fstorage_erase                       0x0002a595   Thumb Code    78  nrf_fstorage.o(i.nrf_fstorage_erase)
    nrf_fstorage_init                        0x0002a5e3   Thumb Code    16  nrf_fstorage.o(i.nrf_fstorage_init)
    nrf_fstorage_sdh_req_handler             0x0002a5f5   Thumb Code    18  nrf_fstorage_sd.o(i.nrf_fstorage_sdh_req_handler)
    nrf_fstorage_sdh_state_handler           0x0002a60d   Thumb Code    28  nrf_fstorage_sd.o(i.nrf_fstorage_sdh_state_handler)
    nrf_fstorage_sys_evt_handler             0x0002a62d   Thumb Code   154  nrf_fstorage_sd.o(i.nrf_fstorage_sys_evt_handler)
    nrf_fstorage_write                       0x0002a6d1   Thumb Code   102  nrf_fstorage.o(i.nrf_fstorage_write)
    nrf_pwr_mgmt_init                        0x0002a805   Thumb Code    28  nrf_pwr_mgmt.o(i.nrf_pwr_mgmt_init)
    nrf_pwr_mgmt_run                         0x0002a82d   Thumb Code    64  nrf_pwr_mgmt.o(i.nrf_pwr_mgmt_run)
    nrf_pwr_mgmt_shutdown                    0x0002a871   Thumb Code    54  nrf_pwr_mgmt.o(i.nrf_pwr_mgmt_shutdown)
    nrf_sdh_ble_app_ram_start_get            0x0002a911   Thumb Code    16  nrf_sdh_ble.o(i.nrf_sdh_ble_app_ram_start_get)
    nrf_sdh_ble_default_cfg_set              0x0002a925   Thumb Code   158  nrf_sdh_ble.o(i.nrf_sdh_ble_default_cfg_set)
    nrf_sdh_ble_enable                       0x0002a9c5   Thumb Code    14  nrf_sdh_ble.o(i.nrf_sdh_ble_enable)
    nrf_sdh_disable_request                  0x0002aa81   Thumb Code    80  nrf_sdh.o(i.nrf_sdh_disable_request)
    nrf_sdh_enable_request                   0x0002aad5   Thumb Code   102  nrf_sdh.o(i.nrf_sdh_enable_request)
    nrf_sdh_evts_poll                        0x0002ab49   Thumb Code    32  nrf_sdh.o(i.nrf_sdh_evts_poll)
    nrf_sdh_is_enabled                       0x0002ab6d   Thumb Code     6  nrf_sdh.o(i.nrf_sdh_is_enabled)
    nrf_sdh_request_continue                 0x0002ab79   Thumb Code    22  nrf_sdh.o(i.nrf_sdh_request_continue)
    nrf_section_iter_init                    0x0002ac15   Thumb Code    10  nrf_section_iter.o(i.nrf_section_iter_init)
    nrf_section_iter_next                    0x0002ac43   Thumb Code    32  nrf_section_iter.o(i.nrf_section_iter_next)
    nrfx_clock_enable                        0x0002ac71   Thumb Code    38  nrfx_clock.o(i.nrfx_clock_enable)
    nrfx_clock_init                          0x0002aca1   Thumb Code    26  nrfx_clock.o(i.nrfx_clock_init)
    nrfx_clock_lfclk_stop                    0x0002acc1   Thumb Code    20  nrfx_clock.o(i.nrfx_clock_lfclk_stop)
    nrfx_gpiote_in_event_disable             0x0002acfd   Thumb Code    66  nrfx_gpiote.o(i.nrfx_gpiote_in_event_disable)
    nrfx_gpiote_in_event_enable              0x0002ad45   Thumb Code   156  nrfx_gpiote.o(i.nrfx_gpiote_in_event_enable)
    nrfx_gpiote_in_init                      0x0002ade9   Thumb Code   194  nrfx_gpiote.o(i.nrfx_gpiote_in_init)
    nrfx_gpiote_in_is_set                    0x0002aeb9   Thumb Code    20  nrfx_gpiote.o(i.nrfx_gpiote_in_is_set)
    nrfx_gpiote_init                         0x0002aecd   Thumb Code    98  nrfx_gpiote.o(i.nrfx_gpiote_init)
    nrfx_gpiote_is_init                      0x0002af3d   Thumb Code    14  nrfx_gpiote.o(i.nrfx_gpiote_is_init)
    nrfx_saadc_channel_init                  0x0002af51   Thumb Code   160  nrfx_saadc.o(i.nrfx_saadc_channel_init)
    nrfx_saadc_init                          0x0002affd   Thumb Code   126  nrfx_saadc.o(i.nrfx_saadc_init)
    nrfx_saadc_sample_convert                0x0002b08d   Thumb Code   182  nrfx_saadc.o(i.nrfx_saadc_sample_convert)
    nrfx_timer_compare                       0x0002b14d   Thumb Code    58  nrfx_timer.o(i.nrfx_timer_compare)
    nrfx_timer_disable                       0x0002b189   Thumb Code    22  nrfx_timer.o(i.nrfx_timer_disable)
    nrfx_timer_enable                        0x0002b1a5   Thumb Code    24  nrfx_timer.o(i.nrfx_timer_enable)
    nrfx_timer_extended_compare              0x0002b1c1   Thumb Code    42  nrfx_timer.o(i.nrfx_timer_extended_compare)
    nrfx_timer_init                          0x0002b1ed   Thumb Code   188  nrfx_timer.o(i.nrfx_timer_init)
    pdb_init                                 0x0002b5dd   Thumb Code    68  peer_database.o(i.pdb_init)
    pdb_pds_evt_handler                      0x0002b629   Thumb Code   116  peer_database.o(i.pdb_pds_evt_handler)
    pdb_peer_data_ptr_get                    0x0002b6a5   Thumb Code     6  peer_database.o(i.pdb_peer_data_ptr_get)
    pdb_peer_free                            0x0002b6ab   Thumb Code    58  peer_database.o(i.pdb_peer_free)
    pdb_write_buf_get                        0x0002b6e5   Thumb Code   180  peer_database.o(i.pdb_write_buf_get)
    pdb_write_buf_release                    0x0002b79d   Thumb Code    20  peer_database.o(i.pdb_write_buf_release)
    pdb_write_buf_store                      0x0002b7b1   Thumb Code    54  peer_database.o(i.pdb_write_buf_store)
    pds_init                                 0x0002b7f9   Thumb Code    98  peer_data_storage.o(i.pds_init)
    pds_next_deleted_peer_id_get             0x0002b865   Thumb Code     4  peer_data_storage.o(i.pds_next_deleted_peer_id_get)
    pds_next_peer_id_get                     0x0002b869   Thumb Code     4  peer_data_storage.o(i.pds_next_peer_id_get)
    pds_peer_data_iterate                    0x0002b86d   Thumb Code    84  peer_data_storage.o(i.pds_peer_data_iterate)
    pds_peer_data_iterate_prepare            0x0002b8c5   Thumb Code    10  peer_data_storage.o(i.pds_peer_data_iterate_prepare)
    pds_peer_data_read                       0x0002b8d5   Thumb Code   114  peer_data_storage.o(i.pds_peer_data_read)
    pds_peer_data_store                      0x0002b947   Thumb Code   122  peer_data_storage.o(i.pds_peer_data_store)
    pds_peer_id_allocate                     0x0002b9c1   Thumb Code     8  peer_data_storage.o(i.pds_peer_id_allocate)
    pds_peer_id_free                         0x0002b9c9   Thumb Code    22  peer_data_storage.o(i.pds_peer_id_free)
    pds_peer_id_is_allocated                 0x0002b9df   Thumb Code     4  peer_data_storage.o(i.pds_peer_id_is_allocated)
    peer_id_allocate                         0x0002bad1   Thumb Code     6  peer_id.o(i.peer_id_allocate)
    peer_id_delete                           0x0002badd   Thumb Code    32  peer_id.o(i.peer_id_delete)
    peer_id_free                             0x0002bb01   Thumb Code    24  peer_id.o(i.peer_id_free)
    peer_id_get_next_deleted                 0x0002bb1d   Thumb Code     6  peer_id.o(i.peer_id_get_next_deleted)
    peer_id_get_next_used                    0x0002bb29   Thumb Code    42  peer_id.o(i.peer_id_get_next_used)
    peer_id_init                             0x0002bb59   Thumb Code     8  peer_id.o(i.peer_id_init)
    peer_id_is_allocated                     0x0002bb65   Thumb Code    16  peer_id.o(i.peer_id_is_allocated)
    peer_id_is_deleted                       0x0002bb79   Thumb Code    16  peer_id.o(i.peer_id_is_deleted)
    pm_buffer_block_acquire                  0x0002bc3d   Thumb Code   100  pm_buffer.o(i.pm_buffer_block_acquire)
    pm_buffer_init                           0x0002bca1   Thumb Code    36  pm_buffer.o(i.pm_buffer_init)
    pm_buffer_ptr_get                        0x0002bcc5   Thumb Code    40  pm_buffer.o(i.pm_buffer_ptr_get)
    pm_buffer_release                        0x0002bced   Thumb Code    50  pm_buffer.o(i.pm_buffer_release)
    pm_conn_sec_config_reply                 0x0002bd1f   Thumb Code    10  peer_manager.o(i.pm_conn_sec_config_reply)
    pm_gcm_evt_handler                       0x0002bdb5   Thumb Code     4  peer_manager.o(i.pm_gcm_evt_handler)
    pm_im_evt_handler                        0x0002bdb9   Thumb Code     4  peer_manager.o(i.pm_im_evt_handler)
    pm_init                                  0x0002bdbd   Thumb Code    64  peer_manager.o(i.pm_init)
    pm_pdb_evt_handler                       0x0002be01   Thumb Code   282  peer_manager.o(i.pm_pdb_evt_handler)
    pm_peer_delete                           0x0002bf21   Thumb Code    14  peer_manager.o(i.pm_peer_delete)
    pm_peer_ranks_get                        0x0002bf35   Thumb Code   190  peer_manager.o(i.pm_peer_ranks_get)
    pm_peers_delete                          0x0002bff9   Thumb Code    98  peer_manager.o(i.pm_peers_delete)
    pm_register                              0x0002c061   Thumb Code    34  peer_manager.o(i.pm_register)
    pm_sec_params_set                        0x0002c08d   Thumb Code    14  peer_manager.o(i.pm_sec_params_set)
    pm_sm_evt_handler                        0x0002c0a1   Thumb Code    10  peer_manager.o(i.pm_sm_evt_handler)
    saadc_callback                           0x0002c53d   Thumb Code     2  main.o(i.saadc_callback)
    saadc_init                               0x0002c541   Thumb Code    56  main.o(i.saadc_init)
    sm_ble_evt_handler                       0x0002cb2d   Thumb Code    32  security_manager.o(i.sm_ble_evt_handler)
    sm_conn_sec_config_reply                 0x0002cb59   Thumb Code     4  security_manager.o(i.sm_conn_sec_config_reply)
    sm_init                                  0x0002cb5d   Thumb Code    54  security_manager.o(i.sm_init)
    sm_pdb_evt_handler                       0x0002cb99   Thumb Code    56  security_manager.o(i.sm_pdb_evt_handler)
    sm_sec_params_set                        0x0002cbdd   Thumb Code    46  security_manager.o(i.sm_sec_params_set)
    sm_smd_evt_handler                       0x0002cc11   Thumb Code    92  security_manager.o(i.sm_smd_evt_handler)
    smd_ble_evt_handler                      0x0002cc71   Thumb Code   272  security_dispatcher.o(i.smd_ble_evt_handler)
    smd_conn_sec_config_reply                0x0002cd89   Thumb Code    10  security_dispatcher.o(i.smd_conn_sec_config_reply)
    smd_init                                 0x0002cd99   Thumb Code    70  security_dispatcher.o(i.smd_init)
    smd_link_secure                          0x0002cde5   Thumb Code    58  security_dispatcher.o(i.smd_link_secure)
    smd_params_reply                         0x0002ce21   Thumb Code   168  security_dispatcher.o(i.smd_params_reply)
    store_car_value                          0x0002d039   Thumb Code    40  gatt_cache_manager.o(i.store_car_value)
    write_buf_store                          0x0002d4e5   Thumb Code   158  peer_database.o(i.write_buf_store)
    nrf_fstorage_sd                          0x0002daa4   Data          32  nrf_fstorage_sd.o(.constdata)
    m_ram_start                              0x0002db3c   Data           4  nrf_sdh_ble.o(.constdata)
    Region$$Table$$Base                      0x0002db78   Number         0  anon$$obj.o(Region$$Table)
    Region$$Table$$Limit                     0x0002db98   Number         0  anon$$obj.o(Region$$Table)
    pwr_mgmt_data0$$Base                     0x0002db98   Number         0  main.o(pwr_mgmt_data0)
    pwr_mgmt_data0$$Limit                    0x0002db9c   Number         0  main.o(pwr_mgmt_data0)
    sdh_ble_observers0$$Base                 0x0002db9c   Number         0  ble_conn_state.o(sdh_ble_observers0)
    sdh_ble_observers0$$Limit                0x0002dba4   Number         0  ble_conn_state.o(sdh_ble_observers0)
    sdh_ble_observers1$$Base                 0x0002dba4   Number         0  main.o(sdh_ble_observers1)
    sdh_ble_observers1$$Limit                0x0002dbbc   Number         0  peer_manager.o(sdh_ble_observers1)
    sdh_ble_observers2$$Base                 0x0002dbbc   Number         0  main.o(sdh_ble_observers2)
    sdh_ble_observers2$$Limit                0x0002dbd4   Number         0  ble_dfu.o(sdh_ble_observers2)
    sdh_ble_observers3$$Base                 0x0002dbd4   Number         0  main.o(sdh_ble_observers3)
    m_req_obs                                0x0002dbdc   Data           8  nrf_fstorage_sd.o(sdh_req_observers0)
    sdh_ble_observers3$$Limit                0x0002dbdc   Number         0  main.o(sdh_ble_observers3)
    sdh_req_observers0$$Base                 0x0002dbdc   Number         0  nrf_fstorage_sd.o(sdh_req_observers0)
    sdh_req_observers0$$Limit                0x0002dbe4   Number         0  nrf_fstorage_sd.o(sdh_req_observers0)
    sdh_soc_observers0$$Base                 0x0002dbe4   Number         0  nrf_drv_clock.o(sdh_soc_observers0)
    sdh_soc_observers0$$Limit                0x0002dbf4   Number         0  nrf_fstorage_sd.o(sdh_soc_observers0)
    sdh_soc_observers1$$Base                 0x0002dbf4   Number         0  ble_dfu_unbonded.o(sdh_soc_observers1)
    sdh_soc_observers1$$Limit                0x0002dbfc   Number         0  ble_dfu_unbonded.o(sdh_soc_observers1)
    sdh_stack_observers0$$Base               0x0002dbfc   Number         0  nrf_sdh_ble.o(sdh_stack_observers0)
    sdh_stack_observers0$$Limit              0x0002dc0c   Number         0  nrf_sdh_soc.o(sdh_stack_observers0)
    sdh_state_observers0$$Base               0x0002dc0c   Number         0  nrf_drv_clock.o(sdh_state_observers0)
    sdh_state_observers0$$Limit              0x0002dc1c   Number         0  nrf_fstorage_sd.o(sdh_state_observers0)
    Image$$RW_IRAM1$$Base                    0x20002aa8   Number         0  anon$$obj.o ABSOLUTE
    flag_connect                             0x20002aa9   Data           1  main.o(.data)
    temp_connect                             0x20002aaa   Data           1  main.o(.data)
    counttx                                  0x20002ab0   Data           4  main.o(.data)
    mp_dfu                                   0x20002bb8   Data           4  ble_dfu_unbonded.o(.data)
    SystemCoreClock                          0x20002bbc   Data           4  system_nrf52.o(.data)
    fs_data$$Base                            0x20002bc0   Number         0  fds.o(fs_data)
    m_fs                                     0x20002bc0   Data          20  fds.o(fs_data)
    fs_data$$Limit                           0x20002bd4   Number         0  fds.o(fs_data)
    DataRead                                 0x20002c0c   Data          20  main.o(.bss)
    nrf_nvic_state                           0x2000314c   Data          12  app_util_platform.o(.bss)
    __initial_sp                             0x20005348   Data           0  arm_startup_nrf52.o(STACK)



==============================================================================

Memory Map of the image

  Image Entry point : 0x00026201

  Load Region LR_IROM1 (Base: 0x00026000, Size: 0x00007d48, Max: 0x0005a000, ABSOLUTE, COMPRESSED[0x00007c4c])

    Execution Region ER_IROM1 (Exec base: 0x00026000, Load base: 0x00026000, Size: 0x00007c1c, Max: 0x0005a000, ABSOLUTE)

    Exec Addr    Load Addr    Size         Type   Attr      Idx    E Section Name        Object

    0x00026000   0x00026000   0x00000200   Data   RO         7013    RESET               arm_startup_nrf52.o
    0x00026200   0x00026200   0x00000000   Code   RO         7058  * .ARM.Collect$$$$00000000  mc_w.l(entry.o)
    0x00026200   0x00026200   0x00000004   Code   RO         7343    .ARM.Collect$$$$00000001  mc_w.l(entry2.o)
    0x00026204   0x00026204   0x00000004   Code   RO         7346    .ARM.Collect$$$$00000004  mc_w.l(entry5.o)
    0x00026208   0x00026208   0x00000000   Code   RO         7348    .ARM.Collect$$$$00000008  mc_w.l(entry7b.o)
    0x00026208   0x00026208   0x00000000   Code   RO         7350    .ARM.Collect$$$$0000000A  mc_w.l(entry8b.o)
    0x00026208   0x00026208   0x00000008   Code   RO         7351    .ARM.Collect$$$$0000000B  mc_w.l(entry9a.o)
    0x00026210   0x00026210   0x00000000   Code   RO         7353    .ARM.Collect$$$$0000000D  mc_w.l(entry10a.o)
    0x00026210   0x00026210   0x00000000   Code   RO         7355    .ARM.Collect$$$$0000000F  mc_w.l(entry11a.o)
    0x00026210   0x00026210   0x00000004   Code   RO         7344    .ARM.Collect$$$$00002712  mc_w.l(entry2.o)
    0x00026214   0x00026214   0x0000001a   Code   RO         4527    .emb_text           app_error_handler_keil.o
    0x0002622e   0x0002622e   0x00000002   PAD
    0x00026230   0x00026230   0x000000c8   Code   RO         4926    .emb_text           nrf_atfifo.o
    0x000262f8   0x000262f8   0x000000e2   Code   RO         5065    .emb_text           nrf_atomic.o
    0x000263da   0x000263da   0x00000002   PAD
    0x000263dc   0x000263dc   0x00000024   Code   RO         7014    .text               arm_startup_nrf52.o
    0x00026400   0x00026400   0x0000001e   Code   RO         7066    .text               mc_w.l(llshl.o)
    0x0002641e   0x0002641e   0x00000024   Code   RO         7068    .text               mc_w.l(memcpya.o)
    0x00026442   0x00026442   0x00000024   Code   RO         7070    .text               mc_w.l(memseta.o)
    0x00026466   0x00026466   0x0000001a   Code   RO         7076    .text               mc_w.l(memcmp.o)
    0x00026480   0x00026480   0x00000062   Code   RO         7360    .text               mc_w.l(uldiv.o)
    0x000264e2   0x000264e2   0x00000002   PAD
    0x000264e4   0x000264e4   0x00000024   Code   RO         7374    .text               mc_w.l(init.o)
    0x00026508   0x00026508   0x00000020   Code   RO         7376    .text               mc_w.l(llushr.o)
    0x00026528   0x00026528   0x00000056   Code   RO         7390    .text               mc_w.l(__dczerorl2.o)
    0x0002657e   0x0002657e   0x00000002   PAD
    0x00026580   0x00026580   0x00000164   Code   RO         3302    i.GPIOTE_IRQHandler  nrfx_gpiote.o
    0x000266e4   0x000266e4   0x00000016   Code   RO         4640    i.NVIC_ClearPendingIRQ  app_timer.o
    0x000266fa   0x000266fa   0x00000016   Code   RO         4641    i.NVIC_EnableIRQ    app_timer.o
    0x00026710   0x00026710   0x00000016   Code   RO         4642    i.NVIC_SetPendingIRQ  app_timer.o
    0x00026726   0x00026726   0x00000020   Code   RO         4643    i.NVIC_SetPriority  app_timer.o
    0x00026746   0x00026746   0x00000002   PAD
    0x00026748   0x00026748   0x00000058   Code   RO         3170    i.POWER_CLOCK_IRQHandler  nrfx_clock.o
    0x000267a0   0x000267a0   0x00000024   Code   RO         4644    i.RTC1_IRQHandler   app_timer.o
    0x000267c4   0x000267c4   0x00000148   Code   RO         4118    i.SAADC_IRQHandler  nrfx_saadc.o
    0x0002690c   0x0002690c   0x00000004   Code   RO         4645    i.SWI0_EGU0_IRQHandler  app_timer.o
    0x00026910   0x00026910   0x00000004   Code   RO         6614    i.SWI2_EGU2_IRQHandler  nrf_sdh.o
    0x00026914   0x00026914   0x0000031c   Code   RO         7022    i.SystemInit        system_nrf52.o
    0x00026c30   0x00026c30   0x00000050   Code   RO         3992    i.TIMER2_IRQHandler  nrfx_timer.o
    0x00026c80   0x00026c80   0x0000000c   Code   RO         3601    i.UARTE0_UART0_IRQHandler  nrfx_prs.o
    0x00026c8c   0x00026c8c   0x00000028   Code   RO         7217    i.__0sprintf$5      mc_w.l(printf5.o)
    0x00026cb4   0x00026cb4   0x0000000e   Code   RO         7384    i.__scatterload_copy  mc_w.l(handlers.o)
    0x00026cc2   0x00026cc2   0x00000002   Code   RO         7385    i.__scatterload_null  mc_w.l(handlers.o)
    0x00026cc4   0x00026cc4   0x0000000e   Code   RO         7386    i.__scatterload_zeroinit  mc_w.l(handlers.o)
    0x00026cd2   0x00026cd2   0x00000002   PAD
    0x00026cd4   0x00026cd4   0x00000024   Code   RO         6615    i.__sd_nvic_app_accessible_irq  nrf_sdh.o
    0x00026cf8   0x00026cf8   0x000002c0   Code   RO         7222    i._printf_core      mc_w.l(printf5.o)
    0x00026fb8   0x00026fb8   0x0000000a   Code   RO         7224    i._sputc            mc_w.l(printf5.o)
    0x00026fc2   0x00026fc2   0x00000026   Code   RO         1631    i.addr_compare      id_manager.o
    0x00026fe8   0x00026fe8   0x0000000c   Code   RO         5946    i.addr_is_aligned32  nrf_fstorage.o
    0x00026ff4   0x00026ff4   0x00000018   Code   RO         5947    i.addr_is_within_bounds  nrf_fstorage.o
    0x0002700c   0x0002700c   0x00000144   Code   RO            4    i.advertising_init  main.o
    0x00027150   0x00027150   0x00000044   Code   RO            5    i.advertising_start  main.o
    0x00027194   0x00027194   0x00000052   Code   RO         1632    i.ah                id_manager.o
    0x000271e6   0x000271e6   0x00000002   PAD
    0x000271e8   0x000271e8   0x0000000c   Code   RO         2599    i.allow_repairing   security_dispatcher.o
    0x000271f4   0x000271f4   0x00000030   Code   RO         4395    i.app_button_disable  app_button.o
    0x00027224   0x00027224   0x00000024   Code   RO         4396    i.app_button_enable  app_button.o
    0x00027248   0x00027248   0x00000078   Code   RO         4397    i.app_button_init   app_button.o
    0x000272c0   0x000272c0   0x00000018   Code   RO         4549    i.app_error_fault_handler  app_error_weak.o
    0x000272d8   0x000272d8   0x00000064   Code   RO         4490    i.app_error_save_and_stop  app_error.o
    0x0002733c   0x0002733c   0x00000004   Code   RO            6    i.app_shutdown_handler  main.o
    0x00027340   0x00027340   0x00000028   Code   RO         4648    i.app_timer_create  app_timer.o
    0x00027368   0x00027368   0x00000054   Code   RO         4649    i.app_timer_init    app_timer.o
    0x000273bc   0x000273bc   0x00000088   Code   RO         4652    i.app_timer_start   app_timer.o
    0x00027444   0x00027444   0x00000020   Code   RO         4653    i.app_timer_stop    app_timer.o
    0x00027464   0x00027464   0x00000048   Code   RO         4813    i.app_util_critical_region_enter  app_util_platform.o
    0x000274ac   0x000274ac   0x00000034   Code   RO         4814    i.app_util_critical_region_exit  app_util_platform.o
    0x000274e0   0x000274e0   0x00000004   Code   RO         1378    i.apply_pending_handle  gatt_cache_manager.o
    0x000274e4   0x000274e4   0x000000f4   Code   RO         2600    i.auth_status_success_process  security_dispatcher.o
    0x000275d8   0x000275d8   0x00000182   Code   RO          746    i.ble_advdata_encode  ble_advdata.o
    0x0002775a   0x0002775a   0x00000002   PAD
    0x0002775c   0x0002775c   0x00000068   Code   RO          895    i.ble_conn_params_init  ble_conn_params.o
    0x000277c4   0x000277c4   0x00000020   Code   RO          998    i.ble_conn_state_encrypted  ble_conn_state.o
    0x000277e4   0x000277e4   0x0000002c   Code   RO         1000    i.ble_conn_state_for_each_set_user_flag  ble_conn_state.o
    0x00027810   0x00027810   0x00000024   Code   RO         1005    i.ble_conn_state_role  ble_conn_state.o
    0x00027834   0x00027834   0x00000018   Code   RO         1007    i.ble_conn_state_user_flag_acquire  ble_conn_state.o
    0x0002784c   0x0002784c   0x00000030   Code   RO         1008    i.ble_conn_state_user_flag_get  ble_conn_state.o
    0x0002787c   0x0002787c   0x00000040   Code   RO         1009    i.ble_conn_state_user_flag_set  ble_conn_state.o
    0x000278bc   0x000278bc   0x00000014   Code   RO         1010    i.ble_conn_state_valid  ble_conn_state.o
    0x000278d0   0x000278d0   0x00000060   Code   RO          752    i.ble_device_addr_encode  ble_advdata.o
    0x00027930   0x00027930   0x00000024   Code   RO         6925    i.ble_dfu_buttonless_async_svci_init  ble_dfu_unbonded.o
    0x00027954   0x00027954   0x00000014   Code   RO         6926    i.ble_dfu_buttonless_backend_init  ble_dfu_unbonded.o
    0x00027968   0x00027968   0x0000002c   Code   RO         6815    i.ble_dfu_buttonless_bootloader_start_finalize  ble_dfu.o
    0x00027994   0x00027994   0x00000018   Code   RO         6927    i.ble_dfu_buttonless_bootloader_start_prepare  ble_dfu_unbonded.o
    0x000279ac   0x000279ac   0x00000050   Code   RO         6928    i.ble_dfu_buttonless_char_add  ble_dfu_unbonded.o
    0x000279fc   0x000279fc   0x00000070   Code   RO         6816    i.ble_dfu_buttonless_init  ble_dfu.o
    0x00027a6c   0x00027a6c   0x0000007c   Code   RO         6817    i.ble_dfu_buttonless_on_ble_evt  ble_dfu.o
    0x00027ae8   0x00027ae8   0x000000b8   Code   RO         6929    i.ble_dfu_buttonless_on_ctrl_pt_write  ble_dfu_unbonded.o
    0x00027ba0   0x00027ba0   0x00000060   Code   RO         6930    i.ble_dfu_buttonless_on_sys_evt  ble_dfu_unbonded.o
    0x00027c00   0x00027c00   0x00000054   Code   RO         6818    i.ble_dfu_buttonless_resp_send  ble_dfu.o
    0x00027c54   0x00027c54   0x00000002   Code   RO            8    i.ble_dfu_evt_handler  main.o
    0x00027c56   0x00027c56   0x00000002   PAD
    0x00027c58   0x00027c58   0x00000114   Code   RO            9    i.ble_evt_handler   main.o
    0x00027d6c   0x00027d6c   0x000000fc   Code   RO          897    i.ble_evt_handler   ble_conn_params.o
    0x00027e68   0x00027e68   0x00000144   Code   RO         1011    i.ble_evt_handler   ble_conn_state.o
    0x00027fac   0x00027fac   0x00000028   Code   RO         2155    i.ble_evt_handler   peer_manager.o
    0x00027fd4   0x00027fd4   0x000000c8   Code   RO         2914    i.ble_lbs_init      ble_lbs.o
    0x0002809c   0x0002809c   0x0000002e   Code   RO         2916    i.ble_lbs_on_ble_evt  ble_lbs.o
    0x000280ca   0x000280ca   0x00000038   Code   RO         2918    i.ble_lbs_on_button_change1  ble_lbs.o
    0x00028102   0x00028102   0x00000008   Code   RO         1155    i.ble_srv_is_indication_enabled  ble_srv_common.o
    0x0002810a   0x0002810a   0x00000008   Code   RO         1156    i.ble_srv_is_notification_enabled  ble_srv_common.o
    0x00028112   0x00028112   0x00000002   PAD
    0x00028114   0x00028114   0x00000044   Code   RO           10    i.ble_stack_init    main.o
    0x00028158   0x00028158   0x00000054   Code   RO          468    i.bsp_board_init    boards.o
    0x000281ac   0x000281ac   0x00000010   Code   RO          471    i.bsp_board_led_off  boards.o
    0x000281bc   0x000281bc   0x00000010   Code   RO          472    i.bsp_board_led_on  boards.o
    0x000281cc   0x000281cc   0x00000012   Code   RO          474    i.bsp_board_leds_off  boards.o
    0x000281de   0x000281de   0x00000002   PAD
    0x000281e0   0x000281e0   0x00000044   Code   RO           11    i.button_event_handler  main.o
    0x00028224   0x00028224   0x00000028   Code   RO         1379    i.car_update_needed  gatt_cache_manager.o
    0x0002824c   0x0002824c   0x00000028   Code   RO         1380    i.car_update_pending_handle  gatt_cache_manager.o
    0x00028274   0x00028274   0x0000001c   Code   RO         3303    i.channel_free      nrfx_gpiote.o
    0x00028290   0x00028290   0x00000048   Code   RO         3304    i.channel_port_alloc  nrfx_gpiote.o
    0x000282d8   0x000282d8   0x00000010   Code   RO         3305    i.channel_port_get  nrfx_gpiote.o
    0x000282e8   0x000282e8   0x00000190   Code   RO         1158    i.characteristic_add  ble_srv_common.o
    0x00028478   0x00028478   0x0000003e   Code   RO         2065    i.claim             peer_id.o
    0x000284b6   0x000284b6   0x00000002   PAD
    0x000284b8   0x000284b8   0x00000028   Code   RO         2966    i.clock_clk_started_notify  nrf_drv_clock.o
    0x000284e0   0x000284e0   0x0000001c   Code   RO         2967    i.clock_irq_handler  nrf_drv_clock.o
    0x000284fc   0x000284fc   0x000000ac   Code   RO         4655    i.compare_reg_update  app_timer.o
    0x000285a8   0x000285a8   0x0000003e   Code   RO         1012    i.conn_handle_list_get  ble_conn_state.o
    0x000285e6   0x000285e6   0x00000088   Code   RO          753    i.conn_int_encode   ble_advdata.o
    0x0002866e   0x0002866e   0x00000002   PAD
    0x00028670   0x00028670   0x0000001c   Code   RO           12    i.conn_params_error_handler  main.o
    0x0002868c   0x0002868c   0x00000048   Code   RO          898    i.conn_params_negotiation  ble_conn_params.o
    0x000286d4   0x000286d4   0x00000044   Code   RO         2601    i.conn_sec_failure  security_dispatcher.o
    0x00028718   0x00028718   0x0000001e   Code   RO         1216    i.data_length_update  nrf_ble_gatt.o
    0x00028736   0x00028736   0x00000002   PAD
    0x00028738   0x00028738   0x00000080   Code   RO         1381    i.db_update_pending_handle  gatt_cache_manager.o
    0x000287b8   0x000287b8   0x00000080   Code   RO         5602    i.delete_execute    fds.o
    0x00028838   0x00028838   0x00000098   Code   RO         4399    i.detection_delay_timeout_handler  app_button.o
    0x000288d0   0x000288d0   0x00000002   Code   RO         6819    i.dummy_evt_handler  ble_dfu.o
    0x000288d2   0x000288d2   0x00000002   PAD
    0x000288d4   0x000288d4   0x00000040   Code   RO         4656    i.elapsed_ticks_acquire  app_timer.o
    0x00028914   0x00028914   0x0000000a   Code   RO         2602    i.encryption_failure  security_dispatcher.o
    0x0002891e   0x0002891e   0x00000002   PAD
    0x00028920   0x00028920   0x0000004c   Code   RO         6032    i.erase             nrf_fstorage_sd.o
    0x0002896c   0x0002896c   0x00000074   Code   RO         5603    i.event_prepare     fds.o
    0x000289e0   0x000289e0   0x00000020   Code   RO         5604    i.event_send        fds.o
    0x00028a00   0x00028a00   0x00000054   Code   RO         6033    i.event_send        nrf_fstorage_sd.o
    0x00028a54   0x00028a54   0x0000006c   Code   RO         2747    i.events_send_from_err_code  security_manager.o
    0x00028ac0   0x00028ac0   0x0000001c   Code   RO         1382    i.evt_send          gatt_cache_manager.o
    0x00028adc   0x00028adc   0x0000002c   Code   RO         2156    i.evt_send          peer_manager.o
    0x00028b08   0x00028b08   0x0000001c   Code   RO         2603    i.evt_send          security_dispatcher.o
    0x00028b24   0x00028b24   0x0000000c   Code   RO         2748    i.evt_send          security_manager.o
    0x00028b30   0x00028b30   0x000000ec   Code   RO         1811    i.fds_evt_handler   peer_data_storage.o
    0x00028c1c   0x00028c1c   0x00000044   Code   RO         5606    i.fds_file_delete   fds.o
    0x00028c60   0x00028c60   0x0000003c   Code   RO         5607    i.fds_gc            fds.o
    0x00028c9c   0x00028c9c   0x000000d0   Code   RO         5608    i.fds_init          fds.o
    0x00028d6c   0x00028d6c   0x00000040   Code   RO         5609    i.fds_record_close  fds.o
    0x00028dac   0x00028dac   0x0000000e   Code   RO         5611    i.fds_record_find   fds.o
    0x00028dba   0x00028dba   0x00000010   Code   RO         5612    i.fds_record_find_by_key  fds.o
    0x00028dca   0x00028dca   0x00000010   Code   RO         5613    i.fds_record_find_in_file  fds.o
    0x00028dda   0x00028dda   0x00000010   Code   RO         5614    i.fds_record_id_from_desc  fds.o
    0x00028dea   0x00028dea   0x00000002   PAD
    0x00028dec   0x00028dec   0x00000048   Code   RO         5616    i.fds_record_open   fds.o
    0x00028e34   0x00028e34   0x0000000e   Code   RO         5617    i.fds_record_update  fds.o
    0x00028e42   0x00028e42   0x00000008   Code   RO         5618    i.fds_record_write  fds.o
    0x00028e4a   0x00028e4a   0x00000002   PAD
    0x00028e4c   0x00028e4c   0x0000002c   Code   RO         5620    i.fds_register      fds.o
    0x00028e78   0x00028e78   0x00000014   Code   RO         1812    i.file_id_within_pm_range  peer_data_storage.o
    0x00028e8c   0x00028e8c   0x00000012   Code   RO         2604    i.flag_id_init      security_dispatcher.o
    0x00028e9e   0x00028e9e   0x00000012   Code   RO         2749    i.flag_id_init      security_manager.o
    0x00028eb0   0x00028eb0   0x00000030   Code   RO         2750    i.flags_set_from_err_code  security_manager.o
    0x00028ee0   0x00028ee0   0x00000030   Code   RO         1013    i.for_each_set_flag  ble_conn_state.o
    0x00028f10   0x00028f10   0x00000006   Code   RO         5624    i.fs_event_handler  fds.o
    0x00028f16   0x00028f16   0x00000002   PAD
    0x00028f18   0x00028f18   0x00000068   Code   RO           13    i.gap_params_init   main.o
    0x00028f80   0x00028f80   0x0000007c   Code   RO         5625    i.gc_execute        fds.o
    0x00028ffc   0x00028ffc   0x0000004c   Code   RO         5626    i.gc_next_page      fds.o
    0x00029048   0x00029048   0x00000040   Code   RO         5627    i.gc_page_erase     fds.o
    0x00029088   0x00029088   0x00000034   Code   RO         5628    i.gc_record_copy    fds.o
    0x000290bc   0x000290bc   0x00000024   Code   RO         5629    i.gc_record_find_next  fds.o
    0x000290e0   0x000290e0   0x00000088   Code   RO         5630    i.gc_state_advance  fds.o
    0x00029168   0x00029168   0x000000d0   Code   RO         1383    i.gcm_ble_evt_handler  gatt_cache_manager.o
    0x00029238   0x00029238   0x0000003c   Code   RO         1384    i.gcm_im_evt_handler  gatt_cache_manager.o
    0x00029274   0x00029274   0x0000005c   Code   RO         1385    i.gcm_init          gatt_cache_manager.o
    0x000292d0   0x000292d0   0x00000088   Code   RO         1388    i.gcm_pdb_evt_handler  gatt_cache_manager.o
    0x00029358   0x00029358   0x00000084   Code   RO         4400    i.gpiote_event_handler  app_button.o
    0x000293dc   0x000293dc   0x0000001c   Code   RO         1545    i.gscm_db_change_notification_done  gatts_cache_manager.o
    0x000293f8   0x000293f8   0x00000014   Code   RO         1546    i.gscm_init         gatts_cache_manager.o
    0x0002940c   0x0002940c   0x0000006a   Code   RO         1548    i.gscm_local_db_cache_apply  gatts_cache_manager.o
    0x00029476   0x00029476   0x00000082   Code   RO         1549    i.gscm_local_db_cache_update  gatts_cache_manager.o
    0x000294f8   0x000294f8   0x00000018   Code   RO         1550    i.gscm_pdb_evt_handler  gatts_cache_manager.o
    0x00029510   0x00029510   0x0000001e   Code   RO         1551    i.gscm_service_changed_ind_needed  gatts_cache_manager.o
    0x0002952e   0x0002952e   0x00000002   PAD
    0x00029530   0x00029530   0x00000038   Code   RO         1552    i.gscm_service_changed_ind_send  gatts_cache_manager.o
    0x00029568   0x00029568   0x00000026   Code   RO         5631    i.header_check      fds.o
    0x0002958e   0x0002958e   0x00000012   Code   RO         5632    i.header_has_next   fds.o
    0x000295a0   0x000295a0   0x00000046   Code   RO         1633    i.im_address_resolve  id_manager.o
    0x000295e6   0x000295e6   0x00000002   PAD
    0x000295e8   0x000295e8   0x00000038   Code   RO         1634    i.im_ble_addr_get   id_manager.o
    0x00029620   0x00029620   0x000000dc   Code   RO         1635    i.im_ble_evt_handler  id_manager.o
    0x000296fc   0x000296fc   0x00000040   Code   RO         1636    i.im_conn_handle_get  id_manager.o
    0x0002973c   0x0002973c   0x00000038   Code   RO         1638    i.im_find_duplicate_bonding_data  id_manager.o
    0x00029774   0x00029774   0x00000072   Code   RO         1641    i.im_is_duplicate_bonding_data  id_manager.o
    0x000297e6   0x000297e6   0x00000018   Code   RO         1642    i.im_master_id_is_valid  id_manager.o
    0x000297fe   0x000297fe   0x0000002a   Code   RO         1643    i.im_master_ids_compare  id_manager.o
    0x00029828   0x00029828   0x00000014   Code   RO         1644    i.im_new_peer_id    id_manager.o
    0x0002983c   0x0002983c   0x0000002c   Code   RO         1645    i.im_peer_free      id_manager.o
    0x00029868   0x00029868   0x00000024   Code   RO         1646    i.im_peer_id_get_by_conn_handle  id_manager.o
    0x0002988c   0x0002988c   0x0000003c   Code   RO         1647    i.im_peer_id_get_by_master_id  id_manager.o
    0x000298c8   0x000298c8   0x00000034   Code   RO         6034    i.init              nrf_fstorage_sd.o
    0x000298fc   0x000298fc   0x000000c8   Code   RO         5633    i.init_execute      fds.o
    0x000299c4   0x000299c4   0x00000014   Code   RO          899    i.instance_get      ble_conn_params.o
    0x000299d8   0x000299d8   0x00000010   Code   RO         6035    i.is_busy           nrf_fstorage_sd.o
    0x000299e8   0x000299e8   0x00000044   Code   RO          900    i.is_conn_params_ok  ble_conn_params.o
    0x00029a2c   0x00029a2c   0x00000014   Code   RO         1652    i.is_valid_irk      id_manager.o
    0x00029a40   0x00029a40   0x0000000c   Code   RO         5634    i.is_word_aligned   fds.o
    0x00029a4c   0x00029a4c   0x0000000e   Code   RO           14    i.led_write_handler  main.o
    0x00029a5a   0x00029a5a   0x00000018   Code   RO         1217    i.link_init         nrf_ble_gatt.o
    0x00029a72   0x00029a72   0x00000002   PAD
    0x00029a74   0x00029a74   0x000000a0   Code   RO         2751    i.link_secure       security_manager.o
    0x00029b14   0x00029b14   0x0000000a   Code   RO         2605    i.link_secure_authenticate  security_dispatcher.o
    0x00029b1e   0x00029b1e   0x00000002   PAD
    0x00029b20   0x00029b20   0x00000068   Code   RO         2606    i.link_secure_central  security_dispatcher.o
    0x00029b88   0x00029b88   0x0000006a   Code   RO         2607    i.link_secure_central_encryption  security_dispatcher.o
    0x00029bf2   0x00029bf2   0x00000002   PAD
    0x00029bf4   0x00029bf4   0x00000070   Code   RO         2608    i.link_secure_failure  security_dispatcher.o
    0x00029c64   0x00029c64   0x0000002c   Code   RO         2752    i.link_secure_pending_handle  security_manager.o
    0x00029c90   0x00029c90   0x000000f8   Code   RO         4657    i.list_insertions_handler  app_timer.o
    0x00029d88   0x00029d88   0x00000068   Code   RO         1389    i.local_db_apply_in_evt  gatt_cache_manager.o
    0x00029df0   0x00029df0   0x00000010   Code   RO         1390    i.local_db_update   gatt_cache_manager.o
    0x00029e00   0x00029e00   0x0000015c   Code   RO           15    i.main              main.o
    0x00029f5c   0x00029f5c   0x00000064   Code   RO          754    i.manuf_specific_data_encode  ble_advdata.o
    0x00029fc0   0x00029fc0   0x00000008   Code   RO         2552    i.mutex_lock_status_get  pm_buffer.o
    0x00029fc8   0x00029fc8   0x000000a6   Code   RO          755    i.name_encode       ble_advdata.o
    0x0002a06e   0x0002a06e   0x00000002   PAD
    0x0002a070   0x0002a070   0x00000014   Code   RO         2753    i.new_context_get   security_manager.o
    0x0002a084   0x0002a084   0x00000030   Code   RO         2066    i.next_id_get       peer_id.o
    0x0002a0b4   0x0002a0b4   0x00000010   Code   RO         4928    i.nrf_atfifo_clear  nrf_atfifo.o
    0x0002a0c4   0x0002a0c4   0x00000026   Code   RO         4930    i.nrf_atfifo_init   nrf_atfifo.o
    0x0002a0ea   0x0002a0ea   0x00000016   Code   RO         4931    i.nrf_atfifo_item_alloc  nrf_atfifo.o
    0x0002a100   0x0002a100   0x00000016   Code   RO         4932    i.nrf_atfifo_item_free  nrf_atfifo.o
    0x0002a116   0x0002a116   0x00000016   Code   RO         4933    i.nrf_atfifo_item_get  nrf_atfifo.o
    0x0002a12c   0x0002a12c   0x00000016   Code   RO         4934    i.nrf_atfifo_item_put  nrf_atfifo.o
    0x0002a142   0x0002a142   0x00000016   Code   RO         4999    i.nrf_atflags_clear  nrf_atflags.o
    0x0002a158   0x0002a158   0x00000020   Code   RO         5001    i.nrf_atflags_fetch_set  nrf_atflags.o
    0x0002a178   0x0002a178   0x0000004a   Code   RO         5003    i.nrf_atflags_find_and_set_flag  nrf_atflags.o
    0x0002a1c2   0x0002a1c2   0x00000016   Code   RO         5004    i.nrf_atflags_get   nrf_atflags.o
    0x0002a1d8   0x0002a1d8   0x00000014   Code   RO         5006    i.nrf_atflags_set   nrf_atflags.o
    0x0002a1ec   0x0002a1ec   0x00000006   Code   RO         5069    i.nrf_atomic_flag_set_fetch  nrf_atomic.o
    0x0002a1f2   0x0002a1f2   0x0000000c   Code   RO         5070    i.nrf_atomic_u32_add  nrf_atomic.o
    0x0002a1fe   0x0002a1fe   0x0000000c   Code   RO         5071    i.nrf_atomic_u32_and  nrf_atomic.o
    0x0002a20a   0x0002a20a   0x0000000a   Code   RO         5073    i.nrf_atomic_u32_fetch_add  nrf_atomic.o
    0x0002a214   0x0002a214   0x0000000a   Code   RO         5075    i.nrf_atomic_u32_fetch_or  nrf_atomic.o
    0x0002a21e   0x0002a21e   0x0000000a   Code   RO         5076    i.nrf_atomic_u32_fetch_store  nrf_atomic.o
    0x0002a228   0x0002a228   0x0000000c   Code   RO         5080    i.nrf_atomic_u32_or  nrf_atomic.o
    0x0002a234   0x0002a234   0x0000000c   Code   RO         5082    i.nrf_atomic_u32_sub  nrf_atomic.o
    0x0002a240   0x0002a240   0x00000010   Code   RO         3306    i.nrf_bitmask_bit_is_set  nrfx_gpiote.o
    0x0002a250   0x0002a250   0x00000014   Code   RO         3307    i.nrf_bitmask_bit_set  nrfx_gpiote.o
    0x0002a264   0x0002a264   0x00000022   Code   RO         1223    i.nrf_ble_gatt_init  nrf_ble_gatt.o
    0x0002a286   0x0002a286   0x00000002   PAD
    0x0002a288   0x0002a288   0x00000174   Code   RO         1224    i.nrf_ble_gatt_on_ble_evt  nrf_ble_gatt.o
    0x0002a3fc   0x0002a3fc   0x00000016   Code   RO         1316    i.nrf_ble_qwr_conn_handle_assign  nrf_ble_qwr.o
    0x0002a412   0x0002a412   0x00000024   Code   RO         1317    i.nrf_ble_qwr_init  nrf_ble_qwr.o
    0x0002a436   0x0002a436   0x000000b6   Code   RO         1318    i.nrf_ble_qwr_on_ble_evt  nrf_ble_qwr.o
    0x0002a4ec   0x0002a4ec   0x0000000e   Code   RO         3171    i.nrf_clock_event_check  nrfx_clock.o
    0x0002a4fa   0x0002a4fa   0x00000010   Code   RO         3172    i.nrf_clock_event_clear  nrfx_clock.o
    0x0002a50a   0x0002a50a   0x00000014   Code   RO         6984    i.nrf_dfu_svci_vector_table_set  nrf_dfu_svci.o
    0x0002a51e   0x0002a51e   0x00000002   PAD
    0x0002a520   0x0002a520   0x0000000c   Code   RO         6985    i.nrf_dfu_svci_vector_table_unset  nrf_dfu_svci.o
    0x0002a52c   0x0002a52c   0x00000038   Code   RO         2974    i.nrf_drv_clock_init  nrf_drv_clock.o
    0x0002a564   0x0002a564   0x00000030   Code   RO         2978    i.nrf_drv_clock_lfclk_release  nrf_drv_clock.o
    0x0002a594   0x0002a594   0x0000004e   Code   RO         5948    i.nrf_fstorage_erase  nrf_fstorage.o
    0x0002a5e2   0x0002a5e2   0x00000010   Code   RO         5949    i.nrf_fstorage_init  nrf_fstorage.o
    0x0002a5f2   0x0002a5f2   0x00000002   PAD
    0x0002a5f4   0x0002a5f4   0x00000018   Code   RO         6036    i.nrf_fstorage_sdh_req_handler  nrf_fstorage_sd.o
    0x0002a60c   0x0002a60c   0x00000020   Code   RO         6037    i.nrf_fstorage_sdh_state_handler  nrf_fstorage_sd.o
    0x0002a62c   0x0002a62c   0x000000a4   Code   RO         6038    i.nrf_fstorage_sys_evt_handler  nrf_fstorage_sd.o
    0x0002a6d0   0x0002a6d0   0x00000066   Code   RO         5955    i.nrf_fstorage_write  nrf_fstorage.o
    0x0002a736   0x0002a736   0x00000024   Code   RO          478    i.nrf_gpio_cfg      boards.o
    0x0002a75a   0x0002a75a   0x00000024   Code   RO         3308    i.nrf_gpio_cfg      nrfx_gpiote.o
    0x0002a77e   0x0002a77e   0x00000022   Code   RO         3310    i.nrf_gpio_cfg_sense_set  nrfx_gpiote.o
    0x0002a7a0   0x0002a7a0   0x00000016   Code   RO          479    i.nrf_gpio_pin_write  boards.o
    0x0002a7b6   0x0002a7b6   0x00000002   PAD
    0x0002a7b8   0x0002a7b8   0x00000028   Code   RO         3311    i.nrf_gpio_ports_read  nrfx_gpiote.o
    0x0002a7e0   0x0002a7e0   0x00000014   Code   RO         3312    i.nrf_gpiote_event_clear  nrfx_gpiote.o
    0x0002a7f4   0x0002a7f4   0x00000010   Code   RO         3313    i.nrf_gpiote_event_is_set  nrfx_gpiote.o
    0x0002a804   0x0002a804   0x00000028   Code   RO         5402    i.nrf_pwr_mgmt_init  nrf_pwr_mgmt.o
    0x0002a82c   0x0002a82c   0x00000044   Code   RO         5403    i.nrf_pwr_mgmt_run  nrf_pwr_mgmt.o
    0x0002a870   0x0002a870   0x0000003c   Code   RO         5404    i.nrf_pwr_mgmt_shutdown  nrf_pwr_mgmt.o
    0x0002a8ac   0x0002a8ac   0x0000001c   Code   RO           16    i.nrf_qwr_error_handler  main.o
    0x0002a8c8   0x0002a8c8   0x00000010   Code   RO         4119    i.nrf_saadc_buffer_init  nrfx_saadc.o
    0x0002a8d8   0x0002a8d8   0x00000014   Code   RO         4120    i.nrf_saadc_channel_input_set  nrfx_saadc.o
    0x0002a8ec   0x0002a8ec   0x00000010   Code   RO         4121    i.nrf_saadc_event_check  nrfx_saadc.o
    0x0002a8fc   0x0002a8fc   0x00000014   Code   RO         4122    i.nrf_saadc_event_clear  nrfx_saadc.o
    0x0002a910   0x0002a910   0x00000014   Code   RO         6732    i.nrf_sdh_ble_app_ram_start_get  nrf_sdh_ble.o
    0x0002a924   0x0002a924   0x0000009e   Code   RO         6733    i.nrf_sdh_ble_default_cfg_set  nrf_sdh_ble.o
    0x0002a9c2   0x0002a9c2   0x00000002   PAD
    0x0002a9c4   0x0002a9c4   0x00000014   Code   RO         6734    i.nrf_sdh_ble_enable  nrf_sdh_ble.o
    0x0002a9d8   0x0002a9d8   0x000000a8   Code   RO         6735    i.nrf_sdh_ble_evts_poll  nrf_sdh_ble.o
    0x0002aa80   0x0002aa80   0x00000054   Code   RO         6616    i.nrf_sdh_disable_request  nrf_sdh.o
    0x0002aad4   0x0002aad4   0x00000074   Code   RO         6617    i.nrf_sdh_enable_request  nrf_sdh.o
    0x0002ab48   0x0002ab48   0x00000024   Code   RO         6618    i.nrf_sdh_evts_poll  nrf_sdh.o
    0x0002ab6c   0x0002ab6c   0x0000000c   Code   RO         6619    i.nrf_sdh_is_enabled  nrf_sdh.o
    0x0002ab78   0x0002ab78   0x0000001c   Code   RO         6621    i.nrf_sdh_request_continue  nrf_sdh.o
    0x0002ab94   0x0002ab94   0x00000080   Code   RO         6783    i.nrf_sdh_soc_evts_poll  nrf_sdh_soc.o
    0x0002ac14   0x0002ac14   0x0000000a   Code   RO         5534    i.nrf_section_iter_init  nrf_section_iter.o
    0x0002ac1e   0x0002ac1e   0x00000024   Code   RO         5535    i.nrf_section_iter_item_set  nrf_section_iter.o
    0x0002ac42   0x0002ac42   0x00000020   Code   RO         5536    i.nrf_section_iter_next  nrf_section_iter.o
    0x0002ac62   0x0002ac62   0x0000000c   Code   RO         3993    i.nrf_timer_event_clear  nrfx_timer.o
    0x0002ac6e   0x0002ac6e   0x00000002   PAD
    0x0002ac70   0x0002ac70   0x00000030   Code   RO         3177    i.nrfx_clock_enable  nrfx_clock.o
    0x0002aca0   0x0002aca0   0x00000020   Code   RO         3180    i.nrfx_clock_init   nrfx_clock.o
    0x0002acc0   0x0002acc0   0x0000001c   Code   RO         3183    i.nrfx_clock_lfclk_stop  nrfx_clock.o
    0x0002acdc   0x0002acdc   0x00000010   Code   RO         4124    i.nrfx_coredep_delay_us  nrfx_saadc.o
    0x0002acec   0x0002acec   0x00000010   Code   RO         4658    i.nrfx_coredep_delay_us  app_timer.o
    0x0002acfc   0x0002acfc   0x00000048   Code   RO         3317    i.nrfx_gpiote_in_event_disable  nrfx_gpiote.o
    0x0002ad44   0x0002ad44   0x000000a4   Code   RO         3318    i.nrfx_gpiote_in_event_enable  nrfx_gpiote.o
    0x0002ade8   0x0002ade8   0x000000d0   Code   RO         3319    i.nrfx_gpiote_in_init  nrfx_gpiote.o
    0x0002aeb8   0x0002aeb8   0x00000014   Code   RO         3320    i.nrfx_gpiote_in_is_set  nrfx_gpiote.o
    0x0002aecc   0x0002aecc   0x00000070   Code   RO         3322    i.nrfx_gpiote_init  nrfx_gpiote.o
    0x0002af3c   0x0002af3c   0x00000014   Code   RO         3323    i.nrfx_gpiote_is_init  nrfx_gpiote.o
    0x0002af50   0x0002af50   0x000000ac   Code   RO         4128    i.nrfx_saadc_channel_init  nrfx_saadc.o
    0x0002affc   0x0002affc   0x00000090   Code   RO         4130    i.nrfx_saadc_init   nrfx_saadc.o
    0x0002b08c   0x0002b08c   0x000000c0   Code   RO         4134    i.nrfx_saadc_sample_convert  nrfx_saadc.o
    0x0002b14c   0x0002b14c   0x0000003a   Code   RO         3996    i.nrfx_timer_compare  nrfx_timer.o
    0x0002b186   0x0002b186   0x00000002   PAD
    0x0002b188   0x0002b188   0x0000001c   Code   RO         3999    i.nrfx_timer_disable  nrfx_timer.o
    0x0002b1a4   0x0002b1a4   0x0000001c   Code   RO         4000    i.nrfx_timer_enable  nrfx_timer.o
    0x0002b1c0   0x0002b1c0   0x0000002a   Code   RO         4001    i.nrfx_timer_extended_compare  nrfx_timer.o
    0x0002b1ea   0x0002b1ea   0x00000002   PAD
    0x0002b1ec   0x0002b1ec   0x000000c0   Code   RO         4003    i.nrfx_timer_init   nrfx_timer.o
    0x0002b2ac   0x0002b2ac   0x00000034   Code   RO           17    i.on_conn_params_evt  main.o
    0x0002b2e0   0x0002b2e0   0x00000070   Code   RO         6820    i.on_rw_authorize_req  ble_dfu.o
    0x0002b350   0x0002b350   0x00000024   Code   RO         5635    i.page_identify     fds.o
    0x0002b374   0x0002b374   0x0000001c   Code   RO         5636    i.page_offsets_update  fds.o
    0x0002b390   0x0002b390   0x0000006c   Code   RO         5637    i.page_scan         fds.o
    0x0002b3fc   0x0002b3fc   0x0000001c   Code   RO         5638    i.page_tag_write_data  fds.o
    0x0002b418   0x0002b418   0x00000024   Code   RO         5639    i.page_tag_write_swap  fds.o
    0x0002b43c   0x0002b43c   0x0000011c   Code   RO         5640    i.pages_init        fds.o
    0x0002b558   0x0002b558   0x0000000c   Code   RO         2609    i.pairing           security_dispatcher.o
    0x0002b564   0x0002b564   0x0000002e   Code   RO         2610    i.pairing_success_evt_send  security_dispatcher.o
    0x0002b592   0x0002b592   0x00000006   Code   RO         2754    i.params_reply_pending_handle  security_manager.o
    0x0002b598   0x0002b598   0x00000028   Code   RO         2755    i.params_req_send   security_manager.o
    0x0002b5c0   0x0002b5c0   0x0000001c   Code   RO         1950    i.pdb_evt_send      peer_database.o
    0x0002b5dc   0x0002b5dc   0x0000004c   Code   RO         1951    i.pdb_init          peer_database.o
    0x0002b628   0x0002b628   0x0000007c   Code   RO         1952    i.pdb_pds_evt_handler  peer_database.o
    0x0002b6a4   0x0002b6a4   0x00000006   Code   RO         1953    i.pdb_peer_data_ptr_get  peer_database.o
    0x0002b6aa   0x0002b6aa   0x0000003a   Code   RO         1954    i.pdb_peer_free     peer_database.o
    0x0002b6e4   0x0002b6e4   0x000000b8   Code   RO         1955    i.pdb_write_buf_get  peer_database.o
    0x0002b79c   0x0002b79c   0x00000014   Code   RO         1956    i.pdb_write_buf_release  peer_database.o
    0x0002b7b0   0x0002b7b0   0x00000036   Code   RO         1957    i.pdb_write_buf_store  peer_database.o
    0x0002b7e6   0x0002b7e6   0x00000002   PAD
    0x0002b7e8   0x0002b7e8   0x00000010   Code   RO         1813    i.pds_evt_send      peer_data_storage.o
    0x0002b7f8   0x0002b7f8   0x0000006c   Code   RO         1814    i.pds_init          peer_data_storage.o
    0x0002b864   0x0002b864   0x00000004   Code   RO         1815    i.pds_next_deleted_peer_id_get  peer_data_storage.o
    0x0002b868   0x0002b868   0x00000004   Code   RO         1816    i.pds_next_peer_id_get  peer_data_storage.o
    0x0002b86c   0x0002b86c   0x00000058   Code   RO         1819    i.pds_peer_data_iterate  peer_data_storage.o
    0x0002b8c4   0x0002b8c4   0x00000010   Code   RO         1820    i.pds_peer_data_iterate_prepare  peer_data_storage.o
    0x0002b8d4   0x0002b8d4   0x00000072   Code   RO         1821    i.pds_peer_data_read  peer_data_storage.o
    0x0002b946   0x0002b946   0x0000007a   Code   RO         1822    i.pds_peer_data_store  peer_data_storage.o
    0x0002b9c0   0x0002b9c0   0x00000008   Code   RO         1823    i.pds_peer_id_allocate  peer_data_storage.o
    0x0002b9c8   0x0002b9c8   0x00000016   Code   RO         1824    i.pds_peer_id_free  peer_data_storage.o
    0x0002b9de   0x0002b9de   0x00000004   Code   RO         1825    i.pds_peer_id_is_allocated  peer_data_storage.o
    0x0002b9e2   0x0002b9e2   0x00000002   PAD
    0x0002b9e4   0x0002b9e4   0x0000007c   Code   RO         1827    i.peer_data_delete_process  peer_data_storage.o
    0x0002ba60   0x0002ba60   0x00000030   Code   RO         1828    i.peer_data_find    peer_data_storage.o
    0x0002ba90   0x0002ba90   0x00000024   Code   RO         1829    i.peer_data_id_is_valid  peer_data_storage.o
    0x0002bab4   0x0002bab4   0x0000001a   Code   RO         1958    i.peer_data_point_to_buffer  peer_database.o
    0x0002bace   0x0002bace   0x00000002   PAD
    0x0002bad0   0x0002bad0   0x0000000c   Code   RO         2067    i.peer_id_allocate  peer_id.o
    0x0002badc   0x0002badc   0x00000024   Code   RO         2068    i.peer_id_delete    peer_id.o
    0x0002bb00   0x0002bb00   0x0000001c   Code   RO         2069    i.peer_id_free      peer_id.o
    0x0002bb1c   0x0002bb1c   0x0000000c   Code   RO         2070    i.peer_id_get_next_deleted  peer_id.o
    0x0002bb28   0x0002bb28   0x00000030   Code   RO         2071    i.peer_id_get_next_used  peer_id.o
    0x0002bb58   0x0002bb58   0x0000000c   Code   RO         2072    i.peer_id_init      peer_id.o
    0x0002bb64   0x0002bb64   0x00000014   Code   RO         2073    i.peer_id_is_allocated  peer_id.o
    0x0002bb78   0x0002bb78   0x00000014   Code   RO         2074    i.peer_id_is_deleted  peer_id.o
    0x0002bb8c   0x0002bb8c   0x00000080   Code   RO           18    i.peer_manager_init  main.o
    0x0002bc0c   0x0002bc0c   0x00000018   Code   RO         3339    i.pin_in_use_by_port  nrfx_gpiote.o
    0x0002bc24   0x0002bc24   0x00000018   Code   RO         3340    i.pin_in_use_by_te  nrfx_gpiote.o
    0x0002bc3c   0x0002bc3c   0x00000064   Code   RO         2553    i.pm_buffer_block_acquire  pm_buffer.o
    0x0002bca0   0x0002bca0   0x00000024   Code   RO         2554    i.pm_buffer_init    pm_buffer.o
    0x0002bcc4   0x0002bcc4   0x00000028   Code   RO         2555    i.pm_buffer_ptr_get  pm_buffer.o
    0x0002bcec   0x0002bcec   0x00000032   Code   RO         2556    i.pm_buffer_release  pm_buffer.o
    0x0002bd1e   0x0002bd1e   0x0000000a   Code   RO         2159    i.pm_conn_sec_config_reply  peer_manager.o
    0x0002bd28   0x0002bd28   0x0000008c   Code   RO           19    i.pm_evt_handler    main.o
    0x0002bdb4   0x0002bdb4   0x00000004   Code   RO         2164    i.pm_gcm_evt_handler  peer_manager.o
    0x0002bdb8   0x0002bdb8   0x00000004   Code   RO         2167    i.pm_im_evt_handler  peer_manager.o
    0x0002bdbc   0x0002bdbc   0x00000044   Code   RO         2168    i.pm_init           peer_manager.o
    0x0002be00   0x0002be00   0x00000120   Code   RO         2172    i.pm_pdb_evt_handler  peer_manager.o
    0x0002bf20   0x0002bf20   0x00000014   Code   RO         2183    i.pm_peer_delete    peer_manager.o
    0x0002bf34   0x0002bf34   0x000000c4   Code   RO         2188    i.pm_peer_ranks_get  peer_manager.o
    0x0002bff8   0x0002bff8   0x00000068   Code   RO         2189    i.pm_peers_delete   peer_manager.o
    0x0002c060   0x0002c060   0x0000002c   Code   RO         2192    i.pm_register       peer_manager.o
    0x0002c08c   0x0002c08c   0x00000014   Code   RO         2193    i.pm_sec_params_set  peer_manager.o
    0x0002c0a0   0x0002c0a0   0x0000000a   Code   RO         2194    i.pm_sm_evt_handler  peer_manager.o
    0x0002c0aa   0x0002c0aa   0x00000002   PAD
    0x0002c0ac   0x0002c0ac   0x0000001c   Code   RO         5641    i.queue_buf_get     fds.o
    0x0002c0c8   0x0002c0c8   0x00000010   Code   RO         5642    i.queue_buf_store   fds.o
    0x0002c0d8   0x0002c0d8   0x00000014   Code   RO         6039    i.queue_free        nrf_fstorage_sd.o
    0x0002c0ec   0x0002c0ec   0x000000a0   Code   RO         5643    i.queue_process     fds.o
    0x0002c18c   0x0002c18c   0x000000a0   Code   RO         6040    i.queue_process     nrf_fstorage_sd.o
    0x0002c22c   0x0002c22c   0x0000001c   Code   RO         5644    i.queue_start       fds.o
    0x0002c248   0x0002c248   0x00000024   Code   RO         6041    i.queue_start       nrf_fstorage_sd.o
    0x0002c26c   0x0002c26c   0x00000028   Code   RO         2197    i.rank_vars_update  peer_manager.o
    0x0002c294   0x0002c294   0x0000000e   Code   RO         6042    i.read              nrf_fstorage_sd.o
    0x0002c2a2   0x0002c2a2   0x00000002   PAD
    0x0002c2a4   0x0002c2a4   0x0000008c   Code   RO         1959    i.reattempt_previous_operations  peer_database.o
    0x0002c330   0x0002c330   0x00000088   Code   RO         5645    i.record_find       fds.o
    0x0002c3b8   0x0002c3b8   0x000000a0   Code   RO         5646    i.record_find_by_desc  fds.o
    0x0002c458   0x0002c458   0x0000005c   Code   RO         5647    i.record_find_next  fds.o
    0x0002c4b4   0x0002c4b4   0x00000038   Code   RO         5648    i.record_header_flag_dirty  fds.o
    0x0002c4ec   0x0002c4ec   0x00000010   Code   RO         2076    i.release           peer_id.o
    0x0002c4fc   0x0002c4fc   0x00000004   Code   RO         6043    i.rmap              nrf_fstorage_sd.o
    0x0002c500   0x0002c500   0x0000003c   Code   RO         4659    i.rtc1_stop         app_timer.o
    0x0002c53c   0x0002c53c   0x00000002   Code   RO           20    i.saadc_callback    main.o
    0x0002c53e   0x0002c53e   0x00000002   PAD
    0x0002c540   0x0002c540   0x00000050   Code   RO           21    i.saadc_init        main.o
    0x0002c590   0x0002c590   0x00000024   Code   RO         1391    i.sc_send_pending_handle  gatt_cache_manager.o
    0x0002c5b4   0x0002c5b4   0x00000050   Code   RO         2981    i.sd_state_evt_handler  nrf_drv_clock.o
    0x0002c604   0x0002c604   0x00000030   Code   RO         6624    i.sdh_request_observer_notify  nrf_sdh.o
    0x0002c634   0x0002c634   0x0000002c   Code   RO         6625    i.sdh_state_observer_notify  nrf_sdh.o
    0x0002c660   0x0002c660   0x00000088   Code   RO         2611    i.sec_info_request_process  security_dispatcher.o
    0x0002c6e8   0x0002c6e8   0x00000064   Code   RO         2612    i.sec_keyset_fill   security_dispatcher.o
    0x0002c74c   0x0002c74c   0x00000076   Code   RO         2756    i.sec_params_verify  security_manager.o
    0x0002c7c2   0x0002c7c2   0x00000002   PAD
    0x0002c7c4   0x0002c7c4   0x00000060   Code   RO         2613    i.sec_proc_start    security_dispatcher.o
    0x0002c824   0x0002c824   0x00000022   Code   RO         2614    i.send_config_req   security_dispatcher.o
    0x0002c846   0x0002c846   0x00000002   PAD
    0x0002c848   0x0002c848   0x00000010   Code   RO          901    i.send_error_evt    ble_conn_params.o
    0x0002c858   0x0002c858   0x00000028   Code   RO         1392    i.send_unexpected_error  gatt_cache_manager.o
    0x0002c880   0x0002c880   0x00000028   Code   RO         2615    i.send_unexpected_error  security_dispatcher.o
    0x0002c8a8   0x0002c8a8   0x00000014   Code   RO         1393    i.service_changed_pending_flags_check  gatt_cache_manager.o
    0x0002c8bc   0x0002c8bc   0x00000044   Code   RO         1553    i.service_changed_pending_set  gatts_cache_manager.o
    0x0002c900   0x0002c900   0x0000008c   Code   RO         1394    i.service_changed_send_in_evt  gatt_cache_manager.o
    0x0002c98c   0x0002c98c   0x00000088   Code   RO          756    i.service_data_encode  ble_advdata.o
    0x0002ca14   0x0002ca14   0x00000078   Code   RO           22    i.services_init     main.o
    0x0002ca8c   0x0002ca8c   0x00000030   Code   RO         1160    i.set_security_req  ble_srv_common.o
    0x0002cabc   0x0002cabc   0x00000070   Code   RO         5405    i.shutdown_process  nrf_pwr_mgmt.o
    0x0002cb2c   0x0002cb2c   0x0000002c   Code   RO         2757    i.sm_ble_evt_handler  security_manager.o
    0x0002cb58   0x0002cb58   0x00000004   Code   RO         2758    i.sm_conn_sec_config_reply  security_manager.o
    0x0002cb5c   0x0002cb5c   0x0000003c   Code   RO         2759    i.sm_init           security_manager.o
    0x0002cb98   0x0002cb98   0x00000044   Code   RO         2762    i.sm_pdb_evt_handler  security_manager.o
    0x0002cbdc   0x0002cbdc   0x00000034   Code   RO         2764    i.sm_sec_params_set  security_manager.o
    0x0002cc10   0x0002cc10   0x00000060   Code   RO         2765    i.sm_smd_evt_handler  security_manager.o
    0x0002cc70   0x0002cc70   0x00000118   Code   RO         2616    i.smd_ble_evt_handler  security_dispatcher.o
    0x0002cd88   0x0002cd88   0x00000010   Code   RO         2617    i.smd_conn_sec_config_reply  security_dispatcher.o
    0x0002cd98   0x0002cd98   0x0000004c   Code   RO         2618    i.smd_init          security_dispatcher.o
    0x0002cde4   0x0002cde4   0x0000003a   Code   RO         2619    i.smd_link_secure   security_dispatcher.o
    0x0002ce1e   0x0002ce1e   0x00000002   PAD
    0x0002ce20   0x0002ce20   0x000000b0   Code   RO         2620    i.smd_params_reply  security_dispatcher.o
    0x0002ced0   0x0002ced0   0x00000040   Code   RO         2766    i.smd_params_reply_perform  security_manager.o
    0x0002cf10   0x0002cf10   0x00000018   Code   RO         2982    i.soc_evt_handler   nrf_drv_clock.o
    0x0002cf28   0x0002cf28   0x00000078   Code   RO         6626    i.softdevice_evt_irq_disable  nrf_sdh.o
    0x0002cfa0   0x0002cfa0   0x00000098   Code   RO         6627    i.softdevices_evt_irq_enable  nrf_sdh.o
    0x0002d038   0x0002d038   0x0000002c   Code   RO         1395    i.store_car_value   gatt_cache_manager.o
    0x0002d064   0x0002d064   0x00000054   Code   RO           23    i.thi_monitor_handler  main.o
    0x0002d0b8   0x0002d0b8   0x0000000c   Code   RO           24    i.thi_monitor_timeout_handler  main.o
    0x0002d0c4   0x0002d0c4   0x00000080   Code   RO         4660    i.timer_list_handler  app_timer.o
    0x0002d144   0x0002d144   0x0000003c   Code   RO         4661    i.timer_list_insert  app_timer.o
    0x0002d180   0x0002d180   0x00000060   Code   RO         4662    i.timer_list_remove  app_timer.o
    0x0002d1e0   0x0002d1e0   0x00000048   Code   RO         4663    i.timer_stop_op_schedule  app_timer.o
    0x0002d228   0x0002d228   0x00000074   Code   RO         4664    i.timer_timeouts_check  app_timer.o
    0x0002d29c   0x0002d29c   0x0000000a   Code   RO          757    i.uint16_encode     ble_advdata.o
    0x0002d2a6   0x0002d2a6   0x00000002   PAD
    0x0002d2a8   0x0002d2a8   0x00000020   Code   RO         6044    i.uninit            nrf_fstorage_sd.o
    0x0002d2c8   0x0002d2c8   0x00000030   Code   RO         1396    i.update_pending_flags_check  gatt_cache_manager.o
    0x0002d2f8   0x0002d2f8   0x00000068   Code   RO          902    i.update_timeout_handler  ble_conn_params.o
    0x0002d360   0x0002d360   0x0000000c   Code   RO         1014    i.user_flag_is_acquired  ble_conn_state.o
    0x0002d36c   0x0002d36c   0x00000024   Code   RO         1319    i.user_mem_reply    nrf_ble_qwr.o
    0x0002d390   0x0002d390   0x00000030   Code   RO         4665    i.user_op_alloc     app_timer.o
    0x0002d3c0   0x0002d3c0   0x00000030   Code   RO          758    i.uuid_list_encode  ble_advdata.o
    0x0002d3f0   0x0002d3f0   0x0000009e   Code   RO          759    i.uuid_list_sized_encode  ble_advdata.o
    0x0002d48e   0x0002d48e   0x00000004   Code   RO         6045    i.wmap              nrf_fstorage_sd.o
    0x0002d492   0x0002d492   0x00000002   PAD
    0x0002d494   0x0002d494   0x00000050   Code   RO         6046    i.write             nrf_fstorage_sd.o
    0x0002d4e4   0x0002d4e4   0x000000a8   Code   RO         1960    i.write_buf_store   peer_database.o
    0x0002d58c   0x0002d58c   0x00000034   Code   RO         1961    i.write_buffer_record_find  peer_database.o
    0x0002d5c0   0x0002d5c0   0x00000030   Code   RO         1962    i.write_buffer_record_find_next  peer_database.o
    0x0002d5f0   0x0002d5f0   0x0000001c   Code   RO         1963    i.write_buffer_record_invalidate  peer_database.o
    0x0002d60c   0x0002d60c   0x0000002c   Code   RO         1964    i.write_buffer_record_release  peer_database.o
    0x0002d638   0x0002d638   0x000000e8   Code   RO         5650    i.write_enqueue     fds.o
    0x0002d720   0x0002d720   0x000000f4   Code   RO         5651    i.write_execute     fds.o
    0x0002d814   0x0002d814   0x00000018   Code   RO         5652    i.write_space_free  fds.o
    0x0002d82c   0x0002d82c   0x0000005c   Code   RO         5653    i.write_space_reserve  fds.o
    0x0002d888   0x0002d888   0x00000021   Data   RO           28    .constdata          main.o
    0x0002d8a9   0x0002d8a9   0x00000008   Data   RO          480    .constdata          boards.o
    0x0002d8b1   0x0002d8b1   0x00000003   PAD
    0x0002d8b4   0x0002d8b4   0x00000016   Data   RO         1225    .constdata          nrf_ble_gatt.o
    0x0002d8ca   0x0002d8ca   0x00000002   PAD
    0x0002d8cc   0x0002d8cc   0x00000074   Data   RO         1397    .constdata          gatt_cache_manager.o
    0x0002d940   0x0002d940   0x00000004   Data   RO         1554    .constdata          gatts_cache_manager.o
    0x0002d944   0x0002d944   0x00000010   Data   RO         1555    .constdata          gatts_cache_manager.o
    0x0002d954   0x0002d954   0x00000004   Data   RO         1556    .constdata          gatts_cache_manager.o
    0x0002d958   0x0002d958   0x00000008   Data   RO         1655    .constdata          id_manager.o
    0x0002d960   0x0002d960   0x0000001c   Data   RO         1830    .constdata          peer_data_storage.o
    0x0002d97c   0x0002d97c   0x00000010   Data   RO         1966    .constdata          peer_database.o
    0x0002d98c   0x0002d98c   0x00000094   Data   RO         2622    .constdata          security_dispatcher.o
    0x0002da20   0x0002da20   0x00000004   Data   RO         2767    .constdata          security_manager.o
    0x0002da24   0x0002da24   0x00000010   Data   RO         2919    .constdata          ble_lbs.o
    0x0002da34   0x0002da34   0x00000004   Data   RO         3342    .constdata          nrfx_gpiote.o
    0x0002da38   0x0002da38   0x00000008   PAD
    0x0002da40   0x0002da40   0x00000006   Data   RO         4138    .constdata          nrfx_saadc.o
    0x0002da46   0x0002da46   0x00000002   PAD
    0x0002da48   0x0002da48   0x00000008   Data   RO         4402    .constdata          app_button.o
    0x0002da50   0x0002da50   0x00000006   Data   RO         4667    .constdata          app_timer.o
    0x0002da56   0x0002da56   0x00000002   PAD
    0x0002da58   0x0002da58   0x00000018   Data   RO         5407    .constdata          nrf_pwr_mgmt.o
    0x0002da70   0x0002da70   0x0000000c   Data   RO         5408    .constdata          nrf_pwr_mgmt.o
    0x0002da7c   0x0002da7c   0x00000018   Data   RO         5656    .constdata          fds.o
    0x0002da94   0x0002da94   0x00000010   Data   RO         6049    .constdata          nrf_fstorage_sd.o
    0x0002daa4   0x0002daa4   0x00000020   Data   RO         6050    .constdata          nrf_fstorage_sd.o
    0x0002dac4   0x0002dac4   0x00000010   Data   RO         6628    .constdata          nrf_sdh.o
    0x0002dad4   0x0002dad4   0x00000028   Data   RO         6629    .constdata          nrf_sdh.o
    0x0002dafc   0x0002dafc   0x00000010   Data   RO         6630    .constdata          nrf_sdh.o
    0x0002db0c   0x0002db0c   0x00000010   Data   RO         6631    .constdata          nrf_sdh.o
    0x0002db1c   0x0002db1c   0x00000020   Data   RO         6736    .constdata          nrf_sdh_ble.o
    0x0002db3c   0x0002db3c   0x00000010   Data   RO         6737    .constdata          nrf_sdh_ble.o
    0x0002db4c   0x0002db4c   0x00000010   Data   RO         6784    .constdata          nrf_sdh_soc.o
    0x0002db5c   0x0002db5c   0x0000000c   Data   RO         6785    .constdata          nrf_sdh_soc.o
    0x0002db68   0x0002db68   0x00000010   Data   RO         6822    .constdata          ble_dfu.o
    0x0002db78   0x0002db78   0x00000020   Data   RO         7382    Region$$Table       anon$$obj.o
    0x0002db98   0x0002db98   0x00000004   Data   RO           31    pwr_mgmt_data0      main.o
    0x0002db9c   0x0002db9c   0x00000008   Data   RO         1016    sdh_ble_observers0  ble_conn_state.o
    0x0002dba4   0x0002dba4   0x00000008   Data   RO           32    sdh_ble_observers1  main.o
    0x0002dbac   0x0002dbac   0x00000008   Data   RO          905    sdh_ble_observers1  ble_conn_params.o
    0x0002dbb4   0x0002dbb4   0x00000008   Data   RO         2204    sdh_ble_observers1  peer_manager.o
    0x0002dbbc   0x0002dbbc   0x00000010   Data   RO           33    sdh_ble_observers2  main.o
    0x0002dbcc   0x0002dbcc   0x00000008   Data   RO         6823    sdh_ble_observers2  ble_dfu.o
    0x0002dbd4   0x0002dbd4   0x00000008   Data   RO           34    sdh_ble_observers3  main.o
    0x0002dbdc   0x0002dbdc   0x00000008   Data   RO         6052    sdh_req_observers0  nrf_fstorage_sd.o
    0x0002dbe4   0x0002dbe4   0x00000008   Data   RO         2988    sdh_soc_observers0  nrf_drv_clock.o
    0x0002dbec   0x0002dbec   0x00000008   Data   RO         6053    sdh_soc_observers0  nrf_fstorage_sd.o
    0x0002dbf4   0x0002dbf4   0x00000008   Data   RO         6933    sdh_soc_observers1  ble_dfu_unbonded.o
    0x0002dbfc   0x0002dbfc   0x00000008   Data   RO         6739    sdh_stack_observers0  nrf_sdh_ble.o
    0x0002dc04   0x0002dc04   0x00000008   Data   RO         6786    sdh_stack_observers0  nrf_sdh_soc.o
    0x0002dc0c   0x0002dc0c   0x00000008   Data   RO         2989    sdh_state_observers0  nrf_drv_clock.o
    0x0002dc14   0x0002dc14   0x00000008   Data   RO         6054    sdh_state_observers0  nrf_fstorage_sd.o


    Execution Region RW_IRAM1 (Exec base: 0x20002aa8, Load base: 0x0002dc1c, Size: 0x000028a0, Max: 0x0000d558, ABSOLUTE, COMPRESSED[0x00000030])

    Exec Addr    Load Addr    Size         Type   Attr      Idx    E Section Name        Object

    0x20002aa8   COMPRESSED   0x00000024   Data   RW           29    .data               main.o
    0x20002acc   COMPRESSED   0x00000008   Data   RW          904    .data               ble_conn_params.o
    0x20002ad4   COMPRESSED   0x00000010   Data   RW         1398    .data               gatt_cache_manager.o
    0x20002ae4   COMPRESSED   0x00000006   Data   RW         1557    .data               gatts_cache_manager.o
    0x20002aea   COMPRESSED   0x00000002   PAD
    0x20002aec   COMPRESSED   0x0000000c   Data   RW         1831    .data               peer_data_storage.o
    0x20002af8   COMPRESSED   0x00000008   Data   RW         1967    .data               peer_database.o
    0x20002b00   COMPRESSED   0x00000010   Data   RW         2203    .data               peer_manager.o
    0x20002b10   COMPRESSED   0x00000005   Data   RW         2624    .data               security_dispatcher.o
    0x20002b15   COMPRESSED   0x00000003   PAD
    0x20002b18   COMPRESSED   0x00000015   Data   RW         2768    .data               security_manager.o
    0x20002b2d   COMPRESSED   0x00000003   PAD
    0x20002b30   COMPRESSED   0x00000008   Data   RW         3187    .data               nrfx_clock.o
    0x20002b38   COMPRESSED   0x00000008   Data   RW         3606    .data               nrfx_prs.o
    0x20002b40   COMPRESSED   0x00000020   Data   RW         4403    .data               app_button.o
    0x20002b60   COMPRESSED   0x00000014   Data   RW         4668    .data               app_timer.o
    0x20002b74   COMPRESSED   0x00000008   Data   RW         5409    .data               nrf_pwr_mgmt.o
    0x20002b7c   COMPRESSED   0x00000030   Data   RW         5657    .data               fds.o
    0x20002bac   COMPRESSED   0x00000008   Data   RW         6051    .data               nrf_fstorage_sd.o
    0x20002bb4   COMPRESSED   0x00000003   Data   RW         6632    .data               nrf_sdh.o
    0x20002bb7   COMPRESSED   0x00000001   Data   RW         6738    .data               nrf_sdh_ble.o
    0x20002bb8   COMPRESSED   0x00000004   Data   RW         6932    .data               ble_dfu_unbonded.o
    0x20002bbc   COMPRESSED   0x00000004   Data   RW         7023    .data               system_nrf52.o
    0x20002bc0   COMPRESSED   0x00000014   Data   RW         5658    fs_data             fds.o
    0x20002bd4        -       0x0000004c   Zero   RW           25    .bss                main.o
    0x20002c20        -       0x0000001f   Zero   RW           26    .bss                main.o
    0x20002c3f        -       0x0000001f   Zero   RW           27    .bss                main.o
    0x20002c5e   COMPRESSED   0x00000002   PAD
    0x20002c60        -       0x00000050   Zero   RW          903    .bss                ble_conn_params.o
    0x20002cb0        -       0x00000078   Zero   RW         1015    .bss                ble_conn_state.o
    0x20002d28        -       0x000000d8   Zero   RW         1654    .bss                id_manager.o
    0x20002e00        -       0x000000c8   Zero   RW         1965    .bss                peer_database.o
    0x20002ec8        -       0x00000040   Zero   RW         2077    .bss                peer_id.o
    0x20002f08        -       0x0000000c   Zero   RW         2198    .bss                peer_manager.o
    0x20002f14        -       0x00000040   Zero   RW         2621    .bss                security_dispatcher.o
    0x20002f54        -       0x00000014   Zero   RW         2983    .bss                nrf_drv_clock.o
    0x20002f68        -       0x0000005c   Zero   RW         3341    .bss                nrfx_gpiote.o
    0x20002fc4        -       0x0000000c   Zero   RW         4008    .bss                nrfx_timer.o
    0x20002fd0        -       0x00000030   Zero   RW         4137    .bss                nrfx_saadc.o
    0x20003000        -       0x00000020   Zero   RW         4401    .bss                app_button.o
    0x20003020        -       0x00000020   Zero   RW         4491    .bss                app_error.o
    0x20003040        -       0x0000010c   Zero   RW         4666    .bss                app_timer.o
    0x2000314c        -       0x0000000c   Zero   RW         4819    .bss                app_util_platform.o
    0x20003158        -       0x0000000c   Zero   RW         5406    .bss                nrf_pwr_mgmt.o
    0x20003164        -       0x00000010   Zero   RW         5654    .bss                fds.o
    0x20003174        -       0x000000e0   Zero   RW         5655    .bss                fds.o
    0x20003254        -       0x00000010   Zero   RW         6047    .bss                nrf_fstorage_sd.o
    0x20003264        -       0x000000a0   Zero   RW         6048    .bss                nrf_fstorage_sd.o
    0x20003304        -       0x0000001c   Zero   RW         6821    .bss                ble_dfu.o
    0x20003320        -       0x00000028   Zero   RW         6931    .bss                ble_dfu_unbonded.o
    0x20003348        -       0x00002000   Zero   RW         7011    STACK               arm_startup_nrf52.o


==============================================================================

Image component sizes


      Code (inc. data)   RO Data    RW Data    ZI Data      Debug   Object Name

       488         46          8         32         32      47287   app_button.o
       100          4          0          0         32       3394   app_error.o
        26          0          0          0          0        568   app_error_handler_keil.o
        24          4          0          0          0       4698   app_error_weak.o
         0          0          0          0          0      36682   app_scheduler.o
      1510        118          6         20        268      48399   app_timer.o
       124         14          0          0         12       9578   app_util_platform.o
        36          8        512          0       8192        924   arm_startup_nrf52.o
      1236          0          0          0          0     100487   ble_advdata.o
       636         44          8          8         80      17599   ble_conn_params.o
       714        106          8          0        120      12547   ble_conn_state.o
       478         34         24          0         28       9108   ble_dfu.o
         0          0          0          0          0       4808   ble_dfu_bonded.o
       440         32          8          4         40       7378   ble_dfu_unbonded.o
       302          4         16          0          0       5136   ble_lbs.o
       464          6          0          0          0       4079   ble_srv_common.o
       192         16          8          0          0      49917   boards.o
      3426        314         24         68        240      47835   fds.o
      1184        114        116         16          0      24710   gatt_cache_manager.o
       462         32         24          6          0      15241   gatts_cache_manager.o
       946         34          8          0        216      14896   id_manager.o
      1950        298         69         36        138     183098   main.o
       342          0          0          0          0       8662   nrf_atfifo.o
       170          0          0          0          0       4736   nrf_atflags.o
       310          0          0          0          0       8102   nrf_atomic.o
       460          6         22          0          0      34502   nrf_ble_gatt.o
       276          0          0          0          0       6197   nrf_ble_qwr.o
        32          6          0          0          0       1434   nrf_dfu_svci.o
       276         34         16          0         20      41434   nrf_drv_clock.o
       232          0          0          0          0       5633   nrf_fstorage.o
       798         82         72          8        176      15967   nrf_fstorage_sd.o
       280         44         36          8         12      38505   nrf_pwr_mgmt.o
       680        180         88          3          0      41592   nrf_sdh.o
       366         82         56          1          0       5551   nrf_sdh_ble.o
       128         68         36          0          0       2348   nrf_sdh_soc.o
        78          0          0          0          0       2772   nrf_section_iter.o
       226         30          0          8          0      39956   nrfx_clock.o
      1298         98          4          0         92      59367   nrfx_gpiote.o
        12          6          0          8          0       2034   nrfx_prs.o
       924         70          6          0         48      80955   nrfx_saadc.o
       440         24          0          0         12      15002   nrfx_timer.o
         0          0          0          0          0       4708   nrfx_uart.o
       970         44         28         12          0      18045   peer_data_storage.o
      1056         56         16          8        200      19181   peer_database.o
       314         38          0          0         64       9115   peer_id.o
       892         60          8         16         12      16892   peer_manager.o
       234          0          0          0          0       5427   pm_buffer.o
      1782         88        148          5         64      29638   security_dispatcher.o
       962         74          4         21          0      49356   security_manager.o
       796         70          0          4          0      29542   system_nrf52.o

    ----------------------------------------------------------------------
     29154       2388       1428        300      10100    1245022   Object Totals
         0          0         32          0          0          0   (incl. Generated)
        82          0         17          8          2          0   (incl. Padding)

    ----------------------------------------------------------------------

      Code (inc. data)   RO Data    RW Data    ZI Data      Debug   Library Member Name

        86          0          0          0          0          0   __dczerorl2.o
         0          0          0          0          0          0   entry.o
         0          0          0          0          0          0   entry10a.o
         0          0          0          0          0          0   entry11a.o
         8          4          0          0          0          0   entry2.o
         4          0          0          0          0          0   entry5.o
         0          0          0          0          0          0   entry7b.o
         0          0          0          0          0          0   entry8b.o
         8          4          0          0          0          0   entry9a.o
        30          0          0          0          0          0   handlers.o
        36          8          0          0          0         68   init.o
        30          0          0          0          0         68   llshl.o
        32          0          0          0          0         68   llushr.o
        26          0          0          0          0         80   memcmp.o
        36          0          0          0          0         68   memcpya.o
        36          0          0          0          0        108   memseta.o
       754         52          0          0          0        252   printf5.o
        98          0          0          0          0         92   uldiv.o

    ----------------------------------------------------------------------
      1190         68          0          0          0        804   Library Totals
         6          0          0          0          0          0   (incl. Padding)

    ----------------------------------------------------------------------

      Code (inc. data)   RO Data    RW Data    ZI Data      Debug   Library Name

      1184         68          0          0          0        804   mc_w.l

    ----------------------------------------------------------------------
      1190         68          0          0          0        804   Library Totals

    ----------------------------------------------------------------------

==============================================================================


      Code (inc. data)   RO Data    RW Data    ZI Data      Debug   

     30344       2456       1428        300      10100    1205246   Grand Totals
     30344       2456       1428         48      10100    1205246   ELF Image Totals (compressed)
     30344       2456       1428         48          0          0   ROM Totals

==============================================================================

    Total RO  Size (Code + RO Data)                31772 (  31.03kB)
    Total RW  Size (RW Data + ZI Data)             10400 (  10.16kB)
    Total ROM Size (Code + RO Data + RW Data)      31820 (  31.07kB)

==============================================================================

