Component: ARM Compiler 5.06 update 1 (build 61) Tool: armlink [4d35a8]

==============================================================================

Section Cross References

    main.o(i.advertising_init) refers to memseta.o(.text) for __aeabi_memclr4
    main.o(i.advertising_init) refers to ble_advdata.o(i.ble_advdata_encode) for ble_advdata_encode
    main.o(i.advertising_init) refers to app_error.o(i.app_error_handler_bare) for app_error_handler_bare
    main.o(i.advertising_init) refers to main.o(.constdata) for .constdata
    main.o(i.advertising_init) refers to main.o(.bss) for .bss
    main.o(i.advertising_init) refers to main.o(.data) for .data
    main.o(i.advertising_start) refers to app_error.o(i.app_error_handler_bare) for app_error_handler_bare
    main.o(i.advertising_start) refers to boards.o(i.bsp_board_led_on) for bsp_board_led_on
    main.o(i.advertising_start) refers to main.o(.data) for .data
    main.o(i.assert_nrf_callback) refers to app_error_handler_keil.o(.emb_text) for app_error_handler
    main.o(i.ble_evt_handler) refers to boards.o(i.bsp_board_led_on) for bsp_board_led_on
    main.o(i.ble_evt_handler) refers to boards.o(i.bsp_board_led_off) for bsp_board_led_off
    main.o(i.ble_evt_handler) refers to nrf_ble_qwr.o(i.nrf_ble_qwr_conn_handle_assign) for nrf_ble_qwr_conn_handle_assign
    main.o(i.ble_evt_handler) refers to app_error.o(i.app_error_handler_bare) for app_error_handler_bare
    main.o(i.ble_evt_handler) refers to app_button.o(i.app_button_enable) for app_button_enable
    main.o(i.ble_evt_handler) refers to app_button.o(i.app_button_disable) for app_button_disable
    main.o(i.ble_evt_handler) refers to main.o(i.advertising_start) for advertising_start
    main.o(i.ble_evt_handler) refers to main.o(.data) for .data
    main.o(i.ble_evt_handler) refers to main.o(.bss) for .bss
    main.o(i.button_event_handler) refers to app_error.o(i.app_error_handler_bare) for app_error_handler_bare
    main.o(i.conn_params_error_handler) refers to app_error.o(i.app_error_handler_bare) for app_error_handler_bare
    main.o(i.led_write_handler) refers to boards.o(i.bsp_board_led_on) for bsp_board_led_on
    main.o(i.led_write_handler) refers to boards.o(i.bsp_board_led_off) for bsp_board_led_off
    main.o(i.main) refers to boards.o(i.bsp_board_init) for bsp_board_init
    main.o(i.main) refers to app_timer.o(i.app_timer_init) for app_timer_init
    main.o(i.main) refers to app_error.o(i.app_error_handler_bare) for app_error_handler_bare
    main.o(i.main) refers to app_button.o(i.app_button_init) for app_button_init
    main.o(i.main) refers to nrf_pwr_mgmt.o(i.nrf_pwr_mgmt_init) for nrf_pwr_mgmt_init
    main.o(i.main) refers to nrf_sdh.o(i.nrf_sdh_enable_request) for nrf_sdh_enable_request
    main.o(i.main) refers to nrf_sdh_ble.o(i.nrf_sdh_ble_default_cfg_set) for nrf_sdh_ble_default_cfg_set
    main.o(i.main) refers to nrf_sdh_ble.o(i.nrf_sdh_ble_enable) for nrf_sdh_ble_enable
    main.o(i.main) refers to nrf_ble_gatt.o(i.nrf_ble_gatt_init) for nrf_ble_gatt_init
    main.o(i.main) refers to main.o(i.saadc_init) for saadc_init
    main.o(i.main) refers to nrfx_timer.o(i.nrfx_timer_init) for nrfx_timer_init
    main.o(i.main) refers to nrf_ble_qwr.o(i.nrf_ble_qwr_init) for nrf_ble_qwr_init
    main.o(i.main) refers to ble_lbs.o(i.ble_lbs_init) for ble_lbs_init
    main.o(i.main) refers to main.o(i.advertising_init) for advertising_init
    main.o(i.main) refers to memseta.o(.text) for __aeabi_memclr4
    main.o(i.main) refers to ble_conn_params.o(i.ble_conn_params_init) for ble_conn_params_init
    main.o(i.main) refers to main.o(i.advertising_start) for advertising_start
    main.o(i.main) refers to nrfx_timer.o(i.nrfx_timer_extended_compare) for nrfx_timer_extended_compare
    main.o(i.main) refers to nrfx_timer.o(i.nrfx_timer_enable) for nrfx_timer_enable
    main.o(i.main) refers to nrfx_timer.o(i.nrfx_timer_disable) for nrfx_timer_disable
    main.o(i.main) refers to nrf_pwr_mgmt.o(i.nrf_pwr_mgmt_run) for nrf_pwr_mgmt_run
    main.o(i.main) refers to main.o(.data) for .data
    main.o(i.main) refers to main.o(.bss) for .bss
    main.o(i.main) refers to main.o(.constdata) for .constdata
    main.o(i.main) refers to main.o(i.thi_monitor_timeout_handler) for thi_monitor_timeout_handler
    main.o(i.main) refers to main.o(i.nrf_qwr_error_handler) for nrf_qwr_error_handler
    main.o(i.main) refers to main.o(i.led_write_handler) for led_write_handler
    main.o(i.main) refers to main.o(i.on_conn_params_evt) for on_conn_params_evt
    main.o(i.main) refers to main.o(i.conn_params_error_handler) for conn_params_error_handler
    main.o(i.nrf_qwr_error_handler) refers to app_error.o(i.app_error_handler_bare) for app_error_handler_bare
    main.o(i.on_conn_params_evt) refers to app_error.o(i.app_error_handler_bare) for app_error_handler_bare
    main.o(i.on_conn_params_evt) refers to main.o(.data) for .data
[...]
    ..\\..\\..\\..\\..\\..\\components\\libraries\\util\\nrf_assert.c 0x00000000   Number         0  nrf_assert.o ABSOLUTE
    ..\\..\\..\\..\\..\\..\\components\\softdevice\\common\\nrf_sdh.c 0x00000000   Number         0  nrf_sdh.o ABSOLUTE
    ..\\..\\..\\..\\..\\..\\components\\softdevice\\common\\nrf_sdh_ble.c 0x00000000   Number         0  nrf_sdh_ble.o ABSOLUTE
    ..\\..\\..\\..\\..\\..\\components\\softdevice\\common\\nrf_sdh_soc.c 0x00000000   Number         0  nrf_sdh_soc.o ABSOLUTE
    ..\\..\\..\\..\\..\\..\\external\\fprintf\\nrf_fprintf.c 0x00000000   Number         0  nrf_fprintf.o ABSOLUTE
    ..\\..\\..\\..\\..\\..\\external\\fprintf\\nrf_fprintf_format.c 0x00000000   Number         0  nrf_fprintf_format.o ABSOLUTE
    ..\\..\\..\\..\\..\\..\\external\\segger_rtt\\SEGGER_RTT.c 0x00000000   Number         0  segger_rtt.o ABSOLUTE
    ..\\..\\..\\..\\..\\..\\external\\segger_rtt\\SEGGER_RTT_Syscalls_KEIL.c 0x00000000   Number         0  segger_rtt_syscalls_keil.o ABSOLUTE
    ..\\..\\..\\..\\..\\..\\external\\segger_rtt\\SEGGER_RTT_printf.c 0x00000000   Number         0  segger_rtt_printf.o ABSOLUTE
    ..\\..\\..\\..\\..\\..\\integration\\nrfx\\legacy\\nrf_drv_clock.c 0x00000000   Number         0  nrf_drv_clock.o ABSOLUTE
    ..\\..\\..\\..\\..\\..\\integration\\nrfx\\legacy\\nrf_drv_uart.c 0x00000000   Number         0  nrf_drv_uart.o ABSOLUTE
    ..\\..\\..\\..\\..\\..\\modules\\nrfx\\drivers\\src\\nrfx_clock.c 0x00000000   Number         0  nrfx_clock.o ABSOLUTE
    ..\\..\\..\\..\\..\\..\\modules\\nrfx\\drivers\\src\\nrfx_gpiote.c 0x00000000   Number         0  nrfx_gpiote.o ABSOLUTE
    ..\\..\\..\\..\\..\\..\\modules\\nrfx\\drivers\\src\\nrfx_power_clock.c 0x00000000   Number         0  nrfx_power_clock.o ABSOLUTE
    ..\\..\\..\\..\\..\\..\\modules\\nrfx\\drivers\\src\\nrfx_saadc.c 0x00000000   Number         0  nrfx_saadc.o ABSOLUTE
    ..\\..\\..\\..\\..\\..\\modules\\nrfx\\drivers\\src\\nrfx_timer.c 0x00000000   Number         0  nrfx_timer.o ABSOLUTE
    ..\\..\\..\\..\\..\\..\\modules\\nrfx\\drivers\\src\\nrfx_uart.c 0x00000000   Number         0  nrfx_uart.o ABSOLUTE
    ..\\..\\..\\..\\..\\..\\modules\\nrfx\\drivers\\src\\nrfx_uarte.c 0x00000000   Number         0  nrfx_uarte.o ABSOLUTE
    ..\\..\\..\\..\\..\\..\\modules\\nrfx\\drivers\\src\\prs\\nrfx_prs.c 0x00000000   Number         0  nrfx_prs.o ABSOLUTE
    ..\\..\\..\\main.c                       0x00000000   Number         0  main.o ABSOLUTE
    RTE\Device\nRF52840_xxAA\arm_startup_nrf52840.s 0x00000000   Number         0  arm_startup_nrf52840.o ABSOLUTE
    RTE\Device\nRF52840_xxAA\system_nrf52840.c 0x00000000   Number         0  system_nrf52840.o ABSOLUTE
    RTE\\Device\\nRF52840_xxAA\\system_nrf52840.c 0x00000000   Number         0  system_nrf52840.o ABSOLUTE
    dc.s                                     0x00000000   Number         0  dc.o ABSOLUTE
    handlers.s                               0x00000000   Number         0  handlers.o ABSOLUTE
    init.s                                   0x00000000   Number         0  init.o ABSOLUTE
    RESET                                    0x00026000   Section      512  arm_startup_nrf52840.o(RESET)
    .ARM.Collect$$$$00000000                 0x00026200   Section        0  entry.o(.ARM.Collect$$$$00000000)
    .ARM.Collect$$$$00000001                 0x00026200   Section        4  entry2.o(.ARM.Collect$$$$00000001)
    .ARM.Collect$$$$00000004                 0x00026204   Section        4  entry5.o(.ARM.Collect$$$$00000004)
    .ARM.Collect$$$$00000008                 0x00026208   Section        0  entry7b.o(.ARM.Collect$$$$00000008)
    .ARM.Collect$$$$0000000A                 0x00026208   Section        0  entry8b.o(.ARM.Collect$$$$0000000A)
    .ARM.Collect$$$$0000000B                 0x00026208   Section        8  entry9a.o(.ARM.Collect$$$$0000000B)
    .ARM.Collect$$$$0000000D                 0x00026210   Section        0  entry10a.o(.ARM.Collect$$$$0000000D)
    .ARM.Collect$$$$0000000F                 0x00026210   Section        0  entry11a.o(.ARM.Collect$$$$0000000F)
    .ARM.Collect$$$$00002712                 0x00026210   Section        4  entry2.o(.ARM.Collect$$$$00002712)
    __lit__00000000                          0x00026210   Data           4  entry2.o(.ARM.Collect$$$$00002712)
    .emb_text                                0x00026214   Section      226  nrf_atomic.o(.emb_text)
    $v0                                      0x00026214   Number         0  nrf_atomic.o(.emb_text)
    .text                                    0x000262f8   Section       36  arm_startup_nrf52840.o(.text)
    $v0                                      0x000262f8   Number         0  arm_startup_nrf52840.o(.text)
    .text                                    0x0002631c   Section        0  llshl.o(.text)
    .text                                    0x0002633a   Section        0  memcpya.o(.text)
    .text                                    0x0002635e   Section        0  memseta.o(.text)
    .text                                    0x00026384   Section       36  init.o(.text)
    i.GPIOTE_IRQHandler                      0x000263a8   Section        0  nrfx_gpiote.o(i.GPIOTE_IRQHandler)
    i.NVIC_ClearPendingIRQ                   0x0002655c   Section        0  app_timer.o(i.NVIC_ClearPendingIRQ)
    NVIC_ClearPendingIRQ                     0x0002655d   Thumb Code    22  app_timer.o(i.NVIC_ClearPendingIRQ)
    i.NVIC_EnableIRQ                         0x00026572   Section        0  app_timer.o(i.NVIC_EnableIRQ)
    NVIC_EnableIRQ                           0x00026573   Thumb Code    22  app_timer.o(i.NVIC_EnableIRQ)
    i.NVIC_SetPendingIRQ                     0x00026588   Section        0  app_timer.o(i.NVIC_SetPendingIRQ)
    NVIC_SetPendingIRQ                       0x00026589   Thumb Code    22  app_timer.o(i.NVIC_SetPendingIRQ)
    i.NVIC_SetPriority                       0x0002659e   Section        0  app_timer.o(i.NVIC_SetPriority)
    NVIC_SetPriority                         0x0002659f   Thumb Code    32  app_timer.o(i.NVIC_SetPriority)
    i.POWER_CLOCK_IRQHandler                 0x000265c0   Section        0  nrfx_clock.o(i.POWER_CLOCK_IRQHandler)
    i.RTC1_IRQHandler                        0x00026618   Section        0  app_timer.o(i.RTC1_IRQHandler)
    i.SAADC_IRQHandler                       0x0002663c   Section        0  nrfx_saadc.o(i.SAADC_IRQHandler)
    i.SWI0_EGU0_IRQHandler                   0x00026784   Section        0  app_timer.o(i.SWI0_EGU0_IRQHandler)
    i.SWI2_EGU2_IRQHandler                   0x00026788   Section        0  nrf_sdh.o(i.SWI2_EGU2_IRQHandler)
    i.SystemInit                             0x0002678c   Section        0  system_nrf52840.o(i.SystemInit)
    i.TIMER2_IRQHandler                      0x00026968   Section        0  nrfx_timer.o(i.TIMER2_IRQHandler)
    i.UARTE0_UART0_IRQHandler                0x000269b8   Section        0  nrfx_prs.o(i.UARTE0_UART0_IRQHandler)
    i.__scatterload_copy                     0x000269c4   Section       14  handlers.o(i.__scatterload_copy)
    i.__scatterload_null                     0x000269d2   Section        2  handlers.o(i.__scatterload_null)
    i.__scatterload_zeroinit                 0x000269d4   Section       14  handlers.o(i.__scatterload_zeroinit)
    i.__sd_nvic_app_accessible_irq           0x000269e4   Section        0  nrf_sdh.o(i.__sd_nvic_app_accessible_irq)
    __sd_nvic_app_accessible_irq             0x000269e5   Thumb Code    32  nrf_sdh.o(i.__sd_nvic_app_accessible_irq)
    i.advertising_init                       0x00026a08   Section        0  main.o(i.advertising_init)
    advertising_init                         0x00026a09   Thumb Code   150  main.o(i.advertising_init)
    i.advertising_start                      0x00026aac   Section        0  main.o(i.advertising_start)
    advertising_start                        0x00026aad   Thumb Code    26  main.o(i.advertising_start)
    i.app_button_disable                     0x00026acc   Section        0  app_button.o(i.app_button_disable)
    i.app_button_enable                      0x00026afc   Section        0  app_button.o(i.app_button_enable)
    i.app_button_init                        0x00026b20   Section        0  app_button.o(i.app_button_init)
    i.app_error_fault_handler                0x00026b98   Section        0  app_error_weak.o(i.app_error_fault_handler)
    i.app_error_handler_bare                 0x00026bc8   Section        0  app_error.o(i.app_error_handler_bare)
    i.app_timer_create                       0x00026be0   Section        0  app_timer.o(i.app_timer_create)
    i.app_timer_init                         0x00026c04   Section        0  app_timer.o(i.app_timer_init)
    i.app_timer_start                        0x00026c58   Section        0  app_timer.o(i.app_timer_start)
    i.app_timer_stop                         0x00026ce0   Section        0  app_timer.o(i.app_timer_stop)
    i.app_util_critical_region_enter         0x00026d00   Section        0  app_util_platform.o(i.app_util_critical_region_enter)
    i.app_util_critical_region_exit          0x00026d48   Section        0  app_util_platform.o(i.app_util_critical_region_exit)
    i.ble_advdata_encode                     0x00026d7c   Section        0  ble_advdata.o(i.ble_advdata_encode)
    i.ble_conn_params_init                   0x00026f00   Section        0  ble_conn_params.o(i.ble_conn_params_init)
    i.ble_device_addr_encode                 0x00026f68   Section        0  ble_advdata.o(i.ble_device_addr_encode)
    ble_device_addr_encode                   0x00026f69   Thumb Code    96  ble_advdata.o(i.ble_device_addr_encode)
    i.ble_evt_handler                        0x00026fc8   Section        0  main.o(i.ble_evt_handler)
    ble_evt_handler                          0x00026fc9   Thumb Code   186  main.o(i.ble_evt_handler)
    i.ble_evt_handler                        0x0002708c   Section        0  ble_conn_params.o(i.ble_evt_handler)
    ble_evt_handler                          0x0002708d   Thumb Code   242  ble_conn_params.o(i.ble_evt_handler)
    i.ble_evt_handler                        0x00027188   Section        0  ble_conn_state.o(i.ble_evt_handler)
    ble_evt_handler                          0x00027189   Thumb Code   254  ble_conn_state.o(i.ble_evt_handler)
    i.ble_lbs_init                           0x0002728c   Section        0  ble_lbs.o(i.ble_lbs_init)
    i.ble_lbs_on_ble_evt                     0x00027354   Section        0  ble_lbs.o(i.ble_lbs_on_ble_evt)
    i.ble_lbs_on_button_change1              0x00027382   Section        0  ble_lbs.o(i.ble_lbs_on_button_change1)
    i.ble_srv_is_notification_enabled        0x000273ba   Section        0  ble_srv_common.o(i.ble_srv_is_notification_enabled)
    i.bsp_board_init                         0x000273c4   Section        0  boards.o(i.bsp_board_init)
    i.bsp_board_led_off                      0x00027418   Section        0  boards.o(i.bsp_board_led_off)
    i.bsp_board_led_on                       0x00027428   Section        0  boards.o(i.bsp_board_led_on)
    i.bsp_board_leds_off                     0x00027438   Section        0  boards.o(i.bsp_board_leds_off)
    i.button_event_handler                   0x0002744a   Section        0  main.o(i.button_event_handler)
    button_event_handler                     0x0002744b   Thumb Code    36  main.o(i.button_event_handler)
    i.channel_free                           0x00027470   Section        0  nrfx_gpiote.o(i.channel_free)
    channel_free                             0x00027471   Thumb Code    22  nrfx_gpiote.o(i.channel_free)
    i.channel_port_alloc                     0x0002748c   Section        0  nrfx_gpiote.o(i.channel_port_alloc)
    channel_port_alloc                       0x0002748d   Thumb Code    66  nrfx_gpiote.o(i.channel_port_alloc)
    i.channel_port_get                       0x000274d4   Section        0  nrfx_gpiote.o(i.channel_port_get)
    channel_port_get                         0x000274d5   Thumb Code    10  nrfx_gpiote.o(i.channel_port_get)
    i.characteristic_add                     0x000274e4   Section        0  ble_srv_common.o(i.characteristic_add)
    i.clock_clk_started_notify               0x00027674   Section        0  nrf_drv_clock.o(i.clock_clk_started_notify)
    clock_clk_started_notify                 0x00027675   Thumb Code    34  nrf_drv_clock.o(i.clock_clk_started_notify)
    i.clock_irq_handler                      0x0002769c   Section        0  nrf_drv_clock.o(i.clock_irq_handler)
    clock_irq_handler                        0x0002769d   Thumb Code    24  nrf_drv_clock.o(i.clock_irq_handler)
    i.compare_reg_update                     0x000276b8   Section        0  app_timer.o(i.compare_reg_update)
    compare_reg_update                       0x000276b9   Thumb Code   160  app_timer.o(i.compare_reg_update)
    i.conn_handle_list_get                   0x00027764   Section        0  ble_conn_state.o(i.conn_handle_list_get)
    i.conn_int_encode                        0x000277a2   Section        0  ble_advdata.o(i.conn_int_encode)
    conn_int_encode                          0x000277a3   Thumb Code   136  ble_advdata.o(i.conn_int_encode)
    i.conn_params_error_handler              0x0002782a   Section        0  main.o(i.conn_params_error_handler)
    conn_params_error_handler                0x0002782b   Thumb Code     4  main.o(i.conn_params_error_handler)
    i.conn_params_negotiation                0x00027830   Section        0  ble_conn_params.o(i.conn_params_negotiation)
    conn_params_negotiation                  0x00027831   Thumb Code    68  ble_conn_params.o(i.conn_params_negotiation)
    i.data_length_update                     0x00027878   Section        0  nrf_ble_gatt.o(i.data_length_update)
    data_length_update                       0x00027879   Thumb Code    30  nrf_ble_gatt.o(i.data_length_update)
    i.detection_delay_timeout_handler        0x00027898   Section        0  app_button.o(i.detection_delay_timeout_handler)
    detection_delay_timeout_handler          0x00027899   Thumb Code   148  app_button.o(i.detection_delay_timeout_handler)
    i.elapsed_ticks_acquire                  0x00027930   Section        0  app_timer.o(i.elapsed_ticks_acquire)
    elapsed_ticks_acquire                    0x00027931   Thumb Code    58  app_timer.o(i.elapsed_ticks_acquire)
    i.gpiote_event_handler                   0x00027970   Section        0  app_button.o(i.gpiote_event_handler)
    gpiote_event_handler                     0x00027971   Thumb Code   122  app_button.o(i.gpiote_event_handler)
    i.instance_get                           0x000279f4   Section        0  ble_conn_params.o(i.instance_get)
    instance_get                             0x000279f5   Thumb Code    14  ble_conn_params.o(i.instance_get)
    i.is_conn_params_ok                      0x00027a08   Section        0  ble_conn_params.o(i.is_conn_params_ok)
    is_conn_params_ok                        0x00027a09   Thumb Code    68  ble_conn_params.o(i.is_conn_params_ok)
    i.led_write_handler                      0x00027a4c   Section        0  main.o(i.led_write_handler)
    led_write_handler                        0x00027a4d   Thumb Code    14  main.o(i.led_write_handler)
    i.link_init                              0x00027a5a   Section        0  nrf_ble_gatt.o(i.link_init)
    link_init                                0x00027a5b   Thumb Code    20  nrf_ble_gatt.o(i.link_init)
    i.list_insertions_handler                0x00027a70   Section        0  app_timer.o(i.list_insertions_handler)
    list_insertions_handler                  0x00027a71   Thumb Code   234  app_timer.o(i.list_insertions_handler)
    i.main                                   0x00027b68   Section        0  main.o(i.main)
    i.manuf_specific_data_encode             0x00027d14   Section        0  ble_advdata.o(i.manuf_specific_data_encode)
    manuf_specific_data_encode               0x00027d15   Thumb Code   100  ble_advdata.o(i.manuf_specific_data_encode)
    i.name_encode                            0x00027d78   Section        0  ble_advdata.o(i.name_encode)
    name_encode                              0x00027d79   Thumb Code   166  ble_advdata.o(i.name_encode)
    i.nrf_atflags_clear                      0x00027e1e   Section        0  nrf_atflags.o(i.nrf_atflags_clear)
    i.nrf_atflags_get                        0x00027e34   Section        0  nrf_atflags.o(i.nrf_atflags_get)
    i.nrf_atflags_set                        0x00027e4a   Section        0  nrf_atflags.o(i.nrf_atflags_set)
    i.nrf_atomic_u32_and                     0x00027e5e   Section        0  nrf_atomic.o(i.nrf_atomic_u32_and)
    i.nrf_atomic_u32_or                      0x00027e6a   Section        0  nrf_atomic.o(i.nrf_atomic_u32_or)
    i.nrf_bitmask_bit_is_set                 0x00027e76   Section        0  nrfx_gpiote.o(i.nrf_bitmask_bit_is_set)
    nrf_bitmask_bit_is_set                   0x00027e77   Thumb Code    16  nrfx_gpiote.o(i.nrf_bitmask_bit_is_set)
    i.nrf_bitmask_bit_set                    0x00027e86   Section        0  nrfx_gpiote.o(i.nrf_bitmask_bit_set)
    nrf_bitmask_bit_set                      0x00027e87   Thumb Code    20  nrfx_gpiote.o(i.nrf_bitmask_bit_set)
    i.nrf_ble_gatt_init                      0x00027e9a   Section        0  nrf_ble_gatt.o(i.nrf_ble_gatt_init)
    i.nrf_ble_gatt_on_ble_evt                0x00027ebc   Section        0  nrf_ble_gatt.o(i.nrf_ble_gatt_on_ble_evt)
    i.nrf_ble_qwr_conn_handle_assign         0x00028030   Section        0  nrf_ble_qwr.o(i.nrf_ble_qwr_conn_handle_assign)
    i.nrf_ble_qwr_init                       0x00028046   Section        0  nrf_ble_qwr.o(i.nrf_ble_qwr_init)
    i.nrf_ble_qwr_on_ble_evt                 0x0002806a   Section        0  nrf_ble_qwr.o(i.nrf_ble_qwr_on_ble_evt)
    i.nrf_clock_event_check                  0x00028120   Section        0  nrfx_clock.o(i.nrf_clock_event_check)
    nrf_clock_event_check                    0x00028121   Thumb Code    14  nrfx_clock.o(i.nrf_clock_event_check)
    i.nrf_clock_event_clear                  0x0002812e   Section        0  nrfx_clock.o(i.nrf_clock_event_clear)
    nrf_clock_event_clear                    0x0002812f   Thumb Code    16  nrfx_clock.o(i.nrf_clock_event_clear)
    i.nrf_drv_clock_init                     0x00028140   Section        0  nrf_drv_clock.o(i.nrf_drv_clock_init)
    i.nrf_drv_clock_lfclk_release            0x00028178   Section        0  nrf_drv_clock.o(i.nrf_drv_clock_lfclk_release)
    i.nrf_gpio_cfg                           0x000281a8   Section        0  boards.o(i.nrf_gpio_cfg)
    nrf_gpio_cfg                             0x000281a9   Thumb Code    50  boards.o(i.nrf_gpio_cfg)
    i.nrf_gpio_cfg                           0x000281da   Section        0  nrfx_gpiote.o(i.nrf_gpio_cfg)
    nrf_gpio_cfg                             0x000281db   Thumb Code    50  nrfx_gpiote.o(i.nrf_gpio_cfg)
    i.nrf_gpio_cfg_sense_set                 0x0002820c   Section        0  nrfx_gpiote.o(i.nrf_gpio_cfg_sense_set)
    nrf_gpio_cfg_sense_set                   0x0002820d   Thumb Code    48  nrfx_gpiote.o(i.nrf_gpio_cfg_sense_set)
    i.nrf_gpio_pin_port_decode               0x0002823c   Section        0  boards.o(i.nrf_gpio_pin_port_decode)
    nrf_gpio_pin_port_decode                 0x0002823d   Thumb Code    22  boards.o(i.nrf_gpio_pin_port_decode)
    i.nrf_gpio_pin_port_decode               0x00028258   Section        0  nrfx_gpiote.o(i.nrf_gpio_pin_port_decode)
    nrf_gpio_pin_port_decode                 0x00028259   Thumb Code    22  nrfx_gpiote.o(i.nrf_gpio_pin_port_decode)
    i.nrf_gpio_pin_read                      0x00028274   Section        0  nrfx_gpiote.o(i.nrf_gpio_pin_read)
    nrf_gpio_pin_read                        0x00028275   Thumb Code    22  nrfx_gpiote.o(i.nrf_gpio_pin_read)
    i.nrf_gpio_pin_write                     0x0002828a   Section        0  boards.o(i.nrf_gpio_pin_write)
    nrf_gpio_pin_write                       0x0002828b   Thumb Code    38  boards.o(i.nrf_gpio_pin_write)
    i.nrf_gpio_ports_read                    0x000282b0   Section        0  nrfx_gpiote.o(i.nrf_gpio_ports_read)
    nrf_gpio_ports_read                      0x000282b1   Thumb Code    38  nrfx_gpiote.o(i.nrf_gpio_ports_read)
    i.nrf_gpiote_event_clear                 0x000282dc   Section        0  nrfx_gpiote.o(i.nrf_gpiote_event_clear)
    nrf_gpiote_event_clear                   0x000282dd   Thumb Code    16  nrfx_gpiote.o(i.nrf_gpiote_event_clear)
    i.nrf_gpiote_event_is_set                0x000282f0   Section        0  nrfx_gpiote.o(i.nrf_gpiote_event_is_set)
    nrf_gpiote_event_is_set                  0x000282f1   Thumb Code    12  nrfx_gpiote.o(i.nrf_gpiote_event_is_set)
    i.nrf_pwr_mgmt_init                      0x00028300   Section        0  nrf_pwr_mgmt.o(i.nrf_pwr_mgmt_init)
    i.nrf_pwr_mgmt_run                       0x00028328   Section        0  nrf_pwr_mgmt.o(i.nrf_pwr_mgmt_run)
    i.nrf_qwr_error_handler                  0x0002836c   Section        0  main.o(i.nrf_qwr_error_handler)
    nrf_qwr_error_handler                    0x0002836d   Thumb Code     4  main.o(i.nrf_qwr_error_handler)
    i.nrf_saadc_buffer_init                  0x00028370   Section        0  nrfx_saadc.o(i.nrf_saadc_buffer_init)
    nrf_saadc_buffer_init                    0x00028371   Thumb Code    10  nrfx_saadc.o(i.nrf_saadc_buffer_init)
    i.nrf_saadc_channel_input_set            0x00028380   Section        0  nrfx_saadc.o(i.nrf_saadc_channel_input_set)
    nrf_saadc_channel_input_set              0x00028381   Thumb Code    16  nrfx_saadc.o(i.nrf_saadc_channel_input_set)
    i.nrf_saadc_event_check                  0x00028394   Section        0  nrfx_saadc.o(i.nrf_saadc_event_check)
    nrf_saadc_event_check                    0x00028395   Thumb Code    12  nrfx_saadc.o(i.nrf_saadc_event_check)
    i.nrf_saadc_event_clear                  0x000283a4   Section        0  nrfx_saadc.o(i.nrf_saadc_event_clear)
    nrf_saadc_event_clear                    0x000283a5   Thumb Code    16  nrfx_saadc.o(i.nrf_saadc_event_clear)
    i.nrf_sdh_ble_app_ram_start_get          0x000283b8   Section        0  nrf_sdh_ble.o(i.nrf_sdh_ble_app_ram_start_get)
    i.nrf_sdh_ble_default_cfg_set            0x000283cc   Section        0  nrf_sdh_ble.o(i.nrf_sdh_ble_default_cfg_set)
    i.nrf_sdh_ble_enable                     0x00028454   Section        0  nrf_sdh_ble.o(i.nrf_sdh_ble_enable)
    i.nrf_sdh_ble_evts_poll                  0x00028468   Section        0  nrf_sdh_ble.o(i.nrf_sdh_ble_evts_poll)
    nrf_sdh_ble_evts_poll                    0x00028469   Thumb Code    82  nrf_sdh_ble.o(i.nrf_sdh_ble_evts_poll)
    i.nrf_sdh_enable_request                 0x000284c4   Section        0  nrf_sdh.o(i.nrf_sdh_enable_request)
    i.nrf_sdh_evts_poll                      0x00028538   Section        0  nrf_sdh.o(i.nrf_sdh_evts_poll)
    i.nrf_sdh_is_enabled                     0x0002855c   Section        0  nrf_sdh.o(i.nrf_sdh_is_enabled)
    i.nrf_sdh_soc_evts_poll                  0x00028568   Section        0  nrf_sdh_soc.o(i.nrf_sdh_soc_evts_poll)
    nrf_sdh_soc_evts_poll                    0x00028569   Thumb Code    56  nrf_sdh_soc.o(i.nrf_sdh_soc_evts_poll)
    i.nrf_section_iter_init                  0x000285a4   Section        0  nrf_section_iter.o(i.nrf_section_iter_init)
    i.nrf_section_iter_item_set              0x000285ae   Section        0  nrf_section_iter.o(i.nrf_section_iter_item_set)
    nrf_section_iter_item_set                0x000285af   Thumb Code    36  nrf_section_iter.o(i.nrf_section_iter_item_set)
    i.nrf_section_iter_next                  0x000285d2   Section        0  nrf_section_iter.o(i.nrf_section_iter_next)
    i.nrf_timer_event_clear                  0x000285f2   Section        0  nrfx_timer.o(i.nrf_timer_event_clear)
    nrf_timer_event_clear                    0x000285f3   Thumb Code    12  nrfx_timer.o(i.nrf_timer_event_clear)
    i.nrfx_clock_enable                      0x00028600   Section        0  nrfx_clock.o(i.nrfx_clock_enable)
    i.nrfx_clock_init                        0x00028630   Section        0  nrfx_clock.o(i.nrfx_clock_init)
    i.nrfx_clock_lfclk_stop                  0x00028650   Section        0  nrfx_clock.o(i.nrfx_clock_lfclk_stop)
    i.nrfx_coredep_delay_us                  0x0002866c   Section        0  nrfx_saadc.o(i.nrfx_coredep_delay_us)
    nrfx_coredep_delay_us                    0x0002866d   Thumb Code    12  nrfx_saadc.o(i.nrfx_coredep_delay_us)
    i.nrfx_coredep_delay_us                  0x0002867c   Section        0  app_timer.o(i.nrfx_coredep_delay_us)
    nrfx_coredep_delay_us                    0x0002867d   Thumb Code    12  app_timer.o(i.nrfx_coredep_delay_us)
    i.nrfx_gpiote_in_event_disable           0x0002868c   Section        0  nrfx_gpiote.o(i.nrfx_gpiote_in_event_disable)
    i.nrfx_gpiote_in_event_enable            0x000286d4   Section        0  nrfx_gpiote.o(i.nrfx_gpiote_in_event_enable)
    i.nrfx_gpiote_in_init                    0x0002876c   Section        0  nrfx_gpiote.o(i.nrfx_gpiote_in_init)
    i.nrfx_gpiote_in_is_set                  0x00028840   Section        0  nrfx_gpiote.o(i.nrfx_gpiote_in_is_set)
    i.nrfx_gpiote_init                       0x00028850   Section        0  nrfx_gpiote.o(i.nrfx_gpiote_init)
    i.nrfx_gpiote_is_init                    0x000288c4   Section        0  nrfx_gpiote.o(i.nrfx_gpiote_is_init)
    i.nrfx_saadc_channel_init                0x000288d8   Section        0  nrfx_saadc.o(i.nrfx_saadc_channel_init)
    i.nrfx_saadc_init                        0x00028964   Section        0  nrfx_saadc.o(i.nrfx_saadc_init)
    i.nrfx_saadc_sample_convert              0x000289f4   Section        0  nrfx_saadc.o(i.nrfx_saadc_sample_convert)
    i.nrfx_timer_compare                     0x00028ab4   Section        0  nrfx_timer.o(i.nrfx_timer_compare)
    i.nrfx_timer_disable                     0x00028af0   Section        0  nrfx_timer.o(i.nrfx_timer_disable)
    i.nrfx_timer_enable                      0x00028b0c   Section        0  nrfx_timer.o(i.nrfx_timer_enable)
    i.nrfx_timer_extended_compare            0x00028b28   Section        0  nrfx_timer.o(i.nrfx_timer_extended_compare)
    i.nrfx_timer_init                        0x00028b54   Section        0  nrfx_timer.o(i.nrfx_timer_init)
    i.on_conn_params_evt                     0x00028c14   Section        0  main.o(i.on_conn_params_evt)
    on_conn_params_evt                       0x00028c15   Thumb Code    24  main.o(i.on_conn_params_evt)
    i.pin_in_use_by_port                     0x00028c30   Section        0  nrfx_gpiote.o(i.pin_in_use_by_port)
    pin_in_use_by_port                       0x00028c31   Thumb Code    20  nrfx_gpiote.o(i.pin_in_use_by_port)
    i.pin_in_use_by_te                       0x00028c48   Section        0  nrfx_gpiote.o(i.pin_in_use_by_te)
    pin_in_use_by_te                         0x00028c49   Thumb Code    20  nrfx_gpiote.o(i.pin_in_use_by_te)
    i.rtc1_stop                              0x00028c60   Section        0  app_timer.o(i.rtc1_stop)
    rtc1_stop                                0x00028c61   Thumb Code    52  app_timer.o(i.rtc1_stop)
    i.saadc_callback                         0x00028c9c   Section        0  main.o(i.saadc_callback)
    i.saadc_init                             0x00028ca0   Section        0  main.o(i.saadc_init)
    i.sd_state_evt_handler                   0x00028cd4   Section        0  nrf_drv_clock.o(i.sd_state_evt_handler)
    sd_state_evt_handler                     0x00028cd5   Thumb Code    76  nrf_drv_clock.o(i.sd_state_evt_handler)
    i.sdh_request_observer_notify            0x00028d24   Section        0  nrf_sdh.o(i.sdh_request_observer_notify)
    sdh_request_observer_notify              0x00028d25   Thumb Code    44  nrf_sdh.o(i.sdh_request_observer_notify)
    i.sdh_state_observer_notify              0x00028d54   Section        0  nrf_sdh.o(i.sdh_state_observer_notify)
    sdh_state_observer_notify                0x00028d55   Thumb Code    38  nrf_sdh.o(i.sdh_state_observer_notify)
    i.send_error_evt                         0x00028d80   Section        0  ble_conn_params.o(i.send_error_evt)
    send_error_evt                           0x00028d81   Thumb Code    12  ble_conn_params.o(i.send_error_evt)
    i.service_data_encode                    0x00028d90   Section        0  ble_advdata.o(i.service_data_encode)
    service_data_encode                      0x00028d91   Thumb Code   136  ble_advdata.o(i.service_data_encode)
    i.set_security_req                       0x00028e18   Section        0  ble_srv_common.o(i.set_security_req)
    set_security_req                         0x00028e19   Thumb Code    48  ble_srv_common.o(i.set_security_req)
    i.soc_evt_handler                        0x00028e48   Section        0  nrf_drv_clock.o(i.soc_evt_handler)
    soc_evt_handler                          0x00028e49   Thumb Code    18  nrf_drv_clock.o(i.soc_evt_handler)
    i.softdevices_evt_irq_enable             0x00028e60   Section        0  nrf_sdh.o(i.softdevices_evt_irq_enable)
    softdevices_evt_irq_enable               0x00028e61   Thumb Code    80  nrf_sdh.o(i.softdevices_evt_irq_enable)
    i.thi_monitor_handler                    0x00028eb8   Section        0  main.o(i.thi_monitor_handler)
    thi_monitor_handler                      0x00028eb9   Thumb Code    74  main.o(i.thi_monitor_handler)
    i.thi_monitor_timeout_handler            0x00028f0c   Section        0  main.o(i.thi_monitor_timeout_handler)
    thi_monitor_timeout_handler              0x00028f0d   Thumb Code    12  main.o(i.thi_monitor_timeout_handler)
    i.timer_list_handler                     0x00028f18   Section        0  app_timer.o(i.timer_list_handler)
    timer_list_handler                       0x00028f19   Thumb Code   122  app_timer.o(i.timer_list_handler)
    i.timer_list_insert                      0x00028f98   Section        0  app_timer.o(i.timer_list_insert)
    timer_list_insert                        0x00028f99   Thumb Code    56  app_timer.o(i.timer_list_insert)
    i.timer_list_remove                      0x00028fd4   Section        0  app_timer.o(i.timer_list_remove)
    timer_list_remove                        0x00028fd5   Thumb Code    88  app_timer.o(i.timer_list_remove)
    i.timer_stop_op_schedule                 0x00029034   Section        0  app_timer.o(i.timer_stop_op_schedule)
    timer_stop_op_schedule                   0x00029035   Thumb Code    68  app_timer.o(i.timer_stop_op_schedule)
    i.timer_timeouts_check                   0x0002907c   Section        0  app_timer.o(i.timer_timeouts_check)
    timer_timeouts_check                     0x0002907d   Thumb Code   106  app_timer.o(i.timer_timeouts_check)
    i.uint16_encode                          0x000290f0   Section        0  ble_advdata.o(i.uint16_encode)
    uint16_encode                            0x000290f1   Thumb Code    10  ble_advdata.o(i.uint16_encode)
    i.update_timeout_handler                 0x000290fc   Section        0  ble_conn_params.o(i.update_timeout_handler)
    update_timeout_handler                   0x000290fd   Thumb Code    98  ble_conn_params.o(i.update_timeout_handler)
    i.user_mem_reply                         0x00029164   Section        0  nrf_ble_qwr.o(i.user_mem_reply)
    user_mem_reply                           0x00029165   Thumb Code    36  nrf_ble_qwr.o(i.user_mem_reply)
    i.user_op_alloc                          0x00029188   Section        0  app_timer.o(i.user_op_alloc)
    user_op_alloc                            0x00029189   Thumb Code    42  app_timer.o(i.user_op_alloc)
    i.uuid_list_encode                       0x000291b8   Section        0  ble_advdata.o(i.uuid_list_encode)
    uuid_list_encode                         0x000291b9   Thumb Code    48  ble_advdata.o(i.uuid_list_encode)
    i.uuid_list_sized_encode                 0x000291e8   Section        0  ble_advdata.o(i.uuid_list_sized_encode)
    uuid_list_sized_encode                   0x000291e9   Thumb Code   158  ble_advdata.o(i.uuid_list_sized_encode)
    .constdata                               0x00029288   Section       33  main.o(.constdata)
    default_config                           0x00029288   Data           4  main.o(.constdata)
    m_timer                                  0x00029290   Data           8  main.o(.constdata)
    .constdata                               0x000292a9   Section        8  boards.o(.constdata)
    m_board_led_list                         0x000292a9   Data           4  boards.o(.constdata)
    m_board_btn_list                         0x000292ad   Data           4  boards.o(.constdata)
    .constdata                               0x000292b4   Section       22  nrf_ble_gatt.o(.constdata)
    .constdata                               0x000292cc   Section       16  ble_lbs.o(.constdata)
    .constdata                               0x000292dc   Section        8  nrfx_gpiote.o(.constdata)
    .constdata                               0x000292f0   Section        6  nrfx_saadc.o(.constdata)
    delay_bytecode                           0x000292f0   Data           6  nrfx_saadc.o(.constdata)
    .constdata                               0x000292f8   Section        8  app_button.o(.constdata)
    m_detection_delay_timer_id               0x000292fc   Data           4  app_button.o(.constdata)
    .constdata                               0x00029300   Section        6  app_timer.o(.constdata)
    delay_bytecode                           0x00029300   Data           6  app_timer.o(.constdata)
    .constdata                               0x00029308   Section       24  nrf_pwr_mgmt.o(.constdata)
    pwr_mgmt_data_array                      0x00029308   Data          24  nrf_pwr_mgmt.o(.constdata)
    .constdata                               0x00029320   Section       12  nrf_pwr_mgmt.o(.constdata)
    pwr_mgmt_data                            0x00029320   Data          12  nrf_pwr_mgmt.o(.constdata)
    .constdata                               0x0002932c   Section       16  nrf_sdh.o(.constdata)
    sdh_req_observers_array                  0x0002932c   Data          16  nrf_sdh.o(.constdata)
    .constdata                               0x0002933c   Section       40  nrf_sdh.o(.constdata)
    sdh_req_observers                        0x00029340   Data          12  nrf_sdh.o(.constdata)
    sdh_state_observers                      0x0002934c   Data          12  nrf_sdh.o(.constdata)
    sdh_stack_observers                      0x00029358   Data          12  nrf_sdh.o(.constdata)
    .constdata                               0x00029364   Section       16  nrf_sdh.o(.constdata)
    sdh_state_observers_array                0x00029364   Data          16  nrf_sdh.o(.constdata)
    .constdata                               0x00029374   Section       16  nrf_sdh.o(.constdata)
    sdh_stack_observers_array                0x00029374   Data          16  nrf_sdh.o(.constdata)
    .constdata                               0x00029384   Section       32  nrf_sdh_ble.o(.constdata)
    sdh_ble_observers_array                  0x00029384   Data          32  nrf_sdh_ble.o(.constdata)
    .constdata                               0x000293a4   Section       16  nrf_sdh_ble.o(.constdata)
    sdh_ble_observers                        0x000293a8   Data          12  nrf_sdh_ble.o(.constdata)
    .constdata                               0x000293b4   Section       16  nrf_sdh_soc.o(.constdata)
    sdh_soc_observers_array                  0x000293b4   Data          16  nrf_sdh_soc.o(.constdata)
    .constdata                               0x000293c4   Section       12  nrf_sdh_soc.o(.constdata)
    sdh_soc_observers                        0x000293c4   Data          12  nrf_sdh_soc.o(.constdata)
    sdh_ble_observers0                       0x000293f0   Section        8  ble_conn_state.o(sdh_ble_observers0)
    __tagsym$$used                           0x000293f0   Number         0  ble_conn_state.o(sdh_ble_observers0)
    m_ble_evt_observer                       0x000293f0   Data           8  ble_conn_state.o(sdh_ble_observers0)
    sdh_ble_observers1                       0x000293f8   Section        8  main.o(sdh_ble_observers1)
    __tagsym$$used                           0x000293f8   Number         0  main.o(sdh_ble_observers1)
    m_gatt_obs                               0x000293f8   Data           8  main.o(sdh_ble_observers1)
    sdh_ble_observers1                       0x00029400   Section        8  ble_conn_params.o(sdh_ble_observers1)
    __tagsym$$used                           0x00029400   Number         0  ble_conn_params.o(sdh_ble_observers1)
    m_ble_observer                           0x00029400   Data           8  ble_conn_params.o(sdh_ble_observers1)
    sdh_ble_observers2                       0x00029408   Section       16  main.o(sdh_ble_observers2)
    __tagsym$$used                           0x00029408   Number         0  main.o(sdh_ble_observers2)
    m_lbs_obs                                0x00029408   Data           8  main.o(sdh_ble_observers2)
    __tagsym$$used                           0x00029410   Number         0  main.o(sdh_ble_observers2)
    m_qwr_obs                                0x00029410   Data           8  main.o(sdh_ble_observers2)
    sdh_ble_observers3                       0x00029418   Section        8  main.o(sdh_ble_observers3)
    __tagsym$$used                           0x00029418   Number         0  main.o(sdh_ble_observers3)
    m_ble_observer                           0x00029418   Data           8  main.o(sdh_ble_observers3)
    sdh_soc_observers0                       0x00029420   Section        8  nrf_drv_clock.o(sdh_soc_observers0)
    __tagsym$$used                           0x00029420   Number         0  nrf_drv_clock.o(sdh_soc_observers0)
    m_soc_evt_observer                       0x00029420   Data           8  nrf_drv_clock.o(sdh_soc_observers0)
    sdh_stack_observers0                     0x00029428   Section        8  nrf_sdh_ble.o(sdh_stack_observers0)
    __tagsym$$used                           0x00029428   Number         0  nrf_sdh_ble.o(sdh_stack_observers0)
    m_nrf_sdh_ble_evts_poll                  0x00029428   Data           8  nrf_sdh_ble.o(sdh_stack_observers0)
    sdh_stack_observers0                     0x00029430   Section        8  nrf_sdh_soc.o(sdh_stack_observers0)
    __tagsym$$used                           0x00029430   Number         0  nrf_sdh_soc.o(sdh_stack_observers0)
    m_nrf_sdh_soc_evts_poll                  0x00029430   Data           8  nrf_sdh_soc.o(sdh_stack_observers0)
    sdh_state_observers0                     0x00029438   Section        8  nrf_drv_clock.o(sdh_state_observers0)
    __tagsym$$used                           0x00029438   Number         0  nrf_drv_clock.o(sdh_state_observers0)
    m_sd_state_observer                      0x00029438   Data           8  nrf_drv_clock.o(sdh_state_observers0)
    .data                                    0x200022e0   Section       36  main.o(.data)
    m_adv_handle                             0x200022e0   Data           1  main.o(.data)
    m_conn_handle                            0x200022e4   Data           2  main.o(.data)
    buttons                                  0x200022ec   Data           8  main.o(.data)
    m_adv_data                               0x200022f4   Data          16  main.o(.data)
    .data                                    0x20002304   Section        8  ble_conn_params.o(.data)
    m_preferred_conn_params                  0x20002304   Data           8  ble_conn_params.o(.data)
    .data                                    0x2000230c   Section        8  nrfx_clock.o(.data)
    m_clock_cb                               0x2000230c   Data           8  nrfx_clock.o(.data)
    .data                                    0x20002314   Section        8  nrfx_prs.o(.data)
    m_prs_box_4                              0x20002314   Data           8  nrfx_prs.o(.data)
    .data                                    0x20002320   Section       32  app_button.o(.data)
    m_button_count                           0x20002320   Data           1  app_button.o(.data)
    mp_buttons                               0x20002324   Data           4  app_button.o(.data)
    m_detection_delay                        0x20002328   Data           4  app_button.o(.data)
    m_pin_state                              0x20002330   Data           8  app_button.o(.data)
    m_pin_transition                         0x20002338   Data           8  app_button.o(.data)
    .data                                    0x20002340   Section       20  app_timer.o(.data)
    m_ticks_elapsed_q_read_ind               0x20002340   Data           1  app_timer.o(.data)
    m_ticks_elapsed_q_write_ind              0x20002341   Data           1  app_timer.o(.data)
    m_rtc1_running                           0x20002342   Data           1  app_timer.o(.data)
    m_rtc1_reset                             0x20002343   Data           1  app_timer.o(.data)
    mp_timer_id_head                         0x20002344   Data           4  app_timer.o(.data)
    m_ticks_latest                           0x20002348   Data           4  app_timer.o(.data)
    m_ticks_elapsed                          0x2000234c   Data           8  app_timer.o(.data)
    .data                                    0x20002354   Section        8  nrf_pwr_mgmt.o(.data)
    m_pwr_mgmt_evt                           0x20002354   Data           1  nrf_pwr_mgmt.o(.data)
    m_shutdown_started                       0x20002355   Data           1  nrf_pwr_mgmt.o(.data)
    m_sysoff_mtx                             0x20002358   Data           4  nrf_pwr_mgmt.o(.data)
    .data                                    0x2000235c   Section        3  nrf_sdh.o(.data)
    m_nrf_sdh_enabled                        0x2000235c   Data           1  nrf_sdh.o(.data)
    m_nrf_sdh_suspended                      0x2000235d   Data           1  nrf_sdh.o(.data)
    m_nrf_sdh_continue                       0x2000235e   Data           1  nrf_sdh.o(.data)
    .data                                    0x2000235f   Section        1  nrf_sdh_ble.o(.data)
    m_stack_is_enabled                       0x2000235f   Data           1  nrf_sdh_ble.o(.data)
    .data                                    0x20002360   Section        4  system_nrf52840.o(.data)
    __tagsym$$used                           0x20002360   Number         0  system_nrf52840.o(.data)
    .bss                                     0x20002364   Section       76  main.o(.bss)
    m_lbs                                    0x20002364   Data          24  main.o(.bss)
    m_gatt                                   0x2000237c   Data          20  main.o(.bss)
    m_qwr                                    0x20002390   Data          12  main.o(.bss)
    .bss                                     0x200023b0   Section       31  main.o(.bss)
    m_enc_advdata                            0x200023b0   Data          31  main.o(.bss)
    .bss                                     0x200023cf   Section       31  main.o(.bss)
    m_enc_scan_response_data                 0x200023cf   Data          31  main.o(.bss)
    .bss                                     0x200023f0   Section       80  ble_conn_params.o(.bss)
    m_timer_data                             0x200023f0   Data          32  ble_conn_params.o(.bss)
    m_conn_params_instances                  0x20002410   Data          20  ble_conn_params.o(.bss)
    m_conn_params_config                     0x20002424   Data          28  ble_conn_params.o(.bss)
    .bss                                     0x20002440   Section      120  ble_conn_state.o(.bss)
    m_bcs                                    0x20002440   Data         120  ble_conn_state.o(.bss)
    .bss                                     0x200024b8   Section       20  nrf_drv_clock.o(.bss)
    m_clock_cb                               0x200024b8   Data          20  nrf_drv_clock.o(.bss)
    .bss                                     0x200024cc   Section      108  nrfx_gpiote.o(.bss)
    m_cb                                     0x200024cc   Data         108  nrfx_gpiote.o(.bss)
    .bss                                     0x20002538   Section       48  nrfx_saadc.o(.bss)
    m_cb                                     0x20002538   Data          48  nrfx_saadc.o(.bss)
    .bss                                     0x20002568   Section       12  nrfx_timer.o(.bss)
    m_cb                                     0x20002568   Data          12  nrfx_timer.o(.bss)
    .bss                                     0x20002574   Section       32  app_button.o(.bss)
    m_detection_delay_timer_id_data          0x20002574   Data          32  app_button.o(.bss)
    .bss                                     0x20002594   Section      268  app_timer.o(.bss)
    m_op_queue                               0x20002594   Data         268  app_timer.o(.bss)
    .bss                                     0x200026a0   Section       12  app_util_platform.o(.bss)
    .bss                                     0x200026ac   Section       12  nrf_pwr_mgmt.o(.bss)
    m_handlers_iter                          0x200026ac   Data          12  nrf_pwr_mgmt.o(.bss)
    STACK                                    0x200026b8   Section     8192  arm_startup_nrf52840.o(STACK)

    Global Symbols

    Symbol Name                              Value     Ov Type        Size  Object(Section)

    BuildAttributes$$THM_ISAv4$E$P$D$K$B$S$7EM$VFPi3$EXTD16$VFPS$VFMA$PE$A:L22UL41UL21$X:L11$S22US41US21$IEEE1$IW$USESV6$~STKCKD$USESV7$~SHL$OSPACE$EBA8$MICROLIB$REQ8$EABIv2 0x00000000   Number         0  anon$$obj.o ABSOLUTE
    __ARM_use_no_argv                        0x00000000   Number         0  main.o ABSOLUTE
    __cpp_initialize__aeabi_                  - Undefined Weak Reference
    __cxa_finalize                            - Undefined Weak Reference
    __decompress                              - Undefined Weak Reference
    _clock_init                               - Undefined Weak Reference
    _microlib_exit                            - Undefined Weak Reference
    pwr_mgmt_data0$$Base                      - Undefined Reference
    pwr_mgmt_data0$$Limit                     - Undefined Reference
    pwr_mgmt_data1$$Base                      - Undefined Reference
    pwr_mgmt_data1$$Limit                     - Undefined Reference
    pwr_mgmt_data2$$Base                      - Undefined Reference
    pwr_mgmt_data2$$Limit                     - Undefined Reference
    sdh_req_observers0$$Base                  - Undefined Reference
    sdh_req_observers0$$Limit                 - Undefined Reference
    sdh_req_observers1$$Base                  - Undefined Reference
    sdh_req_observers1$$Limit                 - Undefined Reference
    sdh_soc_observers1$$Base                  - Undefined Reference
    sdh_soc_observers1$$Limit                 - Undefined Reference
    sdh_stack_observers1$$Base                - Undefined Reference
    sdh_stack_observers1$$Limit               - Undefined Reference
    sdh_state_observers1$$Base                - Undefined Reference
    sdh_state_observers1$$Limit               - Undefined Reference
    __Vectors_Size                           0x00000200   Number         0  arm_startup_nrf52840.o ABSOLUTE
    __Vectors                                0x00026000   Data           4  arm_startup_nrf52840.o(RESET)
    __Vectors_End                            0x00026200   Data           0  arm_startup_nrf52840.o(RESET)
    __main                                   0x00026201   Thumb Code     0  entry.o(.ARM.Collect$$$$00000000)
    _main_stk                                0x00026201   Thumb Code     0  entry2.o(.ARM.Collect$$$$00000001)
    _main_scatterload                        0x00026205   Thumb Code     0  entry5.o(.ARM.Collect$$$$00000004)
    __main_after_scatterload                 0x00026209   Thumb Code     0  entry5.o(.ARM.Collect$$$$00000004)
    _main_clock                              0x00026209   Thumb Code     0  entry7b.o(.ARM.Collect$$$$00000008)
    _main_cpp_init                           0x00026209   Thumb Code     0  entry8b.o(.ARM.Collect$$$$0000000A)
    _main_init                               0x00026209   Thumb Code     0  entry9a.o(.ARM.Collect$$$$0000000B)
    __rt_final_cpp                           0x00026211   Thumb Code     0  entry10a.o(.ARM.Collect$$$$0000000D)
    __rt_final_exit                          0x00026211   Thumb Code     0  entry11a.o(.ARM.Collect$$$$0000000F)
    __asm___12_nrf_atomic_c_85ca2469__nrf_atomic_internal_mov 0x00026215   Thumb Code    24  nrf_atomic.o(.emb_text)
    __asm___12_nrf_atomic_c_85ca2469__nrf_atomic_internal_orr 0x0002622d   Thumb Code    26  nrf_atomic.o(.emb_text)
    __asm___12_nrf_atomic_c_85ca2469__nrf_atomic_internal_and 0x00026247   Thumb Code    26  nrf_atomic.o(.emb_text)
    __asm___12_nrf_atomic_c_85ca2469__nrf_atomic_internal_eor 0x00026261   Thumb Code    26  nrf_atomic.o(.emb_text)
    __asm___12_nrf_atomic_c_85ca2469__nrf_atomic_internal_add 0x0002627b   Thumb Code    26  nrf_atomic.o(.emb_text)
    __asm___12_nrf_atomic_c_85ca2469__nrf_atomic_internal_sub 0x00026295   Thumb Code    26  nrf_atomic.o(.emb_text)
    __asm___12_nrf_atomic_c_85ca2469__nrf_atomic_internal_cmp_exch 0x000262af   Thumb Code    42  nrf_atomic.o(.emb_text)
    __asm___12_nrf_atomic_c_85ca2469__nrf_atomic_internal_sub_hs 0x000262d9   Thumb Code    30  nrf_atomic.o(.emb_text)
    Reset_Handler                            0x000262f9   Thumb Code     8  arm_startup_nrf52840.o(.text)
    NMI_Handler                              0x00026301   Thumb Code     2  arm_startup_nrf52840.o(.text)
    HardFault_Handler                        0x00026303   Thumb Code     2  arm_startup_nrf52840.o(.text)
    MemoryManagement_Handler                 0x00026305   Thumb Code     2  arm_startup_nrf52840.o(.text)
    BusFault_Handler                         0x00026307   Thumb Code     2  arm_startup_nrf52840.o(.text)
    UsageFault_Handler                       0x00026309   Thumb Code     2  arm_startup_nrf52840.o(.text)
    SVC_Handler                              0x0002630b   Thumb Code     2  arm_startup_nrf52840.o(.text)
    DebugMon_Handler                         0x0002630d   Thumb Code     2  arm_startup_nrf52840.o(.text)
    PendSV_Handler                           0x0002630f   Thumb Code     2  arm_startup_nrf52840.o(.text)
    SysTick_Handler                          0x00026311   Thumb Code     2  arm_startup_nrf52840.o(.text)
    CCM_AAR_IRQHandler                       0x00026313   Thumb Code     0  arm_startup_nrf52840.o(.text)
    COMP_LPCOMP_IRQHandler                   0x00026313   Thumb Code     0  arm_startup_nrf52840.o(.text)
    CRYPTOCELL_IRQHandler                    0x00026313   Thumb Code     0  arm_startup_nrf52840.o(.text)
    ECB_IRQHandler                           0x00026313   Thumb Code     0  arm_startup_nrf52840.o(.text)
    FPU_IRQHandler                           0x00026313   Thumb Code     0  arm_startup_nrf52840.o(.text)
    I2S_IRQHandler                           0x00026313   Thumb Code     0  arm_startup_nrf52840.o(.text)
    MWU_IRQHandler                           0x00026313   Thumb Code     0  arm_startup_nrf52840.o(.text)
    NFCT_IRQHandler                          0x00026313   Thumb Code     0  arm_startup_nrf52840.o(.text)
    PDM_IRQHandler                           0x00026313   Thumb Code     0  arm_startup_nrf52840.o(.text)
    PWM0_IRQHandler                          0x00026313   Thumb Code     0  arm_startup_nrf52840.o(.text)
    PWM1_IRQHandler                          0x00026313   Thumb Code     0  arm_startup_nrf52840.o(.text)
    PWM2_IRQHandler                          0x00026313   Thumb Code     0  arm_startup_nrf52840.o(.text)
    PWM3_IRQHandler                          0x00026313   Thumb Code     0  arm_startup_nrf52840.o(.text)
    QDEC_IRQHandler                          0x00026313   Thumb Code     0  arm_startup_nrf52840.o(.text)
    QSPI_IRQHandler                          0x00026313   Thumb Code     0  arm_startup_nrf52840.o(.text)
    RADIO_IRQHandler                         0x00026313   Thumb Code     0  arm_startup_nrf52840.o(.text)
    RNG_IRQHandler                           0x00026313   Thumb Code     0  arm_startup_nrf52840.o(.text)
    RTC0_IRQHandler                          0x00026313   Thumb Code     0  arm_startup_nrf52840.o(.text)
    RTC2_IRQHandler                          0x00026313   Thumb Code     0  arm_startup_nrf52840.o(.text)
    SPIM0_SPIS0_TWIM0_TWIS0_SPI0_TWI0_IRQHandler 0x00026313   Thumb Code     0  arm_startup_nrf52840.o(.text)
    SPIM1_SPIS1_TWIM1_TWIS1_SPI1_TWI1_IRQHandler 0x00026313   Thumb Code     0  arm_startup_nrf52840.o(.text)
    SPIM2_SPIS2_SPI2_IRQHandler              0x00026313   Thumb Code     0  arm_startup_nrf52840.o(.text)
    SPIM3_IRQHandler                         0x00026313   Thumb Code     0  arm_startup_nrf52840.o(.text)
    SWI1_EGU1_IRQHandler                     0x00026313   Thumb Code     0  arm_startup_nrf52840.o(.text)
    SWI3_EGU3_IRQHandler                     0x00026313   Thumb Code     0  arm_startup_nrf52840.o(.text)
    SWI4_EGU4_IRQHandler                     0x00026313   Thumb Code     0  arm_startup_nrf52840.o(.text)
    SWI5_EGU5_IRQHandler                     0x00026313   Thumb Code     0  arm_startup_nrf52840.o(.text)
    TEMP_IRQHandler                          0x00026313   Thumb Code     0  arm_startup_nrf52840.o(.text)
    TIMER0_IRQHandler                        0x00026313   Thumb Code     0  arm_startup_nrf52840.o(.text)
    TIMER1_IRQHandler                        0x00026313   Thumb Code     0  arm_startup_nrf52840.o(.text)
    TIMER3_IRQHandler                        0x00026313   Thumb Code     0  arm_startup_nrf52840.o(.text)
    TIMER4_IRQHandler                        0x00026313   Thumb Code     0  arm_startup_nrf52840.o(.text)
    UARTE1_IRQHandler                        0x00026313   Thumb Code     0  arm_startup_nrf52840.o(.text)
    USBD_IRQHandler                          0x00026313   Thumb Code     0  arm_startup_nrf52840.o(.text)
    WDT_IRQHandler                           0x00026313   Thumb Code     0  arm_startup_nrf52840.o(.text)
    __aeabi_llsl                             0x0002631d   Thumb Code    30  llshl.o(.text)
    _ll_shift_l                              0x0002631d   Thumb Code     0  llshl.o(.text)
    __aeabi_memcpy                           0x0002633b   Thumb Code    36  memcpya.o(.text)
    __aeabi_memcpy4                          0x0002633b   Thumb Code     0  memcpya.o(.text)
    __aeabi_memcpy8                          0x0002633b   Thumb Code     0  memcpya.o(.text)
    __aeabi_memset                           0x0002635f   Thumb Code    14  memseta.o(.text)
    __aeabi_memset4                          0x0002635f   Thumb Code     0  memseta.o(.text)
    __aeabi_memset8                          0x0002635f   Thumb Code     0  memseta.o(.text)
    __aeabi_memclr                           0x0002636d   Thumb Code     4  memseta.o(.text)
    __aeabi_memclr4                          0x0002636d   Thumb Code     0  memseta.o(.text)
    __aeabi_memclr8                          0x0002636d   Thumb Code     0  memseta.o(.text)
    _memset$wrapper                          0x00026371   Thumb Code    18  memseta.o(.text)
    __scatterload                            0x00026385   Thumb Code    28  init.o(.text)
    __scatterload_rt2                        0x00026385   Thumb Code     0  init.o(.text)
    GPIOTE_IRQHandler                        0x000263a9   Thumb Code   428  nrfx_gpiote.o(i.GPIOTE_IRQHandler)
    POWER_CLOCK_IRQHandler                   0x000265c1   Thumb Code    82  nrfx_clock.o(i.POWER_CLOCK_IRQHandler)
    RTC1_IRQHandler                          0x00026619   Thumb Code    32  app_timer.o(i.RTC1_IRQHandler)
    SAADC_IRQHandler                         0x0002663d   Thumb Code   320  nrfx_saadc.o(i.SAADC_IRQHandler)
    SWI0_EGU0_IRQHandler                     0x00026785   Thumb Code     4  app_timer.o(i.SWI0_EGU0_IRQHandler)
    SWI2_EGU2_IRQHandler                     0x00026789   Thumb Code     4  nrf_sdh.o(i.SWI2_EGU2_IRQHandler)
    SystemInit                               0x0002678d   Thumb Code   416  system_nrf52840.o(i.SystemInit)
    TIMER2_IRQHandler                        0x00026969   Thumb Code    70  nrfx_timer.o(i.TIMER2_IRQHandler)
    UARTE0_UART0_IRQHandler                  0x000269b9   Thumb Code     6  nrfx_prs.o(i.UARTE0_UART0_IRQHandler)
    __scatterload_copy                       0x000269c5   Thumb Code    14  handlers.o(i.__scatterload_copy)
    __scatterload_null                       0x000269d3   Thumb Code     2  handlers.o(i.__scatterload_null)
    __scatterload_zeroinit                   0x000269d5   Thumb Code    14  handlers.o(i.__scatterload_zeroinit)
    app_button_disable                       0x00026acd   Thumb Code    38  app_button.o(i.app_button_disable)
    app_button_enable                        0x00026afd   Thumb Code    32  app_button.o(i.app_button_enable)
    app_button_init                          0x00026b21   Thumb Code   102  app_button.o(i.app_button_init)
    app_error_fault_handler                  0x00026b99   Thumb Code    40  app_error_weak.o(i.app_error_fault_handler)
    app_error_handler_bare                   0x00026bc9   Thumb Code    22  app_error.o(i.app_error_handler_bare)
    app_timer_create                         0x00026be1   Thumb Code    32  app_timer.o(i.app_timer_create)
    app_timer_init                           0x00026c05   Thumb Code    70  app_timer.o(i.app_timer_init)
    app_timer_start                          0x00026c59   Thumb Code   128  app_timer.o(i.app_timer_start)
    app_timer_stop                           0x00026ce1   Thumb Code    26  app_timer.o(i.app_timer_stop)
    app_util_critical_region_enter           0x00026d01   Thumb Code    64  app_util_platform.o(i.app_util_critical_region_enter)
    app_util_critical_region_exit            0x00026d49   Thumb Code    46  app_util_platform.o(i.app_util_critical_region_exit)
    ble_advdata_encode                       0x00026d7d   Thumb Code   386  ble_advdata.o(i.ble_advdata_encode)
    ble_conn_params_init                     0x00026f01   Thumb Code    90  ble_conn_params.o(i.ble_conn_params_init)
    ble_lbs_init                             0x0002728d   Thumb Code   196  ble_lbs.o(i.ble_lbs_init)
    ble_lbs_on_ble_evt                       0x00027355   Thumb Code    46  ble_lbs.o(i.ble_lbs_on_ble_evt)
    ble_lbs_on_button_change1                0x00027383   Thumb Code    56  ble_lbs.o(i.ble_lbs_on_button_change1)
    ble_srv_is_notification_enabled          0x000273bb   Thumb Code     8  ble_srv_common.o(i.ble_srv_is_notification_enabled)
    bsp_board_init                           0x000273c5   Thumb Code    80  boards.o(i.bsp_board_init)
    bsp_board_led_off                        0x00027419   Thumb Code    10  boards.o(i.bsp_board_led_off)
    bsp_board_led_on                         0x00027429   Thumb Code    10  boards.o(i.bsp_board_led_on)
    bsp_board_leds_off                       0x00027439   Thumb Code    18  boards.o(i.bsp_board_leds_off)
    characteristic_add                       0x000274e5   Thumb Code   400  ble_srv_common.o(i.characteristic_add)
    conn_handle_list_get                     0x00027765   Thumb Code    62  ble_conn_state.o(i.conn_handle_list_get)
    main                                     0x00027b69   Thumb Code   386  main.o(i.main)
    nrf_atflags_clear                        0x00027e1f   Thumb Code    22  nrf_atflags.o(i.nrf_atflags_clear)
    nrf_atflags_get                          0x00027e35   Thumb Code    22  nrf_atflags.o(i.nrf_atflags_get)
    nrf_atflags_set                          0x00027e4b   Thumb Code    20  nrf_atflags.o(i.nrf_atflags_set)
    nrf_atomic_u32_and                       0x00027e5f   Thumb Code    12  nrf_atomic.o(i.nrf_atomic_u32_and)
    nrf_atomic_u32_or                        0x00027e6b   Thumb Code    12  nrf_atomic.o(i.nrf_atomic_u32_or)
    nrf_ble_gatt_init                        0x00027e9b   Thumb Code    34  nrf_ble_gatt.o(i.nrf_ble_gatt_init)
    nrf_ble_gatt_on_ble_evt                  0x00027ebd   Thumb Code   366  nrf_ble_gatt.o(i.nrf_ble_gatt_on_ble_evt)
    nrf_ble_qwr_conn_handle_assign           0x00028031   Thumb Code    22  nrf_ble_qwr.o(i.nrf_ble_qwr_conn_handle_assign)
    nrf_ble_qwr_init                         0x00028047   Thumb Code    36  nrf_ble_qwr.o(i.nrf_ble_qwr_init)
    nrf_ble_qwr_on_ble_evt                   0x0002806b   Thumb Code   182  nrf_ble_qwr.o(i.nrf_ble_qwr_on_ble_evt)
    nrf_drv_clock_init                       0x00028141   Thumb Code    48  nrf_drv_clock.o(i.nrf_drv_clock_init)
    nrf_drv_clock_lfclk_release              0x00028179   Thumb Code    42  nrf_drv_clock.o(i.nrf_drv_clock_lfclk_release)
    nrf_pwr_mgmt_init                        0x00028301   Thumb Code    28  nrf_pwr_mgmt.o(i.nrf_pwr_mgmt_init)
    nrf_pwr_mgmt_run                         0x00028329   Thumb Code    64  nrf_pwr_mgmt.o(i.nrf_pwr_mgmt_run)
    nrf_sdh_ble_app_ram_start_get            0x000283b9   Thumb Code    16  nrf_sdh_ble.o(i.nrf_sdh_ble_app_ram_start_get)
    nrf_sdh_ble_default_cfg_set              0x000283cd   Thumb Code   134  nrf_sdh_ble.o(i.nrf_sdh_ble_default_cfg_set)
    nrf_sdh_ble_enable                       0x00028455   Thumb Code    14  nrf_sdh_ble.o(i.nrf_sdh_ble_enable)
    nrf_sdh_enable_request                   0x000284c5   Thumb Code   102  nrf_sdh.o(i.nrf_sdh_enable_request)
    nrf_sdh_evts_poll                        0x00028539   Thumb Code    32  nrf_sdh.o(i.nrf_sdh_evts_poll)
    nrf_sdh_is_enabled                       0x0002855d   Thumb Code     6  nrf_sdh.o(i.nrf_sdh_is_enabled)
    nrf_section_iter_init                    0x000285a5   Thumb Code    10  nrf_section_iter.o(i.nrf_section_iter_init)
    nrf_section_iter_next                    0x000285d3   Thumb Code    32  nrf_section_iter.o(i.nrf_section_iter_next)
    nrfx_clock_enable                        0x00028601   Thumb Code    38  nrfx_clock.o(i.nrfx_clock_enable)
    nrfx_clock_init                          0x00028631   Thumb Code    26  nrfx_clock.o(i.nrfx_clock_init)
    nrfx_clock_lfclk_stop                    0x00028651   Thumb Code    20  nrfx_clock.o(i.nrfx_clock_lfclk_stop)
    nrfx_gpiote_in_event_disable             0x0002868d   Thumb Code    66  nrfx_gpiote.o(i.nrfx_gpiote_in_event_disable)
    nrfx_gpiote_in_event_enable              0x000286d5   Thumb Code   144  nrfx_gpiote.o(i.nrfx_gpiote_in_event_enable)
    nrfx_gpiote_in_init                      0x0002876d   Thumb Code   200  nrfx_gpiote.o(i.nrfx_gpiote_in_init)
    nrfx_gpiote_in_is_set                    0x00028841   Thumb Code    14  nrfx_gpiote.o(i.nrfx_gpiote_in_is_set)
    nrfx_gpiote_init                         0x00028851   Thumb Code   104  nrfx_gpiote.o(i.nrfx_gpiote_init)
    nrfx_gpiote_is_init                      0x000288c5   Thumb Code    14  nrfx_gpiote.o(i.nrfx_gpiote_is_init)
    nrfx_saadc_channel_init                  0x000288d9   Thumb Code   132  nrfx_saadc.o(i.nrfx_saadc_channel_init)
    nrfx_saadc_init                          0x00028965   Thumb Code   126  nrfx_saadc.o(i.nrfx_saadc_init)
    nrfx_saadc_sample_convert                0x000289f5   Thumb Code   182  nrfx_saadc.o(i.nrfx_saadc_sample_convert)
    nrfx_timer_compare                       0x00028ab5   Thumb Code    58  nrfx_timer.o(i.nrfx_timer_compare)
    nrfx_timer_disable                       0x00028af1   Thumb Code    22  nrfx_timer.o(i.nrfx_timer_disable)
    nrfx_timer_enable                        0x00028b0d   Thumb Code    24  nrfx_timer.o(i.nrfx_timer_enable)
    nrfx_timer_extended_compare              0x00028b29   Thumb Code    42  nrfx_timer.o(i.nrfx_timer_extended_compare)
    nrfx_timer_init                          0x00028b55   Thumb Code   188  nrfx_timer.o(i.nrfx_timer_init)
    saadc_callback                           0x00028c9d   Thumb Code     2  main.o(i.saadc_callback)
    saadc_init                               0x00028ca1   Thumb Code    44  main.o(i.saadc_init)
    m_ram_start                              0x000293a4   Data           4  nrf_sdh_ble.o(.constdata)
    Region$$Table$$Base                      0x000293d0   Number         0  anon$$obj.o(Region$$Table)
    Region$$Table$$Limit                     0x000293f0   Number         0  anon$$obj.o(Region$$Table)
    sdh_ble_observers0$$Base                 0x000293f0   Number         0  ble_conn_state.o(sdh_ble_observers0)
    sdh_ble_observers0$$Limit                0x000293f8   Number         0  ble_conn_state.o(sdh_ble_observers0)
    sdh_ble_observers1$$Base                 0x000293f8   Number         0  main.o(sdh_ble_observers1)
    sdh_ble_observers1$$Limit                0x00029408   Number         0  ble_conn_params.o(sdh_ble_observers1)
    sdh_ble_observers2$$Base                 0x00029408   Number         0  main.o(sdh_ble_observers2)
    sdh_ble_observers2$$Limit                0x00029418   Number         0  main.o(sdh_ble_observers2)
    sdh_ble_observers3$$Base                 0x00029418   Number         0  main.o(sdh_ble_observers3)
    sdh_ble_observers3$$Limit                0x00029420   Number         0  main.o(sdh_ble_observers3)
    sdh_soc_observers0$$Base                 0x00029420   Number         0  nrf_drv_clock.o(sdh_soc_observers0)
    sdh_soc_observers0$$Limit                0x00029428   Number         0  nrf_drv_clock.o(sdh_soc_observers0)
    sdh_stack_observers0$$Base               0x00029428   Number         0  nrf_sdh_ble.o(sdh_stack_observers0)
    sdh_stack_observers0$$Limit              0x00029438   Number         0  nrf_sdh_soc.o(sdh_stack_observers0)
    sdh_state_observers0$$Base               0x00029438   Number         0  nrf_drv_clock.o(sdh_state_observers0)
    sdh_state_observers0$$Limit              0x00029440   Number         0  nrf_drv_clock.o(sdh_state_observers0)
    Image$$RW_IRAM1$$Base                    0x200022e0   Number         0  anon$$obj.o ABSOLUTE
    flag_connect                             0x200022e1   Data           1  main.o(.data)
    flag_connect_change                      0x200022e2   Data           1  main.o(.data)
    counttx                                  0x200022e8   Data           4  main.o(.data)
    SystemCoreClock                          0x20002360   Data           4  system_nrf52840.o(.data)
    DataRead                                 0x2000239c   Data          20  main.o(.bss)
    nrf_nvic_state                           0x200026a0   Data          12  app_util_platform.o(.bss)
    __initial_sp                             0x200046b8   Data           0  arm_startup_nrf52840.o(STACK)



==============================================================================

Memory Map of the image

  Image Entry point : 0x00026201

  Load Region LR_IROM1 (Base: 0x00026000, Size: 0x000034c4, Max: 0x000da000, ABSOLUTE)

    Execution Region ER_IROM1 (Base: 0x00026000, Size: 0x00003440, Max: 0x000da000, ABSOLUTE)

    Base Addr    Size         Type   Attr      Idx    E Section Name        Object

    0x00026000   0x00000200   Data   RO         4384    RESET               arm_startup_nrf52840.o
    0x00026200   0x00000000   Code   RO         4425  * .ARM.Collect$$$$00000000  mc_w.l(entry.o)
    0x00026200   0x00000004   Code   RO         4449    .ARM.Collect$$$$00000001  mc_w.l(entry2.o)
    0x00026204   0x00000004   Code   RO         4452    .ARM.Collect$$$$00000004  mc_w.l(entry5.o)
    0x00026208   0x00000000   Code   RO         4454    .ARM.Collect$$$$00000008  mc_w.l(entry7b.o)
    0x00026208   0x00000000   Code   RO         4456    .ARM.Collect$$$$0000000A  mc_w.l(entry8b.o)
    0x00026208   0x00000008   Code   RO         4457    .ARM.Collect$$$$0000000B  mc_w.l(entry9a.o)
    0x00026210   0x00000000   Code   RO         4459    .ARM.Collect$$$$0000000D  mc_w.l(entry10a.o)
    0x00026210   0x00000000   Code   RO         4461    .ARM.Collect$$$$0000000F  mc_w.l(entry11a.o)
    0x00026210   0x00000004   Code   RO         4450    .ARM.Collect$$$$00002712  mc_w.l(entry2.o)
    0x00026214   0x000000e2   Code   RO         3177    .emb_text           nrf_atomic.o
    0x000262f6   0x00000002   PAD
    0x000262f8   0x00000024   Code   RO         4385    .text               arm_startup_nrf52840.o
    0x0002631c   0x0000001e   Code   RO         4433    .text               mc_w.l(llshl.o)
    0x0002633a   0x00000024   Code   RO         4435    .text               mc_w.l(memcpya.o)
    0x0002635e   0x00000024   Code   RO         4437    .text               mc_w.l(memseta.o)
    0x00026382   0x00000002   PAD
    0x00026384   0x00000024   Code   RO         4465    .text               mc_w.l(init.o)
    0x000263a8   0x000001b4   Code   RO         1537    i.GPIOTE_IRQHandler  nrfx_gpiote.o
    0x0002655c   0x00000016   Code   RO         2758    i.NVIC_ClearPendingIRQ  app_timer.o
    0x00026572   0x00000016   Code   RO         2759    i.NVIC_EnableIRQ    app_timer.o
    0x00026588   0x00000016   Code   RO         2760    i.NVIC_SetPendingIRQ  app_timer.o
    0x0002659e   0x00000020   Code   RO         2761    i.NVIC_SetPriority  app_timer.o
    0x000265be   0x00000002   PAD
    0x000265c0   0x00000058   Code   RO         1405    i.POWER_CLOCK_IRQHandler  nrfx_clock.o
    0x00026618   0x00000024   Code   RO         2762    i.RTC1_IRQHandler   app_timer.o
    0x0002663c   0x00000148   Code   RO         2267    i.SAADC_IRQHandler  nrfx_saadc.o
    0x00026784   0x00000004   Code   RO         2763    i.SWI0_EGU0_IRQHandler  app_timer.o
    0x00026788   0x00000004   Code   RO         4184    i.SWI2_EGU2_IRQHandler  nrf_sdh.o
    0x0002678c   0x000001dc   Code   RO         4393    i.SystemInit        system_nrf52840.o
    0x00026968   0x00000050   Code   RO         2416    i.TIMER2_IRQHandler  nrfx_timer.o
    0x000269b8   0x0000000c   Code   RO         1856    i.UARTE0_UART0_IRQHandler  nrfx_prs.o
    0x000269c4   0x0000000e   Code   RO         4469    i.__scatterload_copy  mc_w.l(handlers.o)
    0x000269d2   0x00000002   Code   RO         4470    i.__scatterload_null  mc_w.l(handlers.o)
    0x000269d4   0x0000000e   Code   RO         4471    i.__scatterload_zeroinit  mc_w.l(handlers.o)
    0x000269e2   0x00000002   PAD
    0x000269e4   0x00000024   Code   RO         4185    i.__sd_nvic_app_accessible_irq  nrf_sdh.o
    0x00026a08   0x000000a4   Code   RO            4    i.advertising_init  main.o
    0x00026aac   0x00000020   Code   RO            5    i.advertising_start  main.o
    0x00026acc   0x00000030   Code   RO         2542    i.app_button_disable  app_button.o
    0x00026afc   0x00000024   Code   RO         2543    i.app_button_enable  app_button.o
    0x00026b20   0x00000078   Code   RO         2544    i.app_button_init   app_button.o
    0x00026b98   0x00000030   Code   RO         2667    i.app_error_fault_handler  app_error_weak.o
    0x00026bc8   0x00000016   Code   RO         2607    i.app_error_handler_bare  app_error.o
    0x00026bde   0x00000002   PAD
    0x00026be0   0x00000024   Code   RO         2766    i.app_timer_create  app_timer.o
    0x00026c04   0x00000054   Code   RO         2767    i.app_timer_init    app_timer.o
    0x00026c58   0x00000088   Code   RO         2770    i.app_timer_start   app_timer.o
    0x00026ce0   0x00000020   Code   RO         2771    i.app_timer_stop    app_timer.o
    0x00026d00   0x00000048   Code   RO         2925    i.app_util_critical_region_enter  app_util_platform.o
    0x00026d48   0x00000034   Code   RO         2926    i.app_util_critical_region_exit  app_util_platform.o
    0x00026d7c   0x00000182   Code   RO          575    i.ble_advdata_encode  ble_advdata.o
    0x00026efe   0x00000002   PAD
    0x00026f00   0x00000068   Code   RO          703    i.ble_conn_params_init  ble_conn_params.o
    0x00026f68   0x00000060   Code   RO          581    i.ble_device_addr_encode  ble_advdata.o
    0x00026fc8   0x000000c4   Code   RO            7    i.ble_evt_handler   main.o
    0x0002708c   0x000000fc   Code   RO          705    i.ble_evt_handler   ble_conn_params.o
    0x00027188   0x00000104   Code   RO          810    i.ble_evt_handler   ble_conn_state.o
    0x0002728c   0x000000c8   Code   RO         1149    i.ble_lbs_init      ble_lbs.o
    0x00027354   0x0000002e   Code   RO         1151    i.ble_lbs_on_ble_evt  ble_lbs.o
    0x00027382   0x00000038   Code   RO         1153    i.ble_lbs_on_button_change1  ble_lbs.o
    0x000273ba   0x00000008   Code   RO          955    i.ble_srv_is_notification_enabled  ble_srv_common.o
    0x000273c2   0x00000002   PAD
    0x000273c4   0x00000054   Code   RO          381    i.bsp_board_init    boards.o
    0x00027418   0x00000010   Code   RO          384    i.bsp_board_led_off  boards.o
    0x00027428   0x00000010   Code   RO          385    i.bsp_board_led_on  boards.o
    0x00027438   0x00000012   Code   RO          387    i.bsp_board_leds_off  boards.o
    0x0002744a   0x00000024   Code   RO            8    i.button_event_handler  main.o
    0x0002746e   0x00000002   PAD
    0x00027470   0x0000001c   Code   RO         1538    i.channel_free      nrfx_gpiote.o
    0x0002748c   0x00000048   Code   RO         1539    i.channel_port_alloc  nrfx_gpiote.o
    0x000274d4   0x00000010   Code   RO         1540    i.channel_port_get  nrfx_gpiote.o
    0x000274e4   0x00000190   Code   RO          957    i.characteristic_add  ble_srv_common.o
    0x00027674   0x00000028   Code   RO         1201    i.clock_clk_started_notify  nrf_drv_clock.o
    0x0002769c   0x0000001c   Code   RO         1202    i.clock_irq_handler  nrf_drv_clock.o
    0x000276b8   0x000000ac   Code   RO         2773    i.compare_reg_update  app_timer.o
    0x00027764   0x0000003e   Code   RO          811    i.conn_handle_list_get  ble_conn_state.o
    0x000277a2   0x00000088   Code   RO          582    i.conn_int_encode   ble_advdata.o
    0x0002782a   0x00000004   Code   RO            9    i.conn_params_error_handler  main.o
    0x0002782e   0x00000002   PAD
    0x00027830   0x00000048   Code   RO          706    i.conn_params_negotiation  ble_conn_params.o
    0x00027878   0x0000001e   Code   RO         1015    i.data_length_update  nrf_ble_gatt.o
    0x00027896   0x00000002   PAD
    0x00027898   0x00000098   Code   RO         2546    i.detection_delay_timeout_handler  app_button.o
    0x00027930   0x00000040   Code   RO         2774    i.elapsed_ticks_acquire  app_timer.o
    0x00027970   0x00000084   Code   RO         2547    i.gpiote_event_handler  app_button.o
    0x000279f4   0x00000014   Code   RO          707    i.instance_get      ble_conn_params.o
    0x00027a08   0x00000044   Code   RO          708    i.is_conn_params_ok  ble_conn_params.o
    0x00027a4c   0x0000000e   Code   RO           10    i.led_write_handler  main.o
    0x00027a5a   0x00000014   Code   RO         1016    i.link_init         nrf_ble_gatt.o
    0x00027a6e   0x00000002   PAD
    0x00027a70   0x000000f8   Code   RO         2775    i.list_insertions_handler  app_timer.o
    0x00027b68   0x000001ac   Code   RO           11    i.main              main.o
    0x00027d14   0x00000064   Code   RO          583    i.manuf_specific_data_encode  ble_advdata.o
    0x00027d78   0x000000a6   Code   RO          584    i.name_encode       ble_advdata.o
    0x00027e1e   0x00000016   Code   RO         3111    i.nrf_atflags_clear  nrf_atflags.o
    0x00027e34   0x00000016   Code   RO         3116    i.nrf_atflags_get   nrf_atflags.o
    0x00027e4a   0x00000014   Code   RO         3118    i.nrf_atflags_set   nrf_atflags.o
    0x00027e5e   0x0000000c   Code   RO         3183    i.nrf_atomic_u32_and  nrf_atomic.o
    0x00027e6a   0x0000000c   Code   RO         3192    i.nrf_atomic_u32_or  nrf_atomic.o
    0x00027e76   0x00000010   Code   RO         1541    i.nrf_bitmask_bit_is_set  nrfx_gpiote.o
    0x00027e86   0x00000014   Code   RO         1542    i.nrf_bitmask_bit_set  nrfx_gpiote.o
    0x00027e9a   0x00000022   Code   RO         1022    i.nrf_ble_gatt_init  nrf_ble_gatt.o
    0x00027ebc   0x00000174   Code   RO         1023    i.nrf_ble_gatt_on_ble_evt  nrf_ble_gatt.o
    0x00028030   0x00000016   Code   RO         1105    i.nrf_ble_qwr_conn_handle_assign  nrf_ble_qwr.o
    0x00028046   0x00000024   Code   RO         1106    i.nrf_ble_qwr_init  nrf_ble_qwr.o
    0x0002806a   0x000000b6   Code   RO         1107    i.nrf_ble_qwr_on_ble_evt  nrf_ble_qwr.o
    0x00028120   0x0000000e   Code   RO         1406    i.nrf_clock_event_check  nrfx_clock.o
    0x0002812e   0x00000010   Code   RO         1407    i.nrf_clock_event_clear  nrfx_clock.o
    0x0002813e   0x00000002   PAD
    0x00028140   0x00000038   Code   RO         1209    i.nrf_drv_clock_init  nrf_drv_clock.o
    0x00028178   0x00000030   Code   RO         1213    i.nrf_drv_clock_lfclk_release  nrf_drv_clock.o
    0x000281a8   0x00000032   Code   RO          391    i.nrf_gpio_cfg      boards.o
    0x000281da   0x00000032   Code   RO         1543    i.nrf_gpio_cfg      nrfx_gpiote.o
    0x0002820c   0x00000030   Code   RO         1545    i.nrf_gpio_cfg_sense_set  nrfx_gpiote.o
    0x0002823c   0x0000001c   Code   RO          392    i.nrf_gpio_pin_port_decode  boards.o
    0x00028258   0x0000001c   Code   RO         1547    i.nrf_gpio_pin_port_decode  nrfx_gpiote.o
    0x00028274   0x00000016   Code   RO         1548    i.nrf_gpio_pin_read  nrfx_gpiote.o
    0x0002828a   0x00000026   Code   RO          393    i.nrf_gpio_pin_write  boards.o
    0x000282b0   0x0000002c   Code   RO         1550    i.nrf_gpio_ports_read  nrfx_gpiote.o
    0x000282dc   0x00000014   Code   RO         1551    i.nrf_gpiote_event_clear  nrfx_gpiote.o
    0x000282f0   0x00000010   Code   RO         1552    i.nrf_gpiote_event_is_set  nrfx_gpiote.o
    0x00028300   0x00000028   Code   RO         3514    i.nrf_pwr_mgmt_init  nrf_pwr_mgmt.o
    0x00028328   0x00000044   Code   RO         3515    i.nrf_pwr_mgmt_run  nrf_pwr_mgmt.o
    0x0002836c   0x00000004   Code   RO           12    i.nrf_qwr_error_handler  main.o
    0x00028370   0x00000010   Code   RO         2268    i.nrf_saadc_buffer_init  nrfx_saadc.o
    0x00028380   0x00000014   Code   RO         2269    i.nrf_saadc_channel_input_set  nrfx_saadc.o
    0x00028394   0x00000010   Code   RO         2270    i.nrf_saadc_event_check  nrfx_saadc.o
    0x000283a4   0x00000014   Code   RO         2271    i.nrf_saadc_event_clear  nrfx_saadc.o
    0x000283b8   0x00000014   Code   RO         4302    i.nrf_sdh_ble_app_ram_start_get  nrf_sdh_ble.o
    0x000283cc   0x00000086   Code   RO         4303    i.nrf_sdh_ble_default_cfg_set  nrf_sdh_ble.o
    0x00028452   0x00000002   PAD
    0x00028454   0x00000014   Code   RO         4304    i.nrf_sdh_ble_enable  nrf_sdh_ble.o
    0x00028468   0x0000005c   Code   RO         4305    i.nrf_sdh_ble_evts_poll  nrf_sdh_ble.o
    0x000284c4   0x00000074   Code   RO         4187    i.nrf_sdh_enable_request  nrf_sdh.o
    0x00028538   0x00000024   Code   RO         4188    i.nrf_sdh_evts_poll  nrf_sdh.o
    0x0002855c   0x0000000c   Code   RO         4189    i.nrf_sdh_is_enabled  nrf_sdh.o
    0x00028568   0x0000003c   Code   RO         4353    i.nrf_sdh_soc_evts_poll  nrf_sdh_soc.o
    0x000285a4   0x0000000a   Code   RO         3646    i.nrf_section_iter_init  nrf_section_iter.o
    0x000285ae   0x00000024   Code   RO         3647    i.nrf_section_iter_item_set  nrf_section_iter.o
    0x000285d2   0x00000020   Code   RO         3648    i.nrf_section_iter_next  nrf_section_iter.o
    0x000285f2   0x0000000c   Code   RO         2417    i.nrf_timer_event_clear  nrfx_timer.o
    0x000285fe   0x00000002   PAD
    0x00028600   0x00000030   Code   RO         1412    i.nrfx_clock_enable  nrfx_clock.o
    0x00028630   0x00000020   Code   RO         1415    i.nrfx_clock_init   nrfx_clock.o
    0x00028650   0x0000001c   Code   RO         1418    i.nrfx_clock_lfclk_stop  nrfx_clock.o
    0x0002866c   0x00000010   Code   RO         2273    i.nrfx_coredep_delay_us  nrfx_saadc.o
    0x0002867c   0x00000010   Code   RO         2776    i.nrfx_coredep_delay_us  app_timer.o
    0x0002868c   0x00000048   Code   RO         1556    i.nrfx_gpiote_in_event_disable  nrfx_gpiote.o
    0x000286d4   0x00000098   Code   RO         1557    i.nrfx_gpiote_in_event_enable  nrfx_gpiote.o
    0x0002876c   0x000000d4   Code   RO         1558    i.nrfx_gpiote_in_init  nrfx_gpiote.o
    0x00028840   0x0000000e   Code   RO         1559    i.nrfx_gpiote_in_is_set  nrfx_gpiote.o
    0x0002884e   0x00000002   PAD
    0x00028850   0x00000074   Code   RO         1561    i.nrfx_gpiote_init  nrfx_gpiote.o
    0x000288c4   0x00000014   Code   RO         1562    i.nrfx_gpiote_is_init  nrfx_gpiote.o
    0x000288d8   0x0000008c   Code   RO         2277    i.nrfx_saadc_channel_init  nrfx_saadc.o
    0x00028964   0x00000090   Code   RO         2279    i.nrfx_saadc_init   nrfx_saadc.o
    0x000289f4   0x000000c0   Code   RO         2283    i.nrfx_saadc_sample_convert  nrfx_saadc.o
    0x00028ab4   0x0000003a   Code   RO         2420    i.nrfx_timer_compare  nrfx_timer.o
    0x00028aee   0x00000002   PAD
    0x00028af0   0x0000001c   Code   RO         2423    i.nrfx_timer_disable  nrfx_timer.o
    0x00028b0c   0x0000001c   Code   RO         2424    i.nrfx_timer_enable  nrfx_timer.o
    0x00028b28   0x0000002a   Code   RO         2425    i.nrfx_timer_extended_compare  nrfx_timer.o
    0x00028b52   0x00000002   PAD
    0x00028b54   0x000000c0   Code   RO         2427    i.nrfx_timer_init   nrfx_timer.o
    0x00028c14   0x0000001c   Code   RO           13    i.on_conn_params_evt  main.o
    0x00028c30   0x00000018   Code   RO         1578    i.pin_in_use_by_port  nrfx_gpiote.o
    0x00028c48   0x00000018   Code   RO         1579    i.pin_in_use_by_te  nrfx_gpiote.o
    0x00028c60   0x0000003c   Code   RO         2777    i.rtc1_stop         app_timer.o
    0x00028c9c   0x00000002   Code   RO           14    i.saadc_callback    main.o
    0x00028c9e   0x00000002   PAD
    0x00028ca0   0x00000034   Code   RO           15    i.saadc_init        main.o
    0x00028cd4   0x00000050   Code   RO         1216    i.sd_state_evt_handler  nrf_drv_clock.o
    0x00028d24   0x00000030   Code   RO         4194    i.sdh_request_observer_notify  nrf_sdh.o
    0x00028d54   0x0000002c   Code   RO         4195    i.sdh_state_observer_notify  nrf_sdh.o
    0x00028d80   0x00000010   Code   RO          709    i.send_error_evt    ble_conn_params.o
    0x00028d90   0x00000088   Code   RO          585    i.service_data_encode  ble_advdata.o
    0x00028e18   0x00000030   Code   RO          959    i.set_security_req  ble_srv_common.o
    0x00028e48   0x00000018   Code   RO         1217    i.soc_evt_handler   nrf_drv_clock.o
    0x00028e60   0x00000058   Code   RO         4197    i.softdevices_evt_irq_enable  nrf_sdh.o
    0x00028eb8   0x00000054   Code   RO           16    i.thi_monitor_handler  main.o
    0x00028f0c   0x0000000c   Code   RO           17    i.thi_monitor_timeout_handler  main.o
    0x00028f18   0x00000080   Code   RO         2778    i.timer_list_handler  app_timer.o
    0x00028f98   0x0000003c   Code   RO         2779    i.timer_list_insert  app_timer.o
    0x00028fd4   0x00000060   Code   RO         2780    i.timer_list_remove  app_timer.o
    0x00029034   0x00000048   Code   RO         2781    i.timer_stop_op_schedule  app_timer.o
    0x0002907c   0x00000074   Code   RO         2782    i.timer_timeouts_check  app_timer.o
    0x000290f0   0x0000000a   Code   RO          586    i.uint16_encode     ble_advdata.o
    0x000290fa   0x00000002   PAD
    0x000290fc   0x00000068   Code   RO          710    i.update_timeout_handler  ble_conn_params.o
    0x00029164   0x00000024   Code   RO         1108    i.user_mem_reply    nrf_ble_qwr.o
    0x00029188   0x00000030   Code   RO         2783    i.user_op_alloc     app_timer.o
    0x000291b8   0x00000030   Code   RO          587    i.uuid_list_encode  ble_advdata.o
    0x000291e8   0x0000009e   Code   RO          588    i.uuid_list_sized_encode  ble_advdata.o
    0x00029286   0x00000002   PAD
    0x00029288   0x00000021   Data   RO           21    .constdata          main.o
    0x000292a9   0x00000008   Data   RO          394    .constdata          boards.o
    0x000292b1   0x00000003   PAD
    0x000292b4   0x00000016   Data   RO         1024    .constdata          nrf_ble_gatt.o
    0x000292ca   0x00000002   PAD
    0x000292cc   0x00000010   Data   RO         1154    .constdata          ble_lbs.o
    0x000292dc   0x00000008   Data   RO         1581    .constdata          nrfx_gpiote.o
    0x000292e4   0x0000000c   PAD
    0x000292f0   0x00000006   Data   RO         2287    .constdata          nrfx_saadc.o
    0x000292f6   0x00000002   PAD
    0x000292f8   0x00000008   Data   RO         2549    .constdata          app_button.o
    0x00029300   0x00000006   Data   RO         2785    .constdata          app_timer.o
    0x00029306   0x00000002   PAD
    0x00029308   0x00000018   Data   RO         3519    .constdata          nrf_pwr_mgmt.o
    0x00029320   0x0000000c   Data   RO         3520    .constdata          nrf_pwr_mgmt.o
    0x0002932c   0x00000010   Data   RO         4198    .constdata          nrf_sdh.o
    0x0002933c   0x00000028   Data   RO         4199    .constdata          nrf_sdh.o
    0x00029364   0x00000010   Data   RO         4200    .constdata          nrf_sdh.o
    0x00029374   0x00000010   Data   RO         4201    .constdata          nrf_sdh.o
    0x00029384   0x00000020   Data   RO         4306    .constdata          nrf_sdh_ble.o
    0x000293a4   0x00000010   Data   RO         4307    .constdata          nrf_sdh_ble.o
    0x000293b4   0x00000010   Data   RO         4354    .constdata          nrf_sdh_soc.o
    0x000293c4   0x0000000c   Data   RO         4355    .constdata          nrf_sdh_soc.o
    0x000293d0   0x00000020   Data   RO         4467    Region$$Table       anon$$obj.o
    0x000293f0   0x00000008   Data   RO          815    sdh_ble_observers0  ble_conn_state.o
    0x000293f8   0x00000008   Data   RO           24    sdh_ble_observers1  main.o
    0x00029400   0x00000008   Data   RO          713    sdh_ble_observers1  ble_conn_params.o
    0x00029408   0x00000010   Data   RO           25    sdh_ble_observers2  main.o
    0x00029418   0x00000008   Data   RO           26    sdh_ble_observers3  main.o
    0x00029420   0x00000008   Data   RO         1223    sdh_soc_observers0  nrf_drv_clock.o
    0x00029428   0x00000008   Data   RO         4309    sdh_stack_observers0  nrf_sdh_ble.o
    0x00029430   0x00000008   Data   RO         4356    sdh_stack_observers0  nrf_sdh_soc.o
    0x00029438   0x00000008   Data   RO         1224    sdh_state_observers0  nrf_drv_clock.o


    Execution Region RW_IRAM1 (Base: 0x200022e0, Size: 0x000023d8, Max: 0x0003dd20, ABSOLUTE)

    Base Addr    Size         Type   Attr      Idx    E Section Name        Object

    0x200022e0   0x00000024   Data   RW           22    .data               main.o
    0x20002304   0x00000008   Data   RW          712    .data               ble_conn_params.o
    0x2000230c   0x00000008   Data   RW         1422    .data               nrfx_clock.o
    0x20002314   0x00000008   Data   RW         1861    .data               nrfx_prs.o
    0x2000231c   0x00000004   PAD
    0x20002320   0x00000020   Data   RW         2550    .data               app_button.o
    0x20002340   0x00000014   Data   RW         2786    .data               app_timer.o
    0x20002354   0x00000008   Data   RW         3521    .data               nrf_pwr_mgmt.o
    0x2000235c   0x00000003   Data   RW         4202    .data               nrf_sdh.o
    0x2000235f   0x00000001   Data   RW         4308    .data               nrf_sdh_ble.o
    0x20002360   0x00000004   Data   RW         4394    .data               system_nrf52840.o
    0x20002364   0x0000004c   Zero   RW           18    .bss                main.o
    0x200023b0   0x0000001f   Zero   RW           19    .bss                main.o
    0x200023cf   0x0000001f   Zero   RW           20    .bss                main.o
    0x200023ee   0x00000002   PAD
    0x200023f0   0x00000050   Zero   RW          711    .bss                ble_conn_params.o
    0x20002440   0x00000078   Zero   RW          814    .bss                ble_conn_state.o
    0x200024b8   0x00000014   Zero   RW         1218    .bss                nrf_drv_clock.o
    0x200024cc   0x0000006c   Zero   RW         1580    .bss                nrfx_gpiote.o
    0x20002538   0x00000030   Zero   RW         2286    .bss                nrfx_saadc.o
    0x20002568   0x0000000c   Zero   RW         2432    .bss                nrfx_timer.o
    0x20002574   0x00000020   Zero   RW         2548    .bss                app_button.o
    0x20002594   0x0000010c   Zero   RW         2784    .bss                app_timer.o
    0x200026a0   0x0000000c   Zero   RW         2931    .bss                app_util_platform.o
    0x200026ac   0x0000000c   Zero   RW         3518    .bss                nrf_pwr_mgmt.o
    0x200026b8   0x00002000   Zero   RW         4382    STACK               arm_startup_nrf52840.o


==============================================================================

Image component sizes


      Code (inc. data)   RO Data    RW Data    ZI Data      Debug   Object Name

       488         46          8         32         32      13911   app_button.o
        22          0          0          0          0       2477   app_error.o
        48          8          0          0          0      30593   app_error_weak.o
      1506        118          6         20        268      48147   app_timer.o
       124         14          0          0         12       9650   app_util_platform.o
        36          8        512          0       8192        948   arm_startup_nrf52840.o
      1236          0          0          0          0      96811   ble_advdata.o
       636         44          8          8         80      14587   ble_conn_params.o
       322          6          8          0        120       5573   ble_conn_state.o
       302          4         16          0          0       5204   ble_lbs.o
       456          6          0          0          0       3419   ble_srv_common.o
       250         22          8          0          0      46117   boards.o
      1056         94         65         36        138     182109   main.o
        64          0          0          0          0       3012   nrf_atflags.o
       250          0          0          0          0       3748   nrf_atomic.o
       456          6         22          0          0      34686   nrf_ble_gatt.o
       276          0          0          0          0       6273   nrf_ble_qwr.o
       276         34         16          0         20      39342   nrf_drv_clock.o
       108         16         36          8         12      36305   nrf_pwr_mgmt.o
       384         46         88          3          0      39271   nrf_sdh.o
       266         20         56          1          0       5619   nrf_sdh_ble.o
        60          4         36          0          0       2388   nrf_sdh_soc.o
        78          0          0          0          0       2832   nrf_section_iter.o
       226         30          0          8          0      39896   nrfx_clock.o
      1450         98          8          0        108      60811   nrfx_gpiote.o
        12          6          0          8          0       2070   nrfx_prs.o
       892         66          6          0         48      18556   nrfx_saadc.o
       440         24          0          0         12      15166   nrfx_timer.o
         0          0          0          0          0       4740   nrfx_uart.o
       476         60          0          4          0       2387   system_nrf52840.o

    ----------------------------------------------------------------------
     12232        780        952        132       9044     776648   Object Totals
         0          0         32          0          0          0   (incl. Generated)
        36          0         21          4          2          0   (incl. Padding)

    ----------------------------------------------------------------------

      Code (inc. data)   RO Data    RW Data    ZI Data      Debug   Library Member Name

         0          0          0          0          0          0   entry.o
         0          0          0          0          0          0   entry10a.o
         0          0          0          0          0          0   entry11a.o
         8          4          0          0          0          0   entry2.o
         4          0          0          0          0          0   entry5.o
         0          0          0          0          0          0   entry7b.o
         0          0          0          0          0          0   entry8b.o
         8          4          0          0          0          0   entry9a.o
        30          0          0          0          0          0   handlers.o
        36          8          0          0          0         68   init.o
        30          0          0          0          0         68   llshl.o
        36          0          0          0          0         68   memcpya.o
        36          0          0          0          0        108   memseta.o

    ----------------------------------------------------------------------
       192         16          0          0          0        312   Library Totals
         4          0          0          0          0          0   (incl. Padding)

    ----------------------------------------------------------------------

      Code (inc. data)   RO Data    RW Data    ZI Data      Debug   Library Name

       188         16          0          0          0        312   mc_w.l

    ----------------------------------------------------------------------
       192         16          0          0          0        312   Library Totals

    ----------------------------------------------------------------------

==============================================================================


      Code (inc. data)   RO Data    RW Data    ZI Data      Debug   

     12424        796        952        132       9044     761860   Grand Totals
     12424        796        952        132       9044     761860   ELF Image Totals
     12424        796        952        132          0          0   ROM Totals

==============================================================================

    Total RO  Size (Code + RO Data)                13376 (  13.06kB)
    Total RW  Size (RW Data + ZI Data)              9176 (   8.96kB)
    Total ROM Size (Code + RO Data + RW Data)      13508 (  13.19kB)

==============================================================================

