<html>
<body>
<pre>
<h1>µVision Build Log</h1>
<h2>Tool Versions:</h2>
IDE-Version: ¦ÌVision V5.18a
Copyright (C) 2016 ARM Ltd and ARM Germany GmbH. All rights reserved.
License Information: mao xinxin, thu, LIC=03C6R-KVYMR-2ZPW4-FYXN0-6JJCT-BE638
 
Tool Versions:
Toolchain:       MDK-ARM Standard  Version: 5.18a
Toolchain Path:  C:\Keil_v5\ARM\ARMCC\Bin
C Compiler:      Armcc.exe V5.06 update 1 (build 61)
Assembler:       Armasm.exe V5.06 update 1 (build 61)
Linker/Locator:  ArmLink.exe V5.06 update 1 (build 61)
Library Manager: ArmAr.exe V5.06 update 1 (build 61)
Hex Converter:   FromElf.exe V5.06 update 1 (build 61)
CPU DLL:         
Dialog DLL:      
Target DLL:      Segger\JL2CM3.dll V2.99.19.0
Dialog DLL:      TCM.DLL V1.14.8.0
 
<h2>Project:</h2>
C:\Users\maoxi\Desktop\nRF52832\BLEproject\ECG_1_4\ECG_slave\examples\ble_peripheral\ble_app_blinky\pca10056\s140\arm5_no_packs\ble_app_blinky_pca10056_s140.uvprojx
Project File Date:  05/08/2024

<h2>Output:</h2>
*** Using Compiler 'V5.06 update 1 (build 61)', folder: 'C:\Keil_v5\ARM\ARMCC\Bin'
Build target 'nrf52840_xxaa'
compiling ble_lbs.c...
compiling nrf_ble_gatt.c...
compiling ble_conn_params.c...
compiling ble_advdata.c...
compiling nrf_ble_qwr.c...
compiling ble_conn_state.c...
compiling nrf_drv_clock.c...
compiling nrfx_power_clock.c...
compiling boards.c...
compiling nrf_drv_uart.c...
compiling nrfx_prs.c...
compiling nrfx_gpiote.c...
compiling nrfx_uart.c...
compiling nrfx_clock.c...
compiling main.c...
..\..\..\main.c(586): warning:  #550-D: variable "err_code" was set but never used
          uint32_t err_code;
..\..\..\main.c: 1 warning, 0 errors
compiling app_error_handler_keil.c...
compiling app_scheduler.c...
compiling nrf_fprintf.c...
compiling nrf_atfifo.c...
compiling nrf_atflags.c...
compiling hardfault_implementation.c...
compiling nrf_atomic.c...
compiling nrf_fprintf_format.c...
compiling nrf_balloc.c...
compiling nrfx_saadc.c...
compiling app_error_weak.c...
compiling nrfx_uarte.c...
compiling app_button.c...
compiling nrfx_timer.c...
compiling app_timer.c...
compiling nrf_section_iter.c...
compiling nrf_log_backend_rtt.c...
compiling nrf_ringbuf.c...
compiling nrf_log_backend_uart.c...
compiling nrf_strerror.c...
compiling nrf_memobj.c...
compiling nrf_log_frontend.c...
compiling nrf_log_backend_serial.c...
compiling nrf_log_default_backends.c...
compiling nrf_log_str_formatter.c...
compiling SEGGER_RTT_printf.c...
compiling SEGGER_RTT_Syscalls_KEIL.c...
compiling SEGGER_RTT.c...
compiling nrf_sdh.c...
compiling nrf_pwr_mgmt.c...
compiling nrf_sdh_soc.c...
compiling nrf_sdh_ble.c...
linking...
Program Size: Code=12424 RO-data=952 RW-data=132 ZI-data=9044  
FromELF: creating hex file...
".\_build\nrf52840_xxaa.axf" - 0 Error(s), 1 Warning(s).

<h2>Software Packages used:</h2>

Package Vendor: ARM
                http://www.keil.com/pack/ARM.CMSIS.4.5.0.pack
                ARM::CMSIS:CORE:4.3.0
                CMSIS (Cortex Microcontroller Software Interface Standard)
   * Component: CORE Version: 4.3.0

Package Vendor: NordicSemiconductor
                http://developer.nordicsemi.com/nRF5_SDK/pieces/nRF_DeviceFamilyPack/NordicSemiconductor.nRF_DeviceFamilyPack.8.17.0.pack
                NordicSemiconductor::Device:Startup:8.17.0
                Nordic Semiconductor nRF ARM devices Device Family Pack.
   * Component: Startup Version: 8.17.0

<h2>Collection of Component include folders:</h2>
  C:\Users\maoxi\Desktop\nRF52832\BLEproject\ECG_1_4\ECG_slave\examples\ble_peripheral\ble_app_blinky\pca10056\s140\arm5_no_packs\RTE
  C:\Keil_v5\ARM\PACK\ARM\CMSIS\4.5.0\CMSIS\Include
  C:\Keil_v5\ARM\PACK\NordicSemiconductor\nRF_DeviceFamilyPack\8.17.0\Device\Include
  C:\Keil_v5\ARM\PACK\NordicSemiconductor\nRF_DeviceFamilyPack\8.42.0\Device\Include

<h2>Collection of Component Files used:</h2>

   * Component: ARM::CMSIS:CORE:4.3.0

   * Component: NordicSemiconductor::Device:Startup:8.17.0
      Source file:   Device\Source\system_nrf52840.c
      Source file:   Device\Source\arm\arm_startup_nrf52840.s
      Include file:  Device\Include\system_nrf52840.h
Build Time Elapsed:  00:00:25
</pre>
</body>
</html>
